../Core/Src/stm32f1xx_hal_msp.c:64:6:HAL_MspInit	8	static
../Core/Src/stm32f1xx_hal_msp.c:90:6:HAL_ADC_MspInit	48	static
../Core/Src/stm32f1xx_hal_msp.c:148:6:HAL_ADC_MspDeInit	0	static
../Core/Src/stm32f1xx_hal_msp.c:211:6:HAL_I2C_MspInit	32	static
../Core/Src/stm32f1xx_hal_msp.c:245:6:HAL_I2C_MspDeInit	8	static
../Core/Src/stm32f1xx_hal_msp.c:276:6:HAL_TIM_Encoder_MspInit	32	static
../Core/Src/stm32f1xx_hal_msp.c:310:6:HAL_TIM_Encoder_MspDeInit	0	static
../Core/Src/stm32f1xx_hal_msp.c:339:6:HAL_UART_MspInit	32	static
../Core/Src/stm32f1xx_hal_msp.c:378:6:HAL_UART_MspDeInit	0	static
