Archive member included to satisfy reference by file (symbol)

/usr/lib/gcc/arm-none-eabi/13.2.1/../../../arm-none-eabi/lib/thumb/v7-m/nofp/libc_nano.a(libc_a-init.o)
                              /usr/lib/gcc/arm-none-eabi/13.2.1/../../../arm-none-eabi/lib/thumb/v7-m/nofp/crt0.o (__libc_init_array)
/usr/lib/gcc/arm-none-eabi/13.2.1/../../../arm-none-eabi/lib/thumb/v7-m/nofp/libc_nano.a(libc_a-memset.o)
                              /usr/lib/gcc/arm-none-eabi/13.2.1/../../../arm-none-eabi/lib/thumb/v7-m/nofp/crt0.o (memset)
/usr/lib/gcc/arm-none-eabi/13.2.1/../../../arm-none-eabi/lib/thumb/v7-m/nofp/libc_nano.a(libc_a-errno.o)
                              build/sysmem.o (__errno)
/usr/lib/gcc/arm-none-eabi/13.2.1/../../../arm-none-eabi/lib/thumb/v7-m/nofp/libc_nano.a(libc_a-memcpy.o)
                              build/queue.o (memcpy)
/usr/lib/gcc/arm-none-eabi/13.2.1/../../../arm-none-eabi/lib/thumb/v7-m/nofp/libc_nano.a(libc_a-exit.o)
                              /usr/lib/gcc/arm-none-eabi/13.2.1/../../../arm-none-eabi/lib/thumb/v7-m/nofp/crt0.o (exit)
/usr/lib/gcc/arm-none-eabi/13.2.1/../../../arm-none-eabi/lib/thumb/v7-m/nofp/libc_nano.a(libc_a-atexit.o)
                              /usr/lib/gcc/arm-none-eabi/13.2.1/../../../arm-none-eabi/lib/thumb/v7-m/nofp/crt0.o (atexit)
/usr/lib/gcc/arm-none-eabi/13.2.1/../../../arm-none-eabi/lib/thumb/v7-m/nofp/libc_nano.a(libc_a-fini.o)
                              /usr/lib/gcc/arm-none-eabi/13.2.1/../../../arm-none-eabi/lib/thumb/v7-m/nofp/crt0.o (__libc_fini_array)
/usr/lib/gcc/arm-none-eabi/13.2.1/../../../arm-none-eabi/lib/thumb/v7-m/nofp/libc_nano.a(libc_a-impure.o)
                              /usr/lib/gcc/arm-none-eabi/13.2.1/../../../arm-none-eabi/lib/thumb/v7-m/nofp/libc_nano.a(libc_a-errno.o) (_impure_ptr)
/usr/lib/gcc/arm-none-eabi/13.2.1/../../../arm-none-eabi/lib/thumb/v7-m/nofp/libc_nano.a(libc_a-findfp.o)
                              /usr/lib/gcc/arm-none-eabi/13.2.1/../../../arm-none-eabi/lib/thumb/v7-m/nofp/libc_nano.a(libc_a-exit.o) (__stdio_exit_handler)
/usr/lib/gcc/arm-none-eabi/13.2.1/../../../arm-none-eabi/lib/thumb/v7-m/nofp/libc_nano.a(libc_a-fflush.o)
                              /usr/lib/gcc/arm-none-eabi/13.2.1/../../../arm-none-eabi/lib/thumb/v7-m/nofp/libc_nano.a(libc_a-findfp.o) (_fflush_r)
/usr/lib/gcc/arm-none-eabi/13.2.1/../../../arm-none-eabi/lib/thumb/v7-m/nofp/libc_nano.a(libc_a-mallocr.o)
                              /usr/lib/gcc/arm-none-eabi/13.2.1/../../../arm-none-eabi/lib/thumb/v7-m/nofp/libc_nano.a(libc_a-findfp.o) (_malloc_r)
/usr/lib/gcc/arm-none-eabi/13.2.1/../../../arm-none-eabi/lib/thumb/v7-m/nofp/libc_nano.a(libc_a-freer.o)
                              /usr/lib/gcc/arm-none-eabi/13.2.1/../../../arm-none-eabi/lib/thumb/v7-m/nofp/libc_nano.a(libc_a-fflush.o) (_free_r)
/usr/lib/gcc/arm-none-eabi/13.2.1/../../../arm-none-eabi/lib/thumb/v7-m/nofp/libc_nano.a(libc_a-fwalk.o)
                              /usr/lib/gcc/arm-none-eabi/13.2.1/../../../arm-none-eabi/lib/thumb/v7-m/nofp/libc_nano.a(libc_a-findfp.o) (_fwalk_sglue)
/usr/lib/gcc/arm-none-eabi/13.2.1/../../../arm-none-eabi/lib/thumb/v7-m/nofp/libc_nano.a(libc_a-__atexit.o)
                              /usr/lib/gcc/arm-none-eabi/13.2.1/../../../arm-none-eabi/lib/thumb/v7-m/nofp/libc_nano.a(libc_a-atexit.o) (__register_exitproc)
/usr/lib/gcc/arm-none-eabi/13.2.1/../../../arm-none-eabi/lib/thumb/v7-m/nofp/libc_nano.a(libc_a-mlock.o)
                              /usr/lib/gcc/arm-none-eabi/13.2.1/../../../arm-none-eabi/lib/thumb/v7-m/nofp/libc_nano.a(libc_a-mallocr.o) (__malloc_lock)
/usr/lib/gcc/arm-none-eabi/13.2.1/../../../arm-none-eabi/lib/thumb/v7-m/nofp/libc_nano.a(libc_a-sbrkr.o)
                              /usr/lib/gcc/arm-none-eabi/13.2.1/../../../arm-none-eabi/lib/thumb/v7-m/nofp/libc_nano.a(libc_a-mallocr.o) (_sbrk_r)
/usr/lib/gcc/arm-none-eabi/13.2.1/../../../arm-none-eabi/lib/thumb/v7-m/nofp/libc_nano.a(libc_a-stdio.o)
                              /usr/lib/gcc/arm-none-eabi/13.2.1/../../../arm-none-eabi/lib/thumb/v7-m/nofp/libc_nano.a(libc_a-findfp.o) (__sread)
/usr/lib/gcc/arm-none-eabi/13.2.1/../../../arm-none-eabi/lib/thumb/v7-m/nofp/libc_nano.a(libc_a-closer.o)
                              /usr/lib/gcc/arm-none-eabi/13.2.1/../../../arm-none-eabi/lib/thumb/v7-m/nofp/libc_nano.a(libc_a-stdio.o) (_close_r)
/usr/lib/gcc/arm-none-eabi/13.2.1/../../../arm-none-eabi/lib/thumb/v7-m/nofp/libc_nano.a(libc_a-__call_atexit.o)
                              /usr/lib/gcc/arm-none-eabi/13.2.1/../../../arm-none-eabi/lib/thumb/v7-m/nofp/libc_nano.a(libc_a-__atexit.o) (__call_exitprocs)
/usr/lib/gcc/arm-none-eabi/13.2.1/../../../arm-none-eabi/lib/thumb/v7-m/nofp/libc_nano.a(libc_a-readr.o)
                              /usr/lib/gcc/arm-none-eabi/13.2.1/../../../arm-none-eabi/lib/thumb/v7-m/nofp/libc_nano.a(libc_a-stdio.o) (_read_r)
/usr/lib/gcc/arm-none-eabi/13.2.1/../../../arm-none-eabi/lib/thumb/v7-m/nofp/libc_nano.a(libc_a-reent.o)
[...]
Memory Configuration

Name             Origin             Length             Attributes
RAM              0x20000000         0x00005000         xrw
FLASH            0x08000000         0x00010000         xr
*default*        0x00000000         0xffffffff

Linker script and memory map

LOAD /usr/lib/gcc/arm-none-eabi/13.2.1/thumb/v7-m/nofp/crti.o
LOAD /usr/lib/gcc/arm-none-eabi/13.2.1/thumb/v7-m/nofp/crtbegin.o
LOAD /usr/lib/gcc/arm-none-eabi/13.2.1/../../../arm-none-eabi/lib/thumb/v7-m/nofp/crt0.o
LOAD build/main.o
LOAD build/stm32f1xx_it.o
LOAD build/stm32f1xx_hal_msp.o
LOAD build/stm32f1xx_hal_gpio_ex.o
LOAD build/stm32f1xx_hal_adc.o
LOAD build/stm32f1xx_hal_adc_ex.o
LOAD build/stm32f1xx_hal.o
LOAD build/stm32f1xx_hal_rcc.o
LOAD build/stm32f1xx_hal_rcc_ex.o
LOAD build/stm32f1xx_hal_gpio.o
LOAD build/stm32f1xx_hal_dma.o
LOAD build/stm32f1xx_hal_cortex.o
LOAD build/stm32f1xx_hal_pwr.o
LOAD build/stm32f1xx_hal_flash.o
LOAD build/stm32f1xx_hal_flash_ex.o
LOAD build/stm32f1xx_hal_exti.o
LOAD build/system_stm32f1xx.o
LOAD build/sysmem.o
LOAD build/syscalls.o
LOAD build/freertos.o
LOAD build/stm32f1xx_hal_timebase_tim.o
LOAD build/stm32f1xx_hal_tim.o
LOAD build/stm32f1xx_hal_tim_ex.o
LOAD build/croutine.o
LOAD build/event_groups.o
LOAD build/list.o
LOAD build/queue.o
LOAD build/stream_buffer.o
LOAD build/tasks.o
LOAD build/timers.o
LOAD build/cmsis_os.o
LOAD build/port.o
LOAD build/heap_4.o
LOAD build/Watering.o
LOAD build/Humidity_sensor.o
LOAD build/startup_stm32f103xb.o
LOAD /usr/lib/gcc/arm-none-eabi/13.2.1/../../../arm-none-eabi/lib/thumb/v7-m/nofp/libc_nano.a
LOAD /usr/lib/gcc/arm-none-eabi/13.2.1/../../../arm-none-eabi/lib/thumb/v7-m/nofp/libm.a
LOAD /usr/lib/gcc/arm-none-eabi/13.2.1/../../../arm-none-eabi/lib/thumb/v7-m/nofp/libnosys.a
START GROUP
LOAD /usr/lib/gcc/arm-none-eabi/13.2.1/thumb/v7-m/nofp/libgcc.a
LOAD /usr/lib/gcc/arm-none-eabi/13.2.1/../../../arm-none-eabi/lib/thumb/v7-m/nofp/libc_nano.a
END GROUP
START GROUP
LOAD /usr/lib/gcc/arm-none-eabi/13.2.1/thumb/v7-m/nofp/libgcc.a
LOAD /usr/lib/gcc/arm-none-eabi/13.2.1/../../../arm-none-eabi/lib/thumb/v7-m/nofp/libc_nano.a
END GROUP
LOAD /usr/lib/gcc/arm-none-eabi/13.2.1/thumb/v7-m/nofp/crtend.o
LOAD /usr/lib/gcc/arm-none-eabi/13.2.1/thumb/v7-m/nofp/crtn.o
                0x20005000                        _estack = (ORIGIN (RAM) + LENGTH (RAM))
                0x00000200                        _Min_Heap_Size = 0x200
                0x00000400                        _Min_Stack_Size = 0x400

.isr_vector     0x08000000      0x10c
                0x08000000                        . = ALIGN (0x4)
 *(.isr_vector)
 .isr_vector    0x08000000      0x10c build/startup_stm32f103xb.o
                0x08000000                g_pfnVectors
                0x0800010c                        . = ALIGN (0x4)

.text           0x08000110     0x2d8c
                0x08000110                        . = ALIGN (0x4)
 *(.text)
 .text          0x08000110       0x88 /usr/lib/gcc/arm-none-eabi/13.2.1/thumb/v7-m/nofp/crtbegin.o
 .text          0x08000198       0x50 /usr/lib/gcc/arm-none-eabi/13.2.1/../../../arm-none-eabi/lib/thumb/v7-m/nofp/libc_nano.a(libc_a-init.o)
                0x08000198                __libc_init_array
 .text          0x080001e8       0xa0 /usr/lib/gcc/arm-none-eabi/13.2.1/../../../arm-none-eabi/lib/thumb/v7-m/nofp/libc_nano.a(libc_a-memset.o)
                0x080001e8                memset
 *(.text*)
 .text.MX_GPIO_Init
                0x08000288       0x30 build/main.o
 .text.MX_DMA_Init
                0x080002b8       0x34 build/main.o
 .text.StartDefaultTask
                0x080002ec        0xa build/main.o
                0x080002ec                StartDefaultTask
 *fill*         0x080002f6        0x2 
 .text.HAL_TIM_PeriodElapsedCallback
                0x080002f8       0x18 build/main.o
                0x080002f8                HAL_TIM_PeriodElapsedCallback
 .text.Error_Handler
                0x08000310        0x4 build/main.o
                0x08000310                Error_Handler
 .text.MX_ADC1_Init
                0x08000314       0x54 build/main.o
 .text.MX_ADC2_Init
                0x08000368       0x58 build/main.o
 .text.SystemClock_Config
                0x080003c0       0x84 build/main.o
                0x080003c0                SystemClock_Config
 .text.main     0x08000444       0x50 build/main.o
                0x08000444                main
 .text.NMI_Handler
                0x08000494        0x2 build/stm32f1xx_it.o
                0x08000494                NMI_Handler
 .text.HardFault_Handler
                0x08000496        0x2 build/stm32f1xx_it.o
                0x08000496                HardFault_Handler
 .text.MemManage_Handler
                0x08000498        0x2 build/stm32f1xx_it.o
                0x08000498                MemManage_Handler
 .text.BusFault_Handler
                0x0800049a        0x2 build/stm32f1xx_it.o
                0x0800049a                BusFault_Handler
 .text.UsageFault_Handler
                0x0800049c        0x2 build/stm32f1xx_it.o
                0x0800049c                UsageFault_Handler
 .text.DebugMon_Handler
                0x0800049e        0x2 build/stm32f1xx_it.o
                0x0800049e                DebugMon_Handler
 .text.DMA1_Channel1_IRQHandler
                0x080004a0       0x10 build/stm32f1xx_it.o
                0x080004a0                DMA1_Channel1_IRQHandler
 .text.ADC1_2_IRQHandler
                0x080004b0       0x18 build/stm32f1xx_it.o
                0x080004b0                ADC1_2_IRQHandler
 .text.TIM1_UP_IRQHandler
                0x080004c8       0x10 build/stm32f1xx_it.o
                0x080004c8                TIM1_UP_IRQHandler
 .text.HAL_MspInit
                0x080004d8       0x54 build/stm32f1xx_hal_msp.o
                0x080004d8                HAL_MspInit
 .text.HAL_ADC_MspInit
                0x0800052c      0x104 build/stm32f1xx_hal_msp.o
                0x0800052c                HAL_ADC_MspInit
 .text.ADC_DMAConvCplt
                0x08000630       0x52 build/stm32f1xx_hal_adc.o
                0x08000630                ADC_DMAConvCplt
 .text.HAL_ADC_ConvHalfCpltCallback
                0x08000682        0x2 build/stm32f1xx_hal_adc.o
                0x08000682                HAL_ADC_ConvHalfCpltCallback
 .text.ADC_DMAHalfConvCplt
                0x08000684        0xa build/stm32f1xx_hal_adc.o
                0x08000684                ADC_DMAHalfConvCplt
 .text.HAL_ADC_LevelOutOfWindowCallback
                0x0800068e        0x2 build/stm32f1xx_hal_adc.o
                0x0800068e                HAL_ADC_LevelOutOfWindowCallback
 .text.HAL_ADC_IRQHandler
                0x08000690      0x102 build/stm32f1xx_hal_adc.o
                0x08000690                HAL_ADC_IRQHandler
 .text.HAL_ADC_ErrorCallback
                0x08000792        0x2 build/stm32f1xx_hal_adc.o
                0x08000792                HAL_ADC_ErrorCallback
 .text.ADC_DMAError
                0x08000794       0x1a build/stm32f1xx_hal_adc.o
                0x08000794                ADC_DMAError
 *fill*         0x080007ae        0x2 
 .text.HAL_ADC_ConfigChannel
                0x080007b0      0x140 build/stm32f1xx_hal_adc.o
                0x080007b0                HAL_ADC_ConfigChannel
 .text.ADC_Enable
                0x080008f0       0x88 build/stm32f1xx_hal_adc.o
                0x080008f0                ADC_Enable
 .text.HAL_ADC_Start_DMA
                0x08000978      0x130 build/stm32f1xx_hal_adc.o
                0x08000978                HAL_ADC_Start_DMA
 .text.ADC_ConversionStop_Disable
                0x08000aa8       0x56 build/stm32f1xx_hal_adc.o
                0x08000aa8                ADC_ConversionStop_Disable
 *fill*         0x08000afe        0x2 
 .text.HAL_ADC_Init
                0x08000b00      0x108 build/stm32f1xx_hal_adc.o
                0x08000b00                HAL_ADC_Init
 .text.HAL_ADCEx_InjectedConvCpltCallback
                0x08000c08        0x2 build/stm32f1xx_hal_adc_ex.o
                0x08000c08                HAL_ADCEx_InjectedConvCpltCallback
 *fill*         0x08000c0a        0x2 
 .text.HAL_Init
                0x08000c0c       0x24 build/stm32f1xx_hal.o
                0x08000c0c                HAL_Init
 .text.HAL_IncTick
                0x08000c30       0x18 build/stm32f1xx_hal.o
                0x08000c30                HAL_IncTick
 .text.HAL_GetTick
                0x08000c48        0xc build/stm32f1xx_hal.o
                0x08000c48                HAL_GetTick
 .text.RCC_Delay
                0x08000c54       0x2c build/stm32f1xx_hal_rcc.o
 .text.HAL_RCC_OscConfig
                0x08000c80      0x410 build/stm32f1xx_hal_rcc.o
                0x08000c80                HAL_RCC_OscConfig
 .text.HAL_RCC_GetSysClockFreq
                0x08001090       0x54 build/stm32f1xx_hal_rcc.o
                0x08001090                HAL_RCC_GetSysClockFreq
 .text.HAL_RCC_ClockConfig
                0x080010e4      0x16c build/stm32f1xx_hal_rcc.o
                0x080010e4                HAL_RCC_ClockConfig
 .text.HAL_RCC_GetHCLKFreq
                0x08001250        0xc build/stm32f1xx_hal_rcc.o
                0x08001250                HAL_RCC_GetHCLKFreq
 .text.HAL_RCC_GetPCLK2Freq
                0x0800125c       0x20 build/stm32f1xx_hal_rcc.o
                0x0800125c                HAL_RCC_GetPCLK2Freq
 .text.HAL_RCC_GetClockConfig
                0x0800127c       0x3c build/stm32f1xx_hal_rcc.o
                0x0800127c                HAL_RCC_GetClockConfig
 .text.HAL_RCCEx_PeriphCLKConfig
                0x080012b8      0x118 build/stm32f1xx_hal_rcc_ex.o
                0x080012b8                HAL_RCCEx_PeriphCLKConfig
 .text.HAL_GPIO_Init
                0x080013d0      0x21c build/stm32f1xx_hal_gpio.o
                0x080013d0                HAL_GPIO_Init
 .text.DMA_SetConfig
                0x080015ec       0x2c build/stm32f1xx_hal_dma.o
 .text.HAL_DMA_Init
                0x08001618       0x68 build/stm32f1xx_hal_dma.o
                0x08001618                HAL_DMA_Init
 .text.HAL_DMA_Start_IT
                0x08001680       0x76 build/stm32f1xx_hal_dma.o
                0x08001680                HAL_DMA_Start_IT
 *fill*         0x080016f6        0x2 
 .text.HAL_DMA_IRQHandler
                0x080016f8      0x144 build/stm32f1xx_hal_dma.o
                0x080016f8                HAL_DMA_IRQHandler
 .text.HAL_DMA_GetError
                0x0800183c        0x4 build/stm32f1xx_hal_dma.o
                0x0800183c                HAL_DMA_GetError
 .text.__NVIC_SetPriority
                0x08001840       0x28 build/stm32f1xx_hal_cortex.o
 .text.NVIC_EncodePriority
                0x08001868       0x3e build/stm32f1xx_hal_cortex.o
 *fill*         0x080018a6        0x2 
 .text.HAL_NVIC_SetPriorityGrouping
                0x080018a8       0x24 build/stm32f1xx_hal_cortex.o
                0x080018a8                HAL_NVIC_SetPriorityGrouping
 .text.HAL_NVIC_SetPriority
                0x080018cc       0x20 build/stm32f1xx_hal_cortex.o
                0x080018cc                HAL_NVIC_SetPriority
 .text.HAL_NVIC_EnableIRQ
                0x080018ec       0x1c build/stm32f1xx_hal_cortex.o
                0x080018ec                HAL_NVIC_EnableIRQ
 .text.SystemInit
                0x08001908        0x2 build/system_stm32f1xx.o
                0x08001908                SystemInit
 .text.vApplicationIdleHook
                0x0800190a        0x2 build/freertos.o
                0x0800190a                vApplicationIdleHook
 .text.vApplicationGetIdleTaskMemory
                0x0800190c       0x18 build/freertos.o
                0x0800190c                vApplicationGetIdleTaskMemory
 .text.HAL_InitTick
                0x08001924       0x94 build/stm32f1xx_hal_timebase_tim.o
                0x08001924                HAL_InitTick
 .text.HAL_TIM_Base_MspInit
                0x080019b8        0x2 build/stm32f1xx_hal_tim.o
                0x080019b8                HAL_TIM_Base_MspInit
 *fill*         0x080019ba        0x2 
 .text.HAL_TIM_Base_Start_IT
                0x080019bc       0x68 build/stm32f1xx_hal_tim.o
                0x080019bc                HAL_TIM_Base_Start_IT
 .text.HAL_TIM_OC_DelayElapsedCallback
                0x08001a24        0x2 build/stm32f1xx_hal_tim.o
                0x08001a24                HAL_TIM_OC_DelayElapsedCallback
 .text.HAL_TIM_IC_CaptureCallback
                0x08001a26        0x2 build/stm32f1xx_hal_tim.o
                0x08001a26                HAL_TIM_IC_CaptureCallback
 .text.HAL_TIM_PWM_PulseFinishedCallback
                0x08001a28        0x2 build/stm32f1xx_hal_tim.o
                0x08001a28                HAL_TIM_PWM_PulseFinishedCallback
 .text.HAL_TIM_TriggerCallback
                0x08001a2a        0x2 build/stm32f1xx_hal_tim.o
                0x08001a2a                HAL_TIM_TriggerCallback
 .text.HAL_TIM_IRQHandler
                0x08001a2c      0x15e build/stm32f1xx_hal_tim.o
                0x08001a2c                HAL_TIM_IRQHandler
 *fill*         0x08001b8a        0x2 
 .text.TIM_Base_SetConfig
                0x08001b8c       0x84 build/stm32f1xx_hal_tim.o
                0x08001b8c                TIM_Base_SetConfig
 .text.HAL_TIM_Base_Init
                0x08001c10       0x58 build/stm32f1xx_hal_tim.o
                0x08001c10                HAL_TIM_Base_Init
 .text.HAL_TIMEx_CommutCallback
                0x08001c68        0x2 build/stm32f1xx_hal_tim_ex.o
                0x08001c68                HAL_TIMEx_CommutCallback
 .text.HAL_TIMEx_BreakCallback
                0x08001c6a        0x2 build/stm32f1xx_hal_tim_ex.o
                0x08001c6a                HAL_TIMEx_BreakCallback
 .text.vListInitialise
                0x08001c6c       0x16 build/list.o
                0x08001c6c                vListInitialise
 .text.vListInitialiseItem
                0x08001c82        0x6 build/list.o
                0x08001c82                vListInitialiseItem
 .text.vListInsertEnd
                0x08001c88       0x16 build/list.o
                0x08001c88                vListInsertEnd
 .text.vListInsert
                0x08001c9e       0x32 build/list.o
                0x08001c9e                vListInsert
 .text.uxListRemove
                0x08001cd0       0x26 build/list.o
                0x08001cd0                uxListRemove
 .text.xQueueGenericReset
                0x08001cf6       0x84 build/queue.o
                0x08001cf6                xQueueGenericReset
 .text.prvInitialiseNewQueue
                0x08001d7a       0x1c build/queue.o
 .text.xQueueGenericCreateStatic
                0x08001d96       0x94 build/queue.o
                0x08001d96                xQueueGenericCreateStatic
 *fill*         0x08001e2a        0x2 
 .text.prvResetNextTaskUnblockTime
                0x08001e2c       0x2c build/tasks.o
 .text.prvInitialiseNewTask
                0x08001e58       0x9c build/tasks.o
 .text.prvInitialiseTaskLists
                0x08001ef4       0x68 build/tasks.o
 .text.prvAddNewTaskToReadyList
                0x08001f5c       0xa8 build/tasks.o
 .text.prvDeleteTCB
                0x08002004       0x38 build/tasks.o
 .text.prvCheckTasksWaitingTermination
                0x0800203c       0x4c build/tasks.o
 .text.prvAddCurrentTaskToDelayedList
                0x08002088       0x98 build/tasks.o
 .text.prvIdleTask
                0x08002120       0x30 build/tasks.o
 .text.xTaskCreateStatic
                0x08002150       0x76 build/tasks.o
                0x08002150                xTaskCreateStatic
 .text.xTaskCreate
                0x080021c6       0x64 build/tasks.o
                0x080021c6                xTaskCreate
 *fill*         0x0800222a        0x2 
 .text.vTaskStartScheduler
                0x0800222c       0x74 build/tasks.o
                0x0800222c                vTaskStartScheduler
 .text.vTaskSuspendAll
                0x080022a0       0x10 build/tasks.o
                0x080022a0                vTaskSuspendAll
 .text.xTaskIncrementTick
                0x080022b0      0x118 build/tasks.o
                0x080022b0                xTaskIncrementTick
 .text.xTaskResumeAll
                0x080023c8       0xf8 build/tasks.o
                0x080023c8                xTaskResumeAll
 .text.vTaskDelay
                0x080024c0       0x4c build/tasks.o
                0x080024c0                vTaskDelay
 .text.vTaskSwitchContext
                0x0800250c       0x98 build/tasks.o
                0x0800250c                vTaskSwitchContext
 .text.xTaskRemoveFromEventList
                0x080025a4       0x8c build/tasks.o
                0x080025a4                xTaskRemoveFromEventList
 .text.ulTaskNotifyTake
                0x08002630       0x78 build/tasks.o
                0x08002630                ulTaskNotifyTake
 .text.vTaskNotifyGiveFromISR
                0x080026a8       0xd0 build/tasks.o
                0x080026a8                vTaskNotifyGiveFromISR
 .text.makeFreeRtosPriority
                0x08002778        0xc build/cmsis_os.o
 .text.osKernelStart
                0x08002784        0xa build/cmsis_os.o
                0x08002784                osKernelStart
 .text.osThreadCreate
                0x0800278e       0x66 build/cmsis_os.o
                0x0800278e                osThreadCreate
 .text.osDelay  0x080027f4        0xe build/cmsis_os.o
                0x080027f4                osDelay
 *fill*         0x08002802        0x2 
 .text.prvTaskExitError
                0x08002804       0x40 build/port.o
 .text.prvPortStartFirstTask
                0x08002844       0x20 build/port.o
 .text.pxPortInitialiseStack
                0x08002864       0x24 build/port.o
                0x08002864                pxPortInitialiseStack
 *fill*         0x08002888        0x8 
 .text.SVC_Handler
                0x08002890       0x24 build/port.o
                0x08002890                SVC_Handler
 .text.vPortEnterCritical
                0x080028b4       0x44 build/port.o
                0x080028b4                vPortEnterCritical
 .text.vPortExitCritical
                0x080028f8       0x2c build/port.o
                0x080028f8                vPortExitCritical
 *fill*         0x08002924        0xc 
 .text.PendSV_Handler
                0x08002930       0x44 build/port.o
                0x08002930                PendSV_Handler
 .text.SysTick_Handler
                0x08002974       0x2c build/port.o
                0x08002974                SysTick_Handler
 .text.vPortSetupTimerInterrupt
                0x080029a0       0x28 build/port.o
                0x080029a0                vPortSetupTimerInterrupt
 .text.xPortStartScheduler
                0x080029c8       0xc0 build/port.o
                0x080029c8                xPortStartScheduler
 .text.vPortValidateInterruptPriority
                0x08002a88       0x5c build/port.o
                0x08002a88                vPortValidateInterruptPriority
 .text.prvHeapInit
                0x08002ae4       0x64 build/heap_4.o
 .text.prvInsertBlockIntoFreeList
                0x08002b48       0x60 build/heap_4.o
 .text.pvPortMalloc
                0x08002ba8      0x104 build/heap_4.o
                0x08002ba8                pvPortMalloc
 .text.vPortFree
                0x08002cac       0x7c build/heap_4.o
                0x08002cac                vPortFree
 .text.Humidity_sensors_init
                0x08002d28       0x64 build/Humidity_sensor.o
                0x08002d28                Humidity_sensors_init
 .text.Moving_AVG
                0x08002d8c       0x40 build/Humidity_sensor.o
                0x08002d8c                Moving_AVG
 .text.humidity_loop
                0x08002dcc       0x38 build/Humidity_sensor.o
                0x08002dcc                humidity_loop
 .text.HAL_ADC_ConvCpltCallback
                0x08002e04       0x34 build/Humidity_sensor.o
                0x08002e04                HAL_ADC_ConvCpltCallback
 .text.Reset_Handler
                0x08002e38       0x48 build/startup_stm32f103xb.o
                0x08002e38                Reset_Handler
 .text.Default_Handler
                0x08002e80        0x2 build/startup_stm32f103xb.o
                0x08002e80                RTC_Alarm_IRQHandler
                0x08002e80                EXTI2_IRQHandler
                0x08002e80                TIM1_CC_IRQHandler
                0x08002e80                PVD_IRQHandler
                0x08002e80                EXTI3_IRQHandler
                0x08002e80                EXTI0_IRQHandler
                0x08002e80                I2C2_EV_IRQHandler
                0x08002e80                SPI1_IRQHandler
                0x08002e80                TAMPER_IRQHandler
                0x08002e80                DMA1_Channel4_IRQHandler
                0x08002e80                USART3_IRQHandler
                0x08002e80                RTC_IRQHandler
                0x08002e80                DMA1_Channel7_IRQHandler
                0x08002e80                CAN1_RX1_IRQHandler
                0x08002e80                TIM4_IRQHandler
                0x08002e80                I2C1_EV_IRQHandler
                0x08002e80                DMA1_Channel6_IRQHandler
                0x08002e80                TIM3_IRQHandler
                0x08002e80                RCC_IRQHandler
                0x08002e80                TIM1_TRG_COM_IRQHandler
                0x08002e80                Default_Handler
                0x08002e80                EXTI15_10_IRQHandler
                0x08002e80                EXTI9_5_IRQHandler
                0x08002e80                SPI2_IRQHandler
                0x08002e80                DMA1_Channel5_IRQHandler
                0x08002e80                EXTI4_IRQHandler
                0x08002e80                USB_LP_CAN1_RX0_IRQHandler
                0x08002e80                USB_HP_CAN1_TX_IRQHandler
                0x08002e80                DMA1_Channel3_IRQHandler
                0x08002e80                WWDG_IRQHandler
                0x08002e80                TIM2_IRQHandler
                0x08002e80                TIM1_BRK_IRQHandler
                0x08002e80                EXTI1_IRQHandler
                0x08002e80                USART2_IRQHandler
                0x08002e80                I2C2_ER_IRQHandler
                0x08002e80                DMA1_Channel2_IRQHandler
                0x08002e80                CAN1_SCE_IRQHandler
                0x08002e80                FLASH_IRQHandler
                0x08002e80                USART1_IRQHandler
                0x08002e80                I2C1_ER_IRQHandler
                0x08002e80                USBWakeUp_IRQHandler
 *(.glue_7)
 .glue_7        0x08002e82        0x0 linker stubs
 *(.glue_7t)
 .glue_7t       0x08002e82        0x0 linker stubs
 *(.eh_frame)
 *fill*         0x08002e82        0x2 
 .eh_frame      0x08002e84        0x0 /usr/lib/gcc/arm-none-eabi/13.2.1/thumb/v7-m/nofp/crtbegin.o
 *(.init)
 .init          0x08002e84        0x4 /usr/lib/gcc/arm-none-eabi/13.2.1/thumb/v7-m/nofp/crti.o
                0x08002e84                _init
 .init          0x08002e88        0x8 /usr/lib/gcc/arm-none-eabi/13.2.1/thumb/v7-m/nofp/crtn.o
 *(.fini)
 .fini          0x08002e90        0x4 /usr/lib/gcc/arm-none-eabi/13.2.1/thumb/v7-m/nofp/crti.o
                0x08002e90                _fini
 .fini          0x08002e94        0x8 /usr/lib/gcc/arm-none-eabi/13.2.1/thumb/v7-m/nofp/crtn.o
                0x08002e9c                        . = ALIGN (0x4)
                0x08002e9c                        _etext = .

.vfp11_veneer   0x08002e9c        0x0
 .vfp11_veneer  0x08002e9c        0x0 linker stubs

.v4_bx          0x08002e9c        0x0
 .v4_bx         0x08002e9c        0x0 linker stubs

.iplt           0x08002e9c        0x0
 .iplt          0x08002e9c        0x0 /usr/lib/gcc/arm-none-eabi/13.2.1/thumb/v7-m/nofp/crtbegin.o

.rodata         0x08002e9c       0x68
                0x08002e9c                        . = ALIGN (0x4)
 *(.rodata)
 .rodata        0x08002e9c       0x1c build/main.o
 *(.rodata*)
 .rodata.str1.4
                0x08002eb8       0x1d build/main.o
                                  0xc (size before relaxing)
 *fill*         0x08002ed5        0x3 
 .rodata.aPredivFactorTable.0
                0x08002ed8        0x2 build/stm32f1xx_hal_rcc.o
 *fill*         0x08002eda        0x2 
 .rodata.aPLLMULFactorTable.1
                0x08002edc       0x10 build/stm32f1xx_hal_rcc.o
 .rodata.APBPrescTable
                0x08002eec        0x8 build/system_stm32f1xx.o
                0x08002eec                APBPrescTable
 .rodata.AHBPrescTable
                0x08002ef4       0x10 build/system_stm32f1xx.o
                0x08002ef4                AHBPrescTable
 .rodata.vTaskStartScheduler.str1.4
                0x08002f04        0x5 build/tasks.o
 .rodata.Humidity_sensors_init.str1.4
                0x08002f04        0x9 build/Humidity_sensor.o
                0x08002f10                        . = ALIGN (0x4)

.ARM.extab      0x08002f04        0x0
                0x08002f04                        . = ALIGN (0x4)
 *(.ARM.extab* .gnu.linkonce.armextab.*)
                0x08002f04                        . = ALIGN (0x4)

.ARM            0x08002f04        0x0
                0x08002f04                        . = ALIGN (0x4)
                0x08002f04                        __exidx_start = .
 *(.ARM.exidx*)
                0x08002f04                        __exidx_end = .
                0x08002f04                        . = ALIGN (0x4)

.preinit_array  0x08002f04        0x0
                0x08002f04                        . = ALIGN (0x4)
                0x08002f04                        PROVIDE (__preinit_array_start = .)
 *(.preinit_array*)
                0x08002f04                        PROVIDE (__preinit_array_end = .)
                0x08002f04                        . = ALIGN (0x4)

.init_array     0x08002f04        0x4
                0x08002f04                        . = ALIGN (0x4)
                0x08002f04                        PROVIDE (__init_array_start = .)
 *(SORT_BY_NAME(.init_array.*))
 *(.init_array*)
 .init_array    0x08002f04        0x4 /usr/lib/gcc/arm-none-eabi/13.2.1/thumb/v7-m/nofp/crtbegin.o
                0x08002f08                        PROVIDE (__init_array_end = .)
                0x08002f08                        . = ALIGN (0x4)

.fini_array     0x08002f08        0x4
                0x08002f08                        . = ALIGN (0x4)
                0x08002f08                        PROVIDE (__fini_array_start = .)
 *(SORT_BY_NAME(.fini_array.*))
 *(.fini_array*)
 .fini_array    0x08002f08        0x4 /usr/lib/gcc/arm-none-eabi/13.2.1/thumb/v7-m/nofp/crtbegin.o
                0x08002f0c                        PROVIDE (__fini_array_end = .)
                0x08002f0c                        . = ALIGN (0x4)
                0x08002f0c                        _sidata = LOADADDR (.data)

.rel.dyn        0x08002f0c        0x0
 .rel.iplt      0x08002f0c        0x0 /usr/lib/gcc/arm-none-eabi/13.2.1/thumb/v7-m/nofp/crtbegin.o

.data           0x20000000       0x10 load address 0x08002f0c
                0x20000000                        . = ALIGN (0x4)
                0x20000000                        _sdata = .
 *(.data)
 *(.data*)
 .data.uwTickFreq
                0x20000000        0x1 build/stm32f1xx_hal.o
                0x20000000                uwTickFreq
 *fill*         0x20000001        0x3 
 .data.uwTickPrio
                0x20000004        0x4 build/stm32f1xx_hal.o
                0x20000004                uwTickPrio
 .data.SystemCoreClock
                0x20000008        0x4 build/system_stm32f1xx.o
                0x20000008                SystemCoreClock
 .data.uxCriticalNesting
                0x2000000c        0x4 build/port.o
 *(.RamFunc)
 *(.RamFunc*)
                0x20000010                        . = ALIGN (0x4)
                0x20000010                        _edata = .

.tm_clone_table
                0x20000010        0x0 load address 0x08002f1c
 .tm_clone_table
                0x20000010        0x0 /usr/lib/gcc/arm-none-eabi/13.2.1/thumb/v7-m/nofp/crtbegin.o
 .tm_clone_table
                0x20000010        0x0 /usr/lib/gcc/arm-none-eabi/13.2.1/thumb/v7-m/nofp/crtend.o

.igot.plt       0x20000010        0x0 load address 0x08002f1c
 .igot.plt      0x20000010        0x0 /usr/lib/gcc/arm-none-eabi/13.2.1/thumb/v7-m/nofp/crtbegin.o
                0x20000010                        . = ALIGN (0x4)

.bss            0x20000010     0x21cc load address 0x08002f1c
                0x20000010                        _sbss = .
                0x20000010                        __bss_start__ = _sbss
 *(.bss)
 .bss           0x20000010       0x1c /usr/lib/gcc/arm-none-eabi/13.2.1/thumb/v7-m/nofp/crtbegin.o
 *(.bss*)
 .bss.defaultTaskHandle
                0x2000002c        0x4 build/main.o
                0x2000002c                defaultTaskHandle
 .bss.hdma_adc1
                0x20000030       0x44 build/main.o
                0x20000030                hdma_adc1
 .bss.hadc2     0x20000074       0x30 build/main.o
                0x20000074                hadc2
 .bss.hadc1     0x200000a4       0x30 build/main.o
                0x200000a4                hadc1
 .bss.uwTick    0x200000d4        0x4 build/stm32f1xx_hal.o
                0x200000d4                uwTick
 .bss.xIdleStack
                0x200000d8      0x200 build/freertos.o
 .bss.xIdleTaskTCBBuffer
                0x200002d8       0x54 build/freertos.o
 .bss.htim1     0x2000032c       0x48 build/stm32f1xx_hal_timebase_tim.o
                0x2000032c                htim1
 .bss.uxSchedulerSuspended
                0x20000374        0x4 build/tasks.o
 .bss.xIdleTaskHandle
                0x20000378        0x4 build/tasks.o
 .bss.xNextTaskUnblockTime
                0x2000037c        0x4 build/tasks.o
 .bss.uxTaskNumber
                0x20000380        0x4 build/tasks.o
 .bss.xNumOfOverflows
                0x20000384        0x4 build/tasks.o
 .bss.xYieldPending
                0x20000388        0x4 build/tasks.o
 .bss.xPendedTicks
                0x2000038c        0x4 build/tasks.o
 .bss.xSchedulerRunning
                0x20000390        0x4 build/tasks.o
 .bss.uxTopReadyPriority
                0x20000394        0x4 build/tasks.o
 .bss.xTickCount
                0x20000398        0x4 build/tasks.o
 .bss.uxCurrentNumberOfTasks
                0x2000039c        0x4 build/tasks.o
 .bss.xSuspendedTaskList
                0x200003a0       0x14 build/tasks.o
 .bss.uxDeletedTasksWaitingCleanUp
                0x200003b4        0x4 build/tasks.o
 .bss.xTasksWaitingTermination
                0x200003b8       0x14 build/tasks.o
 .bss.xPendingReadyList
                0x200003cc       0x14 build/tasks.o
 .bss.pxOverflowDelayedTaskList
                0x200003e0        0x4 build/tasks.o
 .bss.pxDelayedTaskList
                0x200003e4        0x4 build/tasks.o
 .bss.xDelayedTaskList2
                0x200003e8       0x14 build/tasks.o
 .bss.xDelayedTaskList1
                0x200003fc       0x14 build/tasks.o
 .bss.pxReadyTasksLists
                0x20000410       0x8c build/tasks.o
 .bss.pxCurrentTCB
                0x2000049c        0x4 build/tasks.o
                0x2000049c                pxCurrentTCB
 .bss.ulMaxPRIGROUPValue
                0x200004a0        0x4 build/port.o
 .bss.ucMaxSysCallPriority
                0x200004a4        0x1 build/port.o
 *fill*         0x200004a5        0x3 
 .bss.xBlockAllocatedBit
                0x200004a8        0x4 build/heap_4.o
 .bss.xNumberOfSuccessfulFrees
                0x200004ac        0x4 build/heap_4.o
 .bss.xNumberOfSuccessfulAllocations
                0x200004b0        0x4 build/heap_4.o
 .bss.xMinimumEverFreeBytesRemaining
                0x200004b4        0x4 build/heap_4.o
 .bss.xFreeBytesRemaining
                0x200004b8        0x4 build/heap_4.o
 .bss.pxEnd     0x200004bc        0x4 build/heap_4.o
 .bss.xStart    0x200004c0        0x8 build/heap_4.o
 .bss.ucHeap    0x200004c8      0xc00 build/heap_4.o
 .bss.adc_buffer
                0x200010c8       0x28 build/Humidity_sensor.o
                0x200010c8                adc_buffer
 .bss.filter    0x200010f0       0x34 build/Humidity_sensor.o
                0x200010f0                filter
 .bss.ctx       0x20001124     0x10b8 build/Humidity_sensor.o
                0x20001124                ctx
 *(COMMON)
                0x200021dc                        . = ALIGN (0x4)
                0x200021dc                        _ebss = .
                0x200021dc                        __bss_end__ = _ebss

._user_heap_stack
                0x200021dc      0x604 load address 0x08002f1c
                0x200021e0                        . = ALIGN (0x8)
 *fill*         0x200021dc        0x4 
                [!provide]                        PROVIDE (end = .)
                0x200021e0                        PROVIDE (_end = .)
                0x200023e0                        . = (. + _Min_Heap_Size)
 *fill*         0x200021e0      0x200 
                0x200027e0                        . = (. + _Min_Stack_Size)
 *fill*         0x200023e0      0x400 
                0x200027e0                        . = ALIGN (0x8)

/DISCARD/
 libc.a(*)
 libm.a(*)
 libgcc.a(*)
OUTPUT(build/Automatic_irrigation_system.elf elf32-littlearm)
LOAD linker stubs
LOAD /usr/lib/gcc/arm-none-eabi/13.2.1/../../../arm-none-eabi/lib/thumb/v7-m/nofp/libc.a
LOAD /usr/lib/gcc/arm-none-eabi/13.2.1/../../../arm-none-eabi/lib/thumb/v7-m/nofp/libm.a
LOAD /usr/lib/gcc/arm-none-eabi/13.2.1/thumb/v7-m/nofp/libgcc.a

.ARM.attributes
                0x00000000       0x29
 .ARM.attributes
                0x00000000       0x1d /usr/lib/gcc/arm-none-eabi/13.2.1/thumb/v7-m/nofp/crti.o
 .ARM.attributes
                0x0000001d       0x2d /usr/lib/gcc/arm-none-eabi/13.2.1/thumb/v7-m/nofp/crtbegin.o
 .ARM.attributes
                0x0000004a       0x2d build/main.o
 .ARM.attributes
                0x00000077       0x2d build/stm32f1xx_it.o
 .ARM.attributes
                0x000000a4       0x2d build/stm32f1xx_hal_msp.o
 .ARM.attributes
                0x000000d1       0x2d build/stm32f1xx_hal_adc.o
 .ARM.attributes
                0x000000fe       0x2d build/stm32f1xx_hal_adc_ex.o
 .ARM.attributes
                0x0000012b       0x2d build/stm32f1xx_hal.o
 .ARM.attributes
                0x00000158       0x2d build/stm32f1xx_hal_rcc.o
 .ARM.attributes
                0x00000185       0x2d build/stm32f1xx_hal_rcc_ex.o
 .ARM.attributes
                0x000001b2       0x2d build/stm32f1xx_hal_gpio.o
 .ARM.attributes
                0x000001df       0x2d build/stm32f1xx_hal_dma.o
 .ARM.attributes
                0x0000020c       0x2d build/stm32f1xx_hal_cortex.o
 .ARM.attributes
                0x00000239       0x2d build/system_stm32f1xx.o
 .ARM.attributes
                0x00000266       0x2d build/freertos.o
 .ARM.attributes
                0x00000293       0x2d build/stm32f1xx_hal_timebase_tim.o
 .ARM.attributes
                0x000002c0       0x2d build/stm32f1xx_hal_tim.o
 .ARM.attributes
                0x000002ed       0x2d build/stm32f1xx_hal_tim_ex.o
 .ARM.attributes
                0x0000031a       0x2d build/list.o
 .ARM.attributes
                0x00000347       0x2d build/queue.o
 .ARM.attributes
                0x00000374       0x2d build/tasks.o
 .ARM.attributes
                0x000003a1       0x2d build/cmsis_os.o
 .ARM.attributes
                0x000003ce       0x2d build/port.o
 .ARM.attributes
                0x000003fb       0x2d build/heap_4.o
 .ARM.attributes
                0x00000428       0x2d build/Humidity_sensor.o
 .ARM.attributes
                0x00000455       0x21 build/startup_stm32f103xb.o
 .ARM.attributes
                0x00000476       0x2d /usr/lib/gcc/arm-none-eabi/13.2.1/../../../arm-none-eabi/lib/thumb/v7-m/nofp/libc_nano.a(libc_a-init.o)
 .ARM.attributes
                0x000004a3       0x2d /usr/lib/gcc/arm-none-eabi/13.2.1/../../../arm-none-eabi/lib/thumb/v7-m/nofp/libc_nano.a(libc_a-memset.o)
 .ARM.attributes
                0x000004d0       0x2d /usr/lib/gcc/arm-none-eabi/13.2.1/thumb/v7-m/nofp/crtend.o
 .ARM.attributes
                0x000004fd       0x1d /usr/lib/gcc/arm-none-eabi/13.2.1/thumb/v7-m/nofp/crtn.o

.comment        0x00000000       0x26
 .comment       0x00000000       0x26 /usr/lib/gcc/arm-none-eabi/13.2.1/thumb/v7-m/nofp/crtbegin.o
                                 0x27 (size before relaxing)
 .comment       0x00000026       0x27 build/main.o
 .comment       0x00000026       0x27 build/stm32f1xx_it.o
 .comment       0x00000026       0x27 build/stm32f1xx_hal_msp.o
 .comment       0x00000026       0x27 build/stm32f1xx_hal_adc.o
 .comment       0x00000026       0x27 build/stm32f1xx_hal_adc_ex.o
 .comment       0x00000026       0x27 build/stm32f1xx_hal.o
 .comment       0x00000026       0x27 build/stm32f1xx_hal_rcc.o
 .comment       0x00000026       0x27 build/stm32f1xx_hal_rcc_ex.o
 .comment       0x00000026       0x27 build/stm32f1xx_hal_gpio.o
 .comment       0x00000026       0x27 build/stm32f1xx_hal_dma.o
 .comment       0x00000026       0x27 build/stm32f1xx_hal_cortex.o
 .comment       0x00000026       0x27 build/system_stm32f1xx.o
 .comment       0x00000026       0x27 build/freertos.o
 .comment       0x00000026       0x27 build/stm32f1xx_hal_timebase_tim.o
 .comment       0x00000026       0x27 build/stm32f1xx_hal_tim.o
 .comment       0x00000026       0x27 build/stm32f1xx_hal_tim_ex.o
 .comment       0x00000026       0x27 build/list.o
 .comment       0x00000026       0x27 build/queue.o
 .comment       0x00000026       0x27 build/tasks.o
 .comment       0x00000026       0x27 build/cmsis_os.o
 .comment       0x00000026       0x27 build/port.o
 .comment       0x00000026       0x27 build/heap_4.o
 .comment       0x00000026       0x27 build/Humidity_sensor.o
 .comment       0x00000026       0x27 /usr/lib/gcc/arm-none-eabi/13.2.1/../../../arm-none-eabi/lib/thumb/v7-m/nofp/libc_nano.a(libc_a-init.o)
 .comment       0x00000026       0x27 /usr/lib/gcc/arm-none-eabi/13.2.1/../../../arm-none-eabi/lib/thumb/v7-m/nofp/libc_nano.a(libc_a-memset.o)
 .comment       0x00000026       0x27 /usr/lib/gcc/arm-none-eabi/13.2.1/thumb/v7-m/nofp/crtend.o

.debug_info     0x00000000    0x18331
 .debug_info    0x00000000     0x1555 build/main.o
 .debug_info    0x00001555      0xa5e build/stm32f1xx_it.o
 .debug_info    0x00001fb3      0xc0f build/stm32f1xx_hal_msp.o
 .debug_info    0x00002bc2     0x1076 build/stm32f1xx_hal_adc.o
 .debug_info    0x00003c38      0xd96 build/stm32f1xx_hal_adc_ex.o
 .debug_info    0x000049ce      0x874 build/stm32f1xx_hal.o
 .debug_info    0x00005242      0xaec build/stm32f1xx_hal_rcc.o
 .debug_info    0x00005d2e      0x465 build/stm32f1xx_hal_rcc_ex.o
 .debug_info    0x00006193      0x6bf build/stm32f1xx_hal_gpio.o
 .debug_info    0x00006852      0x8c9 build/stm32f1xx_hal_dma.o
 .debug_info    0x0000711b      0xe1b build/stm32f1xx_hal_cortex.o
 .debug_info    0x00007f36      0x256 build/system_stm32f1xx.o
 .debug_info    0x0000818c      0x29d build/freertos.o
 .debug_info    0x00008429      0xb33 build/stm32f1xx_hal_timebase_tim.o
 .debug_info    0x00008f5c     0x412e build/stm32f1xx_hal_tim.o
 .debug_info    0x0000d08a     0x1d37 build/stm32f1xx_hal_tim_ex.o
 .debug_info    0x0000edc1      0x303 build/list.o
 .debug_info    0x0000f0c4     0x24ab build/queue.o
 .debug_info    0x0001156f     0x2b2f build/tasks.o
 .debug_info    0x0001409e     0x26eb build/cmsis_os.o
 .debug_info    0x00016789      0x54b build/port.o
 .debug_info    0x00016cd4      0x5f4 build/heap_4.o
 .debug_info    0x000172c8      0xdf9 build/Humidity_sensor.o
 .debug_info    0x000180c1       0x30 build/startup_stm32f103xb.o
 .debug_info    0x000180f1      0x10b /usr/lib/gcc/arm-none-eabi/13.2.1/../../../arm-none-eabi/lib/thumb/v7-m/nofp/libc_nano.a(libc_a-init.o)
 .debug_info    0x000181fc      0x135 /usr/lib/gcc/arm-none-eabi/13.2.1/../../../arm-none-eabi/lib/thumb/v7-m/nofp/libc_nano.a(libc_a-memset.o)

.debug_abbrev   0x00000000     0x3b92
 .debug_abbrev  0x00000000      0x32f build/main.o
 .debug_abbrev  0x0000032f      0x18e build/stm32f1xx_it.o
 .debug_abbrev  0x000004bd      0x22b build/stm32f1xx_hal_msp.o
 .debug_abbrev  0x000006e8      0x282 build/stm32f1xx_hal_adc.o
 .debug_abbrev  0x0000096a      0x297 build/stm32f1xx_hal_adc_ex.o
 .debug_abbrev  0x00000c01      0x232 build/stm32f1xx_hal.o
 .debug_abbrev  0x00000e33      0x2d6 build/stm32f1xx_hal_rcc.o
 .debug_abbrev  0x00001109      0x1d4 build/stm32f1xx_hal_rcc_ex.o
 .debug_abbrev  0x000012dd      0x222 build/stm32f1xx_hal_gpio.o
 .debug_abbrev  0x000014ff      0x261 build/stm32f1xx_hal_dma.o
 .debug_abbrev  0x00001760      0x3aa build/stm32f1xx_hal_cortex.o
 .debug_abbrev  0x00001b0a      0x140 build/system_stm32f1xx.o
 .debug_abbrev  0x00001c4a       0xe6 build/freertos.o
 .debug_abbrev  0x00001d30      0x22d build/stm32f1xx_hal_timebase_tim.o
 .debug_abbrev  0x00001f5d      0x2bd build/stm32f1xx_hal_tim.o
 .debug_abbrev  0x0000221a      0x2b7 build/stm32f1xx_hal_tim_ex.o
 .debug_abbrev  0x000024d1      0x124 build/list.o
 .debug_abbrev  0x000025f5      0x431 build/queue.o
 .debug_abbrev  0x00002a26      0x3f0 build/tasks.o
 .debug_abbrev  0x00002e16      0x3fb build/cmsis_os.o
 .debug_abbrev  0x00003211      0x2c2 build/port.o
 .debug_abbrev  0x000034d3      0x27a build/heap_4.o
 .debug_abbrev  0x0000374d      0x2a8 build/Humidity_sensor.o
 .debug_abbrev  0x000039f5       0x1d build/startup_stm32f103xb.o
 .debug_abbrev  0x00003a12       0xc9 /usr/lib/gcc/arm-none-eabi/13.2.1/../../../arm-none-eabi/lib/thumb/v7-m/nofp/libc_nano.a(libc_a-init.o)
 .debug_abbrev  0x00003adb       0xb7 /usr/lib/gcc/arm-none-eabi/13.2.1/../../../arm-none-eabi/lib/thumb/v7-m/nofp/libc_nano.a(libc_a-memset.o)

.debug_loc      0x00000000    0x12e82
 .debug_loc     0x00000000      0x217 build/main.o
 .debug_loc     0x00000217       0x60 build/stm32f1xx_it.o
 .debug_loc     0x00000277      0x181 build/stm32f1xx_hal_msp.o
 .debug_loc     0x000003f8      0xf1c build/stm32f1xx_hal_adc.o
 .debug_loc     0x00001314      0xb42 build/stm32f1xx_hal_adc_ex.o
 .debug_loc     0x00001e56      0x1f9 build/stm32f1xx_hal.o
 .debug_loc     0x0000204f      0x7c6 build/stm32f1xx_hal_rcc.o
 .debug_loc     0x00002815      0x4a9 build/stm32f1xx_hal_rcc_ex.o
 .debug_loc     0x00002cbe      0x56c build/stm32f1xx_hal_gpio.o
 .debug_loc     0x0000322a      0x990 build/stm32f1xx_hal_dma.o
 .debug_loc     0x00003bba      0x8b4 build/stm32f1xx_hal_cortex.o
 .debug_loc     0x0000446e      0x11b build/system_stm32f1xx.o
 .debug_loc     0x00004589      0x12e build/stm32f1xx_hal_timebase_tim.o
 .debug_loc     0x000046b7     0x6168 build/stm32f1xx_hal_tim.o
 .debug_loc     0x0000a81f     0x227b build/stm32f1xx_hal_tim_ex.o
 .debug_loc     0x0000ca9a       0xeb build/list.o
 .debug_loc     0x0000cb85     0x1b24 build/queue.o
 .debug_loc     0x0000e6a9     0x23c1 build/tasks.o
 .debug_loc     0x00010a6a     0x1bc6 build/cmsis_os.o
 .debug_loc     0x00012630      0x172 build/port.o
 .debug_loc     0x000127a2      0x51c build/heap_4.o
 .debug_loc     0x00012cbe      0x1c4 build/Humidity_sensor.o

.debug_aranges  0x00000000     0x11a8
 .debug_aranges
                0x00000000       0x60 build/main.o
 .debug_aranges
                0x00000060       0x60 build/stm32f1xx_it.o
 .debug_aranges
                0x000000c0       0x30 build/stm32f1xx_hal_msp.o
 .debug_aranges
                0x000000f0       0xf0 build/stm32f1xx_hal_adc.o
 .debug_aranges
                0x000001e0       0x80 build/stm32f1xx_hal_adc_ex.o
 .debug_aranges
                0x00000260       0xe0 build/stm32f1xx_hal.o
 .debug_aranges
                0x00000340       0x90 build/stm32f1xx_hal_rcc.o
 .debug_aranges
                0x000003d0       0x30 build/stm32f1xx_hal_rcc_ex.o
 .debug_aranges
                0x00000400       0x58 build/stm32f1xx_hal_gpio.o
 .debug_aranges
                0x00000458       0x80 build/stm32f1xx_hal_dma.o
 .debug_aranges
                0x000004d8       0xc0 build/stm32f1xx_hal_cortex.o
 .debug_aranges
                0x00000598       0x28 build/system_stm32f1xx.o
 .debug_aranges
                0x000005c0       0x28 build/freertos.o
 .debug_aranges
                0x000005e8       0x30 build/stm32f1xx_hal_timebase_tim.o
 .debug_aranges
                0x00000618      0x3d0 build/stm32f1xx_hal_tim.o
 .debug_aranges
                0x000009e8      0x168 build/stm32f1xx_hal_tim_ex.o
 .debug_aranges
                0x00000b50       0x40 build/list.o
 .debug_aranges
                0x00000b90      0x108 build/queue.o
 .debug_aranges
                0x00000c98      0x1b8 build/tasks.o
 .debug_aranges
                0x00000e50      0x1d8 build/cmsis_os.o
 .debug_aranges
                0x00001028       0x78 build/port.o
 .debug_aranges
                0x000010a0       0x58 build/heap_4.o
 .debug_aranges
                0x000010f8       0x48 build/Humidity_sensor.o
 .debug_aranges
                0x00001140       0x28 build/startup_stm32f103xb.o
 .debug_aranges
                0x00001168       0x20 /usr/lib/gcc/arm-none-eabi/13.2.1/../../../arm-none-eabi/lib/thumb/v7-m/nofp/libc_nano.a(libc_a-init.o)
 .debug_aranges
                0x00001188       0x20 /usr/lib/gcc/arm-none-eabi/13.2.1/../../../arm-none-eabi/lib/thumb/v7-m/nofp/libc_nano.a(libc_a-memset.o)

.debug_ranges   0x00000000     0x11e8
 .debug_ranges  0x00000000       0x50 build/main.o
 .debug_ranges  0x00000050       0x50 build/stm32f1xx_it.o
 .debug_ranges  0x000000a0       0x20 build/stm32f1xx_hal_msp.o
 .debug_ranges  0x000000c0       0xe0 build/stm32f1xx_hal_adc.o
 .debug_ranges  0x000001a0       0x70 build/stm32f1xx_hal_adc_ex.o
 .debug_ranges  0x00000210       0xd0 build/stm32f1xx_hal.o
 .debug_ranges  0x000002e0       0xa0 build/stm32f1xx_hal_rcc.o
 .debug_ranges  0x00000380       0x38 build/stm32f1xx_hal_rcc_ex.o
 .debug_ranges  0x000003b8       0x48 build/stm32f1xx_hal_gpio.o
 .debug_ranges  0x00000400       0x70 build/stm32f1xx_hal_dma.o
 .debug_ranges  0x00000470       0xb0 build/stm32f1xx_hal_cortex.o
 .debug_ranges  0x00000520       0x18 build/system_stm32f1xx.o
 .debug_ranges  0x00000538       0x18 build/freertos.o
 .debug_ranges  0x00000550       0x20 build/stm32f1xx_hal_timebase_tim.o
 .debug_ranges  0x00000570      0x3c0 build/stm32f1xx_hal_tim.o
 .debug_ranges  0x00000930      0x158 build/stm32f1xx_hal_tim_ex.o
 .debug_ranges  0x00000a88       0x30 build/list.o
 .debug_ranges  0x00000ab8      0x1c8 build/queue.o
 .debug_ranges  0x00000c80      0x280 build/tasks.o
 .debug_ranges  0x00000f00      0x1c8 build/cmsis_os.o
 .debug_ranges  0x000010c8       0x68 build/port.o
 .debug_ranges  0x00001130       0x48 build/heap_4.o
 .debug_ranges  0x00001178       0x50 build/Humidity_sensor.o
 .debug_ranges  0x000011c8       0x20 build/startup_stm32f103xb.o

.debug_line     0x00000000    0x10f3b
 .debug_line    0x00000000      0x5b9 build/main.o
 .debug_line    0x000005b9      0x213 build/stm32f1xx_it.o
 .debug_line    0x000007cc      0x2b8 build/stm32f1xx_hal_msp.o
 .debug_line    0x00000a84      0xddf build/stm32f1xx_hal_adc.o
 .debug_line    0x00001863      0xaab build/stm32f1xx_hal_adc_ex.o
 .debug_line    0x0000230e      0x489 build/stm32f1xx_hal.o
 .debug_line    0x00002797      0xc05 build/stm32f1xx_hal_rcc.o
 .debug_line    0x0000339c      0x405 build/stm32f1xx_hal_rcc_ex.o
 .debug_line    0x000037a1      0x52b build/stm32f1xx_hal_gpio.o
 .debug_line    0x00003ccc      0xa4a build/stm32f1xx_hal_dma.o
 .debug_line    0x00004716      0x602 build/stm32f1xx_hal_cortex.o
 .debug_line    0x00004d18      0x1a0 build/system_stm32f1xx.o
 .debug_line    0x00004eb8      0x134 build/freertos.o
 .debug_line    0x00004fec      0x244 build/stm32f1xx_hal_timebase_tim.o
 .debug_line    0x00005230     0x454a build/stm32f1xx_hal_tim.o
 .debug_line    0x0000977a     0x1947 build/stm32f1xx_hal_tim_ex.o
 .debug_line    0x0000b0c1      0x2cf build/list.o
 .debug_line    0x0000b390     0x182a build/queue.o
 .debug_line    0x0000cbba     0x1fdf build/tasks.o
 .debug_line    0x0000eb99     0x11d8 build/cmsis_os.o
 .debug_line    0x0000fd71      0x503 build/port.o
 .debug_line    0x00010274      0x627 build/heap_4.o
 .debug_line    0x0001089b      0x360 build/Humidity_sensor.o
 .debug_line    0x00010bfb       0x71 build/startup_stm32f103xb.o
 .debug_line    0x00010c6c      0x11e /usr/lib/gcc/arm-none-eabi/13.2.1/../../../arm-none-eabi/lib/thumb/v7-m/nofp/libc_nano.a(libc_a-init.o)
 .debug_line    0x00010d8a      0x1b1 /usr/lib/gcc/arm-none-eabi/13.2.1/../../../arm-none-eabi/lib/thumb/v7-m/nofp/libc_nano.a(libc_a-memset.o)

.debug_str      0x00000000     0x5a84
 .debug_str     0x00000000     0x5a84 build/main.o
                               0x1128 (size before relaxing)
 .debug_str     0x00005a84      0x856 build/stm32f1xx_it.o
 .debug_str     0x00005a84      0x90a build/stm32f1xx_hal_msp.o
 .debug_str     0x00005a84      0x8b3 build/stm32f1xx_hal_adc.o
 .debug_str     0x00005a84      0x8a0 build/stm32f1xx_hal_adc_ex.o
 .debug_str     0x00005a84      0x811 build/stm32f1xx_hal.o
 .debug_str     0x00005a84      0x5f9 build/stm32f1xx_hal_rcc.o
 .debug_str     0x00005a84      0x3ac build/stm32f1xx_hal_rcc_ex.o
 .debug_str     0x00005a84      0x3d8 build/stm32f1xx_hal_gpio.o
 .debug_str     0x00005a84      0x5e0 build/stm32f1xx_hal_dma.o
 .debug_str     0x00005a84      0x8a2 build/stm32f1xx_hal_cortex.o
 .debug_str     0x00005a84      0x22d build/system_stm32f1xx.o
 .debug_str     0x00005a84      0x2e5 build/freertos.o
 .debug_str     0x00005a84      0xaef build/stm32f1xx_hal_timebase_tim.o
 .debug_str     0x00005a84     0x165d build/stm32f1xx_hal_tim.o
 .debug_str     0x00005a84      0xe69 build/stm32f1xx_hal_tim_ex.o
 .debug_str     0x00005a84      0x2d8 build/list.o
 .debug_str     0x00005a84      0xb2e build/queue.o
 .debug_str     0x00005a84      0xff1 build/tasks.o
 .debug_str     0x00005a84     0x103c build/cmsis_os.o
 .debug_str     0x00005a84      0x43a build/port.o
 .debug_str     0x00005a84      0x4e7 build/heap_4.o
 .debug_str     0x00005a84      0x8c6 build/Humidity_sensor.o
 .debug_str     0x00005a84       0x77 build/startup_stm32f103xb.o
 .debug_str     0x00005a84      0x1f2 /usr/lib/gcc/arm-none-eabi/13.2.1/../../../arm-none-eabi/lib/thumb/v7-m/nofp/libc_nano.a(libc_a-init.o)
 .debug_str     0x00005a84      0x1a5 /usr/lib/gcc/arm-none-eabi/13.2.1/../../../arm-none-eabi/lib/thumb/v7-m/nofp/libc_nano.a(libc_a-memset.o)

.debug_frame    0x00000000     0x2f7c
 .debug_frame   0x00000000       0xfc build/main.o
 .debug_frame   0x000000fc       0xb8 build/stm32f1xx_it.o
 .debug_frame   0x000001b4       0x64 build/stm32f1xx_hal_msp.o
 .debug_frame   0x00000218      0x2c8 build/stm32f1xx_hal_adc.o
 .debug_frame   0x000004e0      0x19c build/stm32f1xx_hal_adc_ex.o
 .debug_frame   0x0000067c      0x1cc build/stm32f1xx_hal.o
 .debug_frame   0x00000848      0x184 build/stm32f1xx_hal_rcc.o
 .debug_frame   0x000009cc       0x5c build/stm32f1xx_hal_rcc_ex.o
 .debug_frame   0x00000a28       0xe4 build/stm32f1xx_hal_gpio.o
 .debug_frame   0x00000b0c      0x144 build/stm32f1xx_hal_dma.o
 .debug_frame   0x00000c50      0x19c build/stm32f1xx_hal_cortex.o
 .debug_frame   0x00000dec       0x30 build/system_stm32f1xx.o
 .debug_frame   0x00000e1c       0x30 build/freertos.o
 .debug_frame   0x00000e4c       0x54 build/stm32f1xx_hal_timebase_tim.o
 .debug_frame   0x00000ea0      0xb18 build/stm32f1xx_hal_tim.o
 .debug_frame   0x000019b8      0x418 build/stm32f1xx_hal_tim_ex.o
 .debug_frame   0x00001dd0       0x70 build/list.o
 .debug_frame   0x00001e40      0x358 build/queue.o
 .debug_frame   0x00002198      0x598 build/tasks.o
 .debug_frame   0x00002730      0x58c build/cmsis_os.o
 .debug_frame   0x00002cbc       0xf0 build/port.o
 .debug_frame   0x00002dac       0xd0 build/heap_4.o
 .debug_frame   0x00002e7c       0xa8 build/Humidity_sensor.o
 .debug_frame   0x00002f24       0x2c /usr/lib/gcc/arm-none-eabi/13.2.1/../../../arm-none-eabi/lib/thumb/v7-m/nofp/libc_nano.a(libc_a-init.o)
 .debug_frame   0x00002f50       0x2c /usr/lib/gcc/arm-none-eabi/13.2.1/../../../arm-none-eabi/lib/thumb/v7-m/nofp/libc_nano.a(libc_a-memset.o)

.debug_loclists
                0x00000000      0x23c
 .debug_loclists
                0x00000000       0x65 /usr/lib/gcc/arm-none-eabi/13.2.1/../../../arm-none-eabi/lib/thumb/v7-m/nofp/libc_nano.a(libc_a-init.o)
 .debug_loclists
                0x00000065      0x1d7 /usr/lib/gcc/arm-none-eabi/13.2.1/../../../arm-none-eabi/lib/thumb/v7-m/nofp/libc_nano.a(libc_a-memset.o)

Cross Reference Table

Symbol                                            File
ADC1_2_IRQHandler                                 build/stm32f1xx_it.o
ADC_Calibrate                                     build/Humidity_sensor.o
ADC_ConversionStop_Disable                        build/stm32f1xx_hal_adc.o
                                                  build/stm32f1xx_hal_adc_ex.o
ADC_DMAConvCplt                                   build/stm32f1xx_hal_adc.o
                                                  build/stm32f1xx_hal_adc_ex.o
ADC_DMAError                                      build/stm32f1xx_hal_adc.o
                                                  build/stm32f1xx_hal_adc_ex.o
ADC_DMAHalfConvCplt                               build/stm32f1xx_hal_adc.o
                                                  build/stm32f1xx_hal_adc_ex.o
ADC_Enable                                        build/stm32f1xx_hal_adc.o
                                                  build/stm32f1xx_hal_adc_ex.o
AHBPrescTable                                     build/system_stm32f1xx.o
                                                  build/stm32f1xx_hal_rcc.o
APBPrescTable                                     build/system_stm32f1xx.o
                                                  build/stm32f1xx_hal_rcc.o
BusFault_Handler                                  build/stm32f1xx_it.o
CAN1_RX1_IRQHandler                               build/startup_stm32f103xb.o
CAN1_SCE_IRQHandler                               build/startup_stm32f103xb.o
DMA1_Channel1_IRQHandler                          build/stm32f1xx_it.o
DMA1_Channel2_IRQHandler                          build/startup_stm32f103xb.o
DMA1_Channel3_IRQHandler                          build/startup_stm32f103xb.o
DMA1_Channel4_IRQHandler                          build/startup_stm32f103xb.o
DMA1_Channel5_IRQHandler                          build/startup_stm32f103xb.o
DMA1_Channel6_IRQHandler                          build/startup_stm32f103xb.o
DMA1_Channel7_IRQHandler                          build/startup_stm32f103xb.o
DebugMon_Handler                                  build/stm32f1xx_it.o
Default_Handler                                   build/startup_stm32f103xb.o
EXTI0_IRQHandler                                  build/startup_stm32f103xb.o
EXTI15_10_IRQHandler                              build/startup_stm32f103xb.o
EXTI1_IRQHandler                                  build/startup_stm32f103xb.o
EXTI2_IRQHandler                                  build/startup_stm32f103xb.o
EXTI3_IRQHandler                                  build/startup_stm32f103xb.o
EXTI4_IRQHandler                                  build/startup_stm32f103xb.o
EXTI9_5_IRQHandler                                build/startup_stm32f103xb.o
Error_Handler                                     build/main.o
                                                  build/stm32f1xx_hal_msp.o
FLASH_IRQHandler                                  build/startup_stm32f103xb.o
FLASH_PageErase                                   build/stm32f1xx_hal_flash_ex.o
                                                  build/stm32f1xx_hal_flash.o
FLASH_WaitForLastOperation                        build/stm32f1xx_hal_flash.o
                                                  build/stm32f1xx_hal_flash_ex.o
Get_Data_From_Humidity_Sensor                     build/Humidity_sensor.o
HAL_ADCEx_Calibration_Start                       build/stm32f1xx_hal_adc_ex.o
                                                  build/Humidity_sensor.o
HAL_ADCEx_InjectedConfigChannel                   build/stm32f1xx_hal_adc_ex.o
HAL_ADCEx_InjectedConvCpltCallback                build/stm32f1xx_hal_adc_ex.o
                                                  build/stm32f1xx_hal_adc.o
HAL_ADCEx_InjectedGetValue                        build/stm32f1xx_hal_adc_ex.o
HAL_ADCEx_InjectedPollForConversion               build/stm32f1xx_hal_adc_ex.o
HAL_ADCEx_InjectedStart                           build/stm32f1xx_hal_adc_ex.o
HAL_ADCEx_InjectedStart_IT                        build/stm32f1xx_hal_adc_ex.o
HAL_ADCEx_InjectedStop                            build/stm32f1xx_hal_adc_ex.o
HAL_ADCEx_InjectedStop_IT                         build/stm32f1xx_hal_adc_ex.o
HAL_ADCEx_MultiModeConfigChannel                  build/stm32f1xx_hal_adc_ex.o
HAL_ADCEx_MultiModeGetValue                       build/stm32f1xx_hal_adc_ex.o
HAL_ADCEx_MultiModeStart_DMA                      build/stm32f1xx_hal_adc_ex.o
HAL_ADCEx_MultiModeStop_DMA                       build/stm32f1xx_hal_adc_ex.o
HAL_ADC_AnalogWDGConfig                           build/stm32f1xx_hal_adc.o
HAL_ADC_ConfigChannel                             build/stm32f1xx_hal_adc.o
                                                  build/main.o
HAL_ADC_ConvCpltCallback                          build/Humidity_sensor.o
                                                  build/stm32f1xx_hal_adc.o
HAL_ADC_ConvHalfCpltCallback                      build/stm32f1xx_hal_adc.o
HAL_ADC_DeInit                                    build/stm32f1xx_hal_adc.o
HAL_ADC_ErrorCallback                             build/stm32f1xx_hal_adc.o
HAL_ADC_GetError                                  build/stm32f1xx_hal_adc.o
HAL_ADC_GetState                                  build/stm32f1xx_hal_adc.o
HAL_ADC_GetValue                                  build/stm32f1xx_hal_adc.o
HAL_ADC_IRQHandler                                build/stm32f1xx_hal_adc.o
                                                  build/stm32f1xx_it.o
HAL_ADC_Init                                      build/stm32f1xx_hal_adc.o
                                                  build/main.o
HAL_ADC_LevelOutOfWindowCallback                  build/stm32f1xx_hal_adc.o
HAL_ADC_MspDeInit                                 build/stm32f1xx_hal_msp.o
HAL_ADC_MspInit                                   build/stm32f1xx_hal_msp.o
HAL_ADC_PollForConversion                         build/stm32f1xx_hal_adc.o
HAL_ADC_PollForEvent                              build/stm32f1xx_hal_adc.o
HAL_ADC_Start                                     build/stm32f1xx_hal_adc.o
HAL_ADC_Start_DMA                                 build/stm32f1xx_hal_adc.o
                                                  build/Humidity_sensor.o
HAL_ADC_Start_IT                                  build/stm32f1xx_hal_adc.o
HAL_ADC_Stop                                      build/stm32f1xx_hal_adc.o
                                                  build/Humidity_sensor.o
HAL_ADC_Stop_DMA                                  build/stm32f1xx_hal_adc.o
HAL_ADC_Stop_IT                                   build/stm32f1xx_hal_adc.o
HAL_DBGMCU_DisableDBGSleepMode                    build/stm32f1xx_hal.o
HAL_DBGMCU_DisableDBGStandbyMode                  build/stm32f1xx_hal.o
HAL_DBGMCU_DisableDBGStopMode                     build/stm32f1xx_hal.o
HAL_DBGMCU_EnableDBGSleepMode                     build/stm32f1xx_hal.o
HAL_DBGMCU_EnableDBGStandbyMode                   build/stm32f1xx_hal.o
HAL_DBGMCU_EnableDBGStopMode                      build/stm32f1xx_hal.o
HAL_DMA_Abort                                     build/stm32f1xx_hal_dma.o
                                                  build/stm32f1xx_hal_adc_ex.o
                                                  build/stm32f1xx_hal_adc.o
HAL_DMA_Abort_IT                                  build/stm32f1xx_hal_dma.o
                                                  build/stm32f1xx_hal_tim_ex.o
                                                  build/stm32f1xx_hal_tim.o
HAL_DMA_DeInit                                    build/stm32f1xx_hal_dma.o
                                                  build/stm32f1xx_hal_msp.o
HAL_DMA_GetError                                  build/stm32f1xx_hal_dma.o
                                                  build/Humidity_sensor.o
HAL_DMA_GetState                                  build/stm32f1xx_hal_dma.o
HAL_DMA_IRQHandler                                build/stm32f1xx_hal_dma.o
                                                  build/stm32f1xx_it.o
HAL_DMA_Init                                      build/stm32f1xx_hal_dma.o
                                                  build/stm32f1xx_hal_msp.o
HAL_DMA_PollForTransfer                           build/stm32f1xx_hal_dma.o
HAL_DMA_RegisterCallback                          build/stm32f1xx_hal_dma.o
HAL_DMA_Start                                     build/stm32f1xx_hal_dma.o
HAL_DMA_Start_IT                                  build/stm32f1xx_hal_dma.o
                                                  build/stm32f1xx_hal_tim_ex.o
                                                  build/stm32f1xx_hal_tim.o
                                                  build/stm32f1xx_hal_adc_ex.o
                                                  build/stm32f1xx_hal_adc.o
HAL_DMA_UnRegisterCallback                        build/stm32f1xx_hal_dma.o
HAL_DeInit                                        build/stm32f1xx_hal.o
HAL_Delay                                         build/stm32f1xx_hal.o
HAL_EXTI_ClearConfigLine                          build/stm32f1xx_hal_exti.o
HAL_EXTI_ClearPending                             build/stm32f1xx_hal_exti.o
HAL_EXTI_GenerateSWI                              build/stm32f1xx_hal_exti.o
HAL_EXTI_GetConfigLine                            build/stm32f1xx_hal_exti.o
HAL_EXTI_GetHandle                                build/stm32f1xx_hal_exti.o
HAL_EXTI_GetPending                               build/stm32f1xx_hal_exti.o
HAL_EXTI_IRQHandler                               build/stm32f1xx_hal_exti.o
HAL_EXTI_RegisterCallback                         build/stm32f1xx_hal_exti.o
HAL_EXTI_SetConfigLine                            build/stm32f1xx_hal_exti.o
HAL_FLASHEx_Erase                                 build/stm32f1xx_hal_flash_ex.o
HAL_FLASHEx_Erase_IT                              build/stm32f1xx_hal_flash_ex.o
HAL_FLASHEx_OBErase                               build/stm32f1xx_hal_flash_ex.o
HAL_FLASHEx_OBGetConfig                           build/stm32f1xx_hal_flash_ex.o
HAL_FLASHEx_OBGetUserData                         build/stm32f1xx_hal_flash_ex.o
HAL_FLASHEx_OBProgram                             build/stm32f1xx_hal_flash_ex.o
HAL_FLASH_EndOfOperationCallback                  build/stm32f1xx_hal_flash.o
HAL_FLASH_GetError                                build/stm32f1xx_hal_flash.o
HAL_FLASH_IRQHandler                              build/stm32f1xx_hal_flash.o
HAL_FLASH_Lock                                    build/stm32f1xx_hal_flash.o
HAL_FLASH_OB_Launch                               build/stm32f1xx_hal_flash.o
HAL_FLASH_OB_Lock                                 build/stm32f1xx_hal_flash.o
HAL_FLASH_OB_Unlock                               build/stm32f1xx_hal_flash.o
HAL_FLASH_OperationErrorCallback                  build/stm32f1xx_hal_flash.o
HAL_FLASH_Program                                 build/stm32f1xx_hal_flash.o
HAL_FLASH_Program_IT                              build/stm32f1xx_hal_flash.o
HAL_FLASH_Unlock                                  build/stm32f1xx_hal_flash.o
HAL_GPIOEx_ConfigEventout                         build/stm32f1xx_hal_gpio_ex.o
HAL_GPIOEx_DisableEventout                        build/stm32f1xx_hal_gpio_ex.o
HAL_GPIOEx_EnableEventout                         build/stm32f1xx_hal_gpio_ex.o
HAL_GPIO_DeInit                                   build/stm32f1xx_hal_gpio.o
                                                  build/stm32f1xx_hal_msp.o
HAL_GPIO_EXTI_Callback                            build/stm32f1xx_hal_gpio.o
HAL_GPIO_EXTI_IRQHandler                          build/stm32f1xx_hal_gpio.o
HAL_GPIO_Init                                     build/stm32f1xx_hal_gpio.o
                                                  build/stm32f1xx_hal_rcc.o
                                                  build/stm32f1xx_hal_msp.o
HAL_GPIO_LockPin                                  build/stm32f1xx_hal_gpio.o
HAL_GPIO_ReadPin                                  build/stm32f1xx_hal_gpio.o
HAL_GPIO_TogglePin                                build/stm32f1xx_hal_gpio.o
HAL_GPIO_WritePin                                 build/stm32f1xx_hal_gpio.o
HAL_GetDEVID                                      build/stm32f1xx_hal.o
HAL_GetHalVersion                                 build/stm32f1xx_hal.o
HAL_GetREVID                                      build/stm32f1xx_hal.o
HAL_GetTick                                       build/stm32f1xx_hal.o
                                                  build/stm32f1xx_hal_flash.o
                                                  build/stm32f1xx_hal_dma.o
                                                  build/stm32f1xx_hal_rcc_ex.o
                                                  build/stm32f1xx_hal_rcc.o
                                                  build/stm32f1xx_hal_adc_ex.o
                                                  build/stm32f1xx_hal_adc.o
HAL_GetTickFreq                                   build/stm32f1xx_hal.o
HAL_GetTickPrio                                   build/stm32f1xx_hal.o
HAL_GetUIDw0                                      build/stm32f1xx_hal.o
HAL_GetUIDw1                                      build/stm32f1xx_hal.o
HAL_GetUIDw2                                      build/stm32f1xx_hal.o
HAL_IncTick                                       build/stm32f1xx_hal.o
                                                  build/main.o
HAL_Init                                          build/stm32f1xx_hal.o
                                                  build/main.o
HAL_InitTick                                      build/stm32f1xx_hal_timebase_tim.o
                                                  build/stm32f1xx_hal.o
                                                  build/stm32f1xx_hal_rcc.o
HAL_MspDeInit                                     build/stm32f1xx_hal.o
HAL_MspInit                                       build/stm32f1xx_hal_msp.o
HAL_NVIC_ClearPendingIRQ                          build/stm32f1xx_hal_cortex.o
HAL_NVIC_DisableIRQ                               build/stm32f1xx_hal_cortex.o
HAL_NVIC_EnableIRQ                                build/stm32f1xx_hal_cortex.o
                                                  build/stm32f1xx_hal_timebase_tim.o
                                                  build/stm32f1xx_hal_msp.o
                                                  build/main.o
HAL_NVIC_GetActive                                build/stm32f1xx_hal_cortex.o
HAL_NVIC_GetPendingIRQ                            build/stm32f1xx_hal_cortex.o
HAL_NVIC_GetPriority                              build/stm32f1xx_hal_cortex.o
HAL_NVIC_GetPriorityGrouping                      build/stm32f1xx_hal_cortex.o
HAL_NVIC_SetPendingIRQ                            build/stm32f1xx_hal_cortex.o
HAL_NVIC_SetPriority                              build/stm32f1xx_hal_cortex.o
                                                  build/stm32f1xx_hal_timebase_tim.o
                                                  build/stm32f1xx_hal.o
                                                  build/stm32f1xx_hal_msp.o
                                                  build/main.o
HAL_NVIC_SetPriorityGrouping                      build/stm32f1xx_hal_cortex.o
                                                  build/stm32f1xx_hal.o
HAL_NVIC_SystemReset                              build/stm32f1xx_hal_cortex.o
                                                  build/stm32f1xx_hal_flash.o
HAL_PWR_ConfigPVD                                 build/stm32f1xx_hal_pwr.o
HAL_PWR_DeInit                                    build/stm32f1xx_hal_pwr.o
HAL_PWR_DisableBkUpAccess                         build/stm32f1xx_hal_pwr.o
HAL_PWR_DisablePVD                                build/stm32f1xx_hal_pwr.o
HAL_PWR_DisableSEVOnPend                          build/stm32f1xx_hal_pwr.o
HAL_PWR_DisableSleepOnExit                        build/stm32f1xx_hal_pwr.o
HAL_PWR_DisableWakeUpPin                          build/stm32f1xx_hal_pwr.o
HAL_PWR_EnableBkUpAccess                          build/stm32f1xx_hal_pwr.o
HAL_PWR_EnablePVD                                 build/stm32f1xx_hal_pwr.o
HAL_PWR_EnableSEVOnPend                           build/stm32f1xx_hal_pwr.o
HAL_PWR_EnableSleepOnExit                         build/stm32f1xx_hal_pwr.o
HAL_PWR_EnableWakeUpPin                           build/stm32f1xx_hal_pwr.o
HAL_PWR_EnterSLEEPMode                            build/stm32f1xx_hal_pwr.o
HAL_PWR_EnterSTANDBYMode                          build/stm32f1xx_hal_pwr.o
HAL_PWR_EnterSTOPMode                             build/stm32f1xx_hal_pwr.o
HAL_PWR_PVDCallback                               build/stm32f1xx_hal_pwr.o
HAL_PWR_PVD_IRQHandler                            build/stm32f1xx_hal_pwr.o
HAL_RCCEx_GetPeriphCLKConfig                      build/stm32f1xx_hal_rcc_ex.o
HAL_RCCEx_GetPeriphCLKFreq                        build/stm32f1xx_hal_rcc_ex.o
                                                  build/stm32f1xx_hal_adc_ex.o
                                                  build/stm32f1xx_hal_adc.o
HAL_RCCEx_PeriphCLKConfig                         build/stm32f1xx_hal_rcc_ex.o
                                                  build/main.o
HAL_RCC_CSSCallback                               build/stm32f1xx_hal_rcc.o
HAL_RCC_ClockConfig                               build/stm32f1xx_hal_rcc.o
                                                  build/main.o
HAL_RCC_DeInit                                    build/stm32f1xx_hal_rcc.o
HAL_RCC_DisableCSS                                build/stm32f1xx_hal_rcc.o
HAL_RCC_EnableCSS                                 build/stm32f1xx_hal_rcc.o
HAL_RCC_GetClockConfig                            build/stm32f1xx_hal_rcc.o
                                                  build/stm32f1xx_hal_timebase_tim.o
HAL_RCC_GetHCLKFreq                               build/stm32f1xx_hal_rcc.o
HAL_RCC_GetOscConfig                              build/stm32f1xx_hal_rcc.o
HAL_RCC_GetPCLK1Freq                              build/stm32f1xx_hal_rcc.o
HAL_RCC_GetPCLK2Freq                              build/stm32f1xx_hal_rcc.o
                                                  build/stm32f1xx_hal_timebase_tim.o
                                                  build/stm32f1xx_hal_rcc_ex.o
HAL_RCC_GetSysClockFreq                           build/stm32f1xx_hal_rcc.o
HAL_RCC_MCOConfig                                 build/stm32f1xx_hal_rcc.o
HAL_RCC_NMI_IRQHandler                            build/stm32f1xx_hal_rcc.o
HAL_RCC_OscConfig                                 build/stm32f1xx_hal_rcc.o
                                                  build/main.o
HAL_ResumeTick                                    build/stm32f1xx_hal_timebase_tim.o
                                                  build/stm32f1xx_hal.o
HAL_SYSTICK_CLKSourceConfig                       build/stm32f1xx_hal_cortex.o
HAL_SYSTICK_Callback                              build/stm32f1xx_hal_cortex.o
HAL_SYSTICK_Config                                build/stm32f1xx_hal_cortex.o
                                                  build/stm32f1xx_hal.o
HAL_SYSTICK_IRQHandler                            build/stm32f1xx_hal_cortex.o
HAL_SetTickFreq                                   build/stm32f1xx_hal.o
HAL_SuspendTick                                   build/stm32f1xx_hal_timebase_tim.o
                                                  build/stm32f1xx_hal.o
HAL_TIMEx_BreakCallback                           build/stm32f1xx_hal_tim_ex.o
                                                  build/stm32f1xx_hal_tim.o
HAL_TIMEx_CommutCallback                          build/stm32f1xx_hal_tim_ex.o
                                                  build/stm32f1xx_hal_tim.o
HAL_TIMEx_CommutHalfCpltCallback                  build/stm32f1xx_hal_tim_ex.o
HAL_TIMEx_ConfigBreakDeadTime                     build/stm32f1xx_hal_tim_ex.o
HAL_TIMEx_ConfigCommutEvent                       build/stm32f1xx_hal_tim_ex.o
HAL_TIMEx_ConfigCommutEvent_DMA                   build/stm32f1xx_hal_tim_ex.o
HAL_TIMEx_ConfigCommutEvent_IT                    build/stm32f1xx_hal_tim_ex.o
HAL_TIMEx_GetChannelNState                        build/stm32f1xx_hal_tim_ex.o
HAL_TIMEx_HallSensor_DeInit                       build/stm32f1xx_hal_tim_ex.o
HAL_TIMEx_HallSensor_GetState                     build/stm32f1xx_hal_tim_ex.o
HAL_TIMEx_HallSensor_Init                         build/stm32f1xx_hal_tim_ex.o
HAL_TIMEx_HallSensor_MspDeInit                    build/stm32f1xx_hal_tim_ex.o
HAL_TIMEx_HallSensor_MspInit                      build/stm32f1xx_hal_tim_ex.o
HAL_TIMEx_HallSensor_Start                        build/stm32f1xx_hal_tim_ex.o
HAL_TIMEx_HallSensor_Start_DMA                    build/stm32f1xx_hal_tim_ex.o
HAL_TIMEx_HallSensor_Start_IT                     build/stm32f1xx_hal_tim_ex.o
HAL_TIMEx_HallSensor_Stop                         build/stm32f1xx_hal_tim_ex.o
HAL_TIMEx_HallSensor_Stop_DMA                     build/stm32f1xx_hal_tim_ex.o
HAL_TIMEx_HallSensor_Stop_IT                      build/stm32f1xx_hal_tim_ex.o
HAL_TIMEx_MasterConfigSynchronization             build/stm32f1xx_hal_tim_ex.o
HAL_TIMEx_OCN_Start                               build/stm32f1xx_hal_tim_ex.o
HAL_TIMEx_OCN_Start_DMA                           build/stm32f1xx_hal_tim_ex.o
HAL_TIMEx_OCN_Start_IT                            build/stm32f1xx_hal_tim_ex.o
HAL_TIMEx_OCN_Stop                                build/stm32f1xx_hal_tim_ex.o
HAL_TIMEx_OCN_Stop_DMA                            build/stm32f1xx_hal_tim_ex.o
HAL_TIMEx_OCN_Stop_IT                             build/stm32f1xx_hal_tim_ex.o
HAL_TIMEx_OnePulseN_Start                         build/stm32f1xx_hal_tim_ex.o
HAL_TIMEx_OnePulseN_Start_IT                      build/stm32f1xx_hal_tim_ex.o
HAL_TIMEx_OnePulseN_Stop                          build/stm32f1xx_hal_tim_ex.o
HAL_TIMEx_OnePulseN_Stop_IT                       build/stm32f1xx_hal_tim_ex.o
HAL_TIMEx_PWMN_Start                              build/stm32f1xx_hal_tim_ex.o
HAL_TIMEx_PWMN_Start_DMA                          build/stm32f1xx_hal_tim_ex.o
HAL_TIMEx_PWMN_Start_IT                           build/stm32f1xx_hal_tim_ex.o
HAL_TIMEx_PWMN_Stop                               build/stm32f1xx_hal_tim_ex.o
HAL_TIMEx_PWMN_Stop_DMA                           build/stm32f1xx_hal_tim_ex.o
HAL_TIMEx_PWMN_Stop_IT                            build/stm32f1xx_hal_tim_ex.o
HAL_TIMEx_RemapConfig                             build/stm32f1xx_hal_tim_ex.o
HAL_TIM_Base_DeInit                               build/stm32f1xx_hal_tim.o
HAL_TIM_Base_GetState                             build/stm32f1xx_hal_tim.o
HAL_TIM_Base_Init                                 build/stm32f1xx_hal_tim.o
                                                  build/stm32f1xx_hal_timebase_tim.o
HAL_TIM_Base_MspDeInit                            build/stm32f1xx_hal_tim.o
HAL_TIM_Base_MspInit                              build/stm32f1xx_hal_tim.o
HAL_TIM_Base_Start                                build/stm32f1xx_hal_tim.o
HAL_TIM_Base_Start_DMA                            build/stm32f1xx_hal_tim.o
HAL_TIM_Base_Start_IT                             build/stm32f1xx_hal_tim.o
                                                  build/stm32f1xx_hal_timebase_tim.o
HAL_TIM_Base_Stop                                 build/stm32f1xx_hal_tim.o
HAL_TIM_Base_Stop_DMA                             build/stm32f1xx_hal_tim.o
HAL_TIM_Base_Stop_IT                              build/stm32f1xx_hal_tim.o
HAL_TIM_ConfigClockSource                         build/stm32f1xx_hal_tim.o
HAL_TIM_ConfigOCrefClear                          build/stm32f1xx_hal_tim.o
HAL_TIM_ConfigTI1Input                            build/stm32f1xx_hal_tim.o
HAL_TIM_DMABurstState                             build/stm32f1xx_hal_tim.o
HAL_TIM_DMABurst_MultiReadStart                   build/stm32f1xx_hal_tim.o
HAL_TIM_DMABurst_MultiWriteStart                  build/stm32f1xx_hal_tim.o
HAL_TIM_DMABurst_ReadStart                        build/stm32f1xx_hal_tim.o
HAL_TIM_DMABurst_ReadStop                         build/stm32f1xx_hal_tim.o
HAL_TIM_DMABurst_WriteStart                       build/stm32f1xx_hal_tim.o
HAL_TIM_DMABurst_WriteStop                        build/stm32f1xx_hal_tim.o
HAL_TIM_Encoder_DeInit                            build/stm32f1xx_hal_tim.o
HAL_TIM_Encoder_GetState                          build/stm32f1xx_hal_tim.o
HAL_TIM_Encoder_Init                              build/stm32f1xx_hal_tim.o
HAL_TIM_Encoder_MspDeInit                         build/stm32f1xx_hal_tim.o
HAL_TIM_Encoder_MspInit                           build/stm32f1xx_hal_tim.o
HAL_TIM_Encoder_Start                             build/stm32f1xx_hal_tim.o
HAL_TIM_Encoder_Start_DMA                         build/stm32f1xx_hal_tim.o
HAL_TIM_Encoder_Start_IT                          build/stm32f1xx_hal_tim.o
HAL_TIM_Encoder_Stop                              build/stm32f1xx_hal_tim.o
HAL_TIM_Encoder_Stop_DMA                          build/stm32f1xx_hal_tim.o
HAL_TIM_Encoder_Stop_IT                           build/stm32f1xx_hal_tim.o
HAL_TIM_ErrorCallback                             build/stm32f1xx_hal_tim.o
                                                  build/stm32f1xx_hal_tim_ex.o
HAL_TIM_GenerateEvent                             build/stm32f1xx_hal_tim.o
HAL_TIM_GetActiveChannel                          build/stm32f1xx_hal_tim.o
HAL_TIM_GetChannelState                           build/stm32f1xx_hal_tim.o
HAL_TIM_IC_CaptureCallback                        build/stm32f1xx_hal_tim.o
HAL_TIM_IC_CaptureHalfCpltCallback                build/stm32f1xx_hal_tim.o
HAL_TIM_IC_ConfigChannel                          build/stm32f1xx_hal_tim.o
HAL_TIM_IC_DeInit                                 build/stm32f1xx_hal_tim.o
HAL_TIM_IC_GetState                               build/stm32f1xx_hal_tim.o
HAL_TIM_IC_Init                                   build/stm32f1xx_hal_tim.o
HAL_TIM_IC_MspDeInit                              build/stm32f1xx_hal_tim.o
HAL_TIM_IC_MspInit                                build/stm32f1xx_hal_tim.o
HAL_TIM_IC_Start                                  build/stm32f1xx_hal_tim.o
HAL_TIM_IC_Start_DMA                              build/stm32f1xx_hal_tim.o
HAL_TIM_IC_Start_IT                               build/stm32f1xx_hal_tim.o
HAL_TIM_IC_Stop                                   build/stm32f1xx_hal_tim.o
HAL_TIM_IC_Stop_DMA                               build/stm32f1xx_hal_tim.o
HAL_TIM_IC_Stop_IT                                build/stm32f1xx_hal_tim.o
HAL_TIM_IRQHandler                                build/stm32f1xx_hal_tim.o
                                                  build/stm32f1xx_it.o
HAL_TIM_OC_ConfigChannel                          build/stm32f1xx_hal_tim.o
HAL_TIM_OC_DeInit                                 build/stm32f1xx_hal_tim.o
HAL_TIM_OC_DelayElapsedCallback                   build/stm32f1xx_hal_tim.o
HAL_TIM_OC_GetState                               build/stm32f1xx_hal_tim.o
HAL_TIM_OC_Init                                   build/stm32f1xx_hal_tim.o
HAL_TIM_OC_MspDeInit                              build/stm32f1xx_hal_tim.o
HAL_TIM_OC_MspInit                                build/stm32f1xx_hal_tim.o
HAL_TIM_OC_Start                                  build/stm32f1xx_hal_tim.o
HAL_TIM_OC_Start_DMA                              build/stm32f1xx_hal_tim.o
HAL_TIM_OC_Start_IT                               build/stm32f1xx_hal_tim.o
HAL_TIM_OC_Stop                                   build/stm32f1xx_hal_tim.o
HAL_TIM_OC_Stop_DMA                               build/stm32f1xx_hal_tim.o
HAL_TIM_OC_Stop_IT                                build/stm32f1xx_hal_tim.o
HAL_TIM_OnePulse_ConfigChannel                    build/stm32f1xx_hal_tim.o
HAL_TIM_OnePulse_DeInit                           build/stm32f1xx_hal_tim.o
HAL_TIM_OnePulse_GetState                         build/stm32f1xx_hal_tim.o
HAL_TIM_OnePulse_Init                             build/stm32f1xx_hal_tim.o
HAL_TIM_OnePulse_MspDeInit                        build/stm32f1xx_hal_tim.o
HAL_TIM_OnePulse_MspInit                          build/stm32f1xx_hal_tim.o
HAL_TIM_OnePulse_Start                            build/stm32f1xx_hal_tim.o
HAL_TIM_OnePulse_Start_IT                         build/stm32f1xx_hal_tim.o
HAL_TIM_OnePulse_Stop                             build/stm32f1xx_hal_tim.o
HAL_TIM_OnePulse_Stop_IT                          build/stm32f1xx_hal_tim.o
HAL_TIM_PWM_ConfigChannel                         build/stm32f1xx_hal_tim.o
HAL_TIM_PWM_DeInit                                build/stm32f1xx_hal_tim.o
HAL_TIM_PWM_GetState                              build/stm32f1xx_hal_tim.o
HAL_TIM_PWM_Init                                  build/stm32f1xx_hal_tim.o
HAL_TIM_PWM_MspDeInit                             build/stm32f1xx_hal_tim.o
HAL_TIM_PWM_MspInit                               build/stm32f1xx_hal_tim.o
HAL_TIM_PWM_PulseFinishedCallback                 build/stm32f1xx_hal_tim.o
                                                  build/stm32f1xx_hal_tim_ex.o
HAL_TIM_PWM_PulseFinishedHalfCpltCallback         build/stm32f1xx_hal_tim.o
HAL_TIM_PWM_Start                                 build/stm32f1xx_hal_tim.o
HAL_TIM_PWM_Start_DMA                             build/stm32f1xx_hal_tim.o
HAL_TIM_PWM_Start_IT                              build/stm32f1xx_hal_tim.o
HAL_TIM_PWM_Stop                                  build/stm32f1xx_hal_tim.o
HAL_TIM_PWM_Stop_DMA                              build/stm32f1xx_hal_tim.o
HAL_TIM_PWM_Stop_IT                               build/stm32f1xx_hal_tim.o
HAL_TIM_PeriodElapsedCallback                     build/main.o
HAL_TIM_PeriodElapsedHalfCpltCallback             build/stm32f1xx_hal_tim.o
HAL_TIM_ReadCapturedValue                         build/stm32f1xx_hal_tim.o
HAL_TIM_SlaveConfigSynchro                        build/stm32f1xx_hal_tim.o
HAL_TIM_SlaveConfigSynchro_IT                     build/stm32f1xx_hal_tim.o
HAL_TIM_TriggerCallback                           build/stm32f1xx_hal_tim.o
HAL_TIM_TriggerHalfCpltCallback                   build/stm32f1xx_hal_tim.o
HardFault_Handler                                 build/stm32f1xx_it.o
Humidity_sensors_init                             build/Humidity_sensor.o
                                                  build/main.o
I2C1_ER_IRQHandler                                build/startup_stm32f103xb.o
I2C1_EV_IRQHandler                                build/startup_stm32f103xb.o
I2C2_ER_IRQHandler                                build/startup_stm32f103xb.o
I2C2_EV_IRQHandler                                build/startup_stm32f103xb.o
MemManage_Handler                                 build/stm32f1xx_it.o
Moving_AVG                                        build/Humidity_sensor.o
NMI_Handler                                       build/stm32f1xx_it.o
PVD_IRQHandler                                    build/startup_stm32f103xb.o
PendSV_Handler                                    build/port.o
QueueStorage                                      build/Watering.o
RCC_IRQHandler                                    build/startup_stm32f103xb.o
RTC_Alarm_IRQHandler                              build/startup_stm32f103xb.o
RTC_IRQHandler                                    build/startup_stm32f103xb.o
Reset_Handler                                     build/startup_stm32f103xb.o
SPI1_IRQHandler                                   build/startup_stm32f103xb.o
SPI2_IRQHandler                                   build/startup_stm32f103xb.o
SVC_Handler                                       build/port.o
StartDefaultTask                                  build/main.o
SysTick_Handler                                   build/port.o
                                                  build/cmsis_os.o
SystemClock_Config                                build/main.o
SystemCoreClock                                   build/system_stm32f1xx.o
                                                  build/port.o
                                                  build/stm32f1xx_hal_rcc.o
                                                  build/stm32f1xx_hal.o
                                                  build/stm32f1xx_hal_adc_ex.o
                                                  build/stm32f1xx_hal_adc.o
SystemCoreClockUpdate                             build/system_stm32f1xx.o
SystemInit                                        build/system_stm32f1xx.o
                                                  build/startup_stm32f103xb.o
TAMPER_IRQHandler                                 build/startup_stm32f103xb.o
TIM1_BRK_IRQHandler                               build/startup_stm32f103xb.o
TIM1_CC_IRQHandler                                build/startup_stm32f103xb.o
TIM1_TRG_COM_IRQHandler                           build/startup_stm32f103xb.o
TIM1_UP_IRQHandler                                build/stm32f1xx_it.o
TIM2_IRQHandler                                   build/startup_stm32f103xb.o
TIM3_IRQHandler                                   build/startup_stm32f103xb.o
TIM4_IRQHandler                                   build/startup_stm32f103xb.o
TIMEx_DMACommutationCplt                          build/stm32f1xx_hal_tim_ex.o
                                                  build/stm32f1xx_hal_tim.o
TIMEx_DMACommutationHalfCplt                      build/stm32f1xx_hal_tim_ex.o
                                                  build/stm32f1xx_hal_tim.o
TIM_Base_SetConfig                                build/stm32f1xx_hal_tim.o
                                                  build/stm32f1xx_hal_tim_ex.o
TIM_CCxChannelCmd                                 build/stm32f1xx_hal_tim.o
                                                  build/stm32f1xx_hal_tim_ex.o
TIM_DMACaptureCplt                                build/stm32f1xx_hal_tim.o
                                                  build/stm32f1xx_hal_tim_ex.o
TIM_DMACaptureHalfCplt                            build/stm32f1xx_hal_tim.o
                                                  build/stm32f1xx_hal_tim_ex.o
TIM_DMADelayPulseHalfCplt                         build/stm32f1xx_hal_tim.o
                                                  build/stm32f1xx_hal_tim_ex.o
TIM_DMAError                                      build/stm32f1xx_hal_tim.o
                                                  build/stm32f1xx_hal_tim_ex.o
TIM_ETR_SetConfig                                 build/stm32f1xx_hal_tim.o
TIM_OC2_SetConfig                                 build/stm32f1xx_hal_tim.o
                                                  build/stm32f1xx_hal_tim_ex.o
TIM_TI1_SetConfig                                 build/stm32f1xx_hal_tim.o
                                                  build/stm32f1xx_hal_tim_ex.o
USART1_IRQHandler                                 build/startup_stm32f103xb.o
USART2_IRQHandler                                 build/startup_stm32f103xb.o
USART3_IRQHandler                                 build/startup_stm32f103xb.o
USBWakeUp_IRQHandler                              build/startup_stm32f103xb.o
USB_HP_CAN1_TX_IRQHandler                         build/startup_stm32f103xb.o
USB_LP_CAN1_RX0_IRQHandler                        build/startup_stm32f103xb.o
UsageFault_Handler                                build/stm32f1xx_it.o
WWDG_IRQHandler                                   build/startup_stm32f103xb.o
Watering_GetQueue                                 build/Watering.o
Watering_Init                                     build/Watering.o
_ITM_deregisterTMCloneTable                       /usr/lib/gcc/arm-none-eabi/13.2.1/thumb/v7-m/nofp/crtbegin.o
_ITM_registerTMCloneTable                         /usr/lib/gcc/arm-none-eabi/13.2.1/thumb/v7-m/nofp/crtbegin.o
_Min_Stack_Size                                   build/sysmem.o
__TMC_END__                                       /usr/lib/gcc/arm-none-eabi/13.2.1/thumb/v7-m/nofp/crtend.o
                                                  /usr/lib/gcc/arm-none-eabi/13.2.1/thumb/v7-m/nofp/crtbegin.o
__atexit                                          /usr/lib/gcc/arm-none-eabi/13.2.1/../../../arm-none-eabi/lib/thumb/v7-m/nofp/libc_nano.a(libc_a-__call_atexit.o)
                                                  /usr/lib/gcc/arm-none-eabi/13.2.1/../../../arm-none-eabi/lib/thumb/v7-m/nofp/libc_nano.a(libc_a-__atexit.o)
__atexit0                                         /usr/lib/gcc/arm-none-eabi/13.2.1/../../../arm-none-eabi/lib/thumb/v7-m/nofp/libc_nano.a(libc_a-__atexit.o)
__atexit_dummy                                    /usr/lib/gcc/arm-none-eabi/13.2.1/../../../arm-none-eabi/lib/thumb/v7-m/nofp/libc_nano.a(libc_a-__atexit.o)
__bss_end__                                       /usr/lib/gcc/arm-none-eabi/13.2.1/../../../arm-none-eabi/lib/thumb/v7-m/nofp/crt0.o
__bss_start__                                     /usr/lib/gcc/arm-none-eabi/13.2.1/../../../arm-none-eabi/lib/thumb/v7-m/nofp/crt0.o
__call_exitprocs                                  /usr/lib/gcc/arm-none-eabi/13.2.1/../../../arm-none-eabi/lib/thumb/v7-m/nofp/libc_nano.a(libc_a-__call_atexit.o)
                                                  /usr/lib/gcc/arm-none-eabi/13.2.1/../../../arm-none-eabi/lib/thumb/v7-m/nofp/libc_nano.a(libc_a-__atexit.o)
                                                  /usr/lib/gcc/arm-none-eabi/13.2.1/../../../arm-none-eabi/lib/thumb/v7-m/nofp/libc_nano.a(libc_a-exit.o)
__deregister_frame_info                           /usr/lib/gcc/arm-none-eabi/13.2.1/thumb/v7-m/nofp/crtbegin.o
__dso_handle                                      /usr/lib/gcc/arm-none-eabi/13.2.1/thumb/v7-m/nofp/crtbegin.o
__env                                             build/syscalls.o
__errno                                           /usr/lib/gcc/arm-none-eabi/13.2.1/../../../arm-none-eabi/lib/thumb/v7-m/nofp/libc_nano.a(libc_a-errno.o)
                                                  build/syscalls.o
                                                  build/sysmem.o
__fini_array_end                                  /usr/lib/gcc/arm-none-eabi/13.2.1/../../../arm-none-eabi/lib/thumb/v7-m/nofp/libc_nano.a(libc_a-fini.o)
__fini_array_start                                /usr/lib/gcc/arm-none-eabi/13.2.1/../../../arm-none-eabi/lib/thumb/v7-m/nofp/libc_nano.a(libc_a-fini.o)
__fp_lock_all                                     /usr/lib/gcc/arm-none-eabi/13.2.1/../../../arm-none-eabi/lib/thumb/v7-m/nofp/libc_nano.a(libc_a-findfp.o)
__fp_unlock_all                                   /usr/lib/gcc/arm-none-eabi/13.2.1/../../../arm-none-eabi/lib/thumb/v7-m/nofp/libc_nano.a(libc_a-findfp.o)
__init_array_end                                  /usr/lib/gcc/arm-none-eabi/13.2.1/../../../arm-none-eabi/lib/thumb/v7-m/nofp/libc_nano.a(libc_a-init.o)
__init_array_start                                /usr/lib/gcc/arm-none-eabi/13.2.1/../../../arm-none-eabi/lib/thumb/v7-m/nofp/libc_nano.a(libc_a-init.o)
__io_getchar                                      build/syscalls.o
__io_putchar                                      build/syscalls.o
__libc_fini_array                                 /usr/lib/gcc/arm-none-eabi/13.2.1/../../../arm-none-eabi/lib/thumb/v7-m/nofp/libc_nano.a(libc_a-fini.o)
                                                  /usr/lib/gcc/arm-none-eabi/13.2.1/../../../arm-none-eabi/lib/thumb/v7-m/nofp/crt0.o
__libc_init_array                                 /usr/lib/gcc/arm-none-eabi/13.2.1/../../../arm-none-eabi/lib/thumb/v7-m/nofp/libc_nano.a(libc_a-init.o)
                                                  build/startup_stm32f103xb.o
                                                  /usr/lib/gcc/arm-none-eabi/13.2.1/../../../arm-none-eabi/lib/thumb/v7-m/nofp/crt0.o
__malloc_free_list                                /usr/lib/gcc/arm-none-eabi/13.2.1/../../../arm-none-eabi/lib/thumb/v7-m/nofp/libc_nano.a(libc_a-mallocr.o)
                                                  /usr/lib/gcc/arm-none-eabi/13.2.1/../../../arm-none-eabi/lib/thumb/v7-m/nofp/libc_nano.a(libc_a-freer.o)
__malloc_lock                                     /usr/lib/gcc/arm-none-eabi/13.2.1/../../../arm-none-eabi/lib/thumb/v7-m/nofp/libc_nano.a(libc_a-mlock.o)
                                                  /usr/lib/gcc/arm-none-eabi/13.2.1/../../../arm-none-eabi/lib/thumb/v7-m/nofp/libc_nano.a(libc_a-freer.o)
                                                  /usr/lib/gcc/arm-none-eabi/13.2.1/../../../arm-none-eabi/lib/thumb/v7-m/nofp/libc_nano.a(libc_a-mallocr.o)
__malloc_sbrk_start                               /usr/lib/gcc/arm-none-eabi/13.2.1/../../../arm-none-eabi/lib/thumb/v7-m/nofp/libc_nano.a(libc_a-mallocr.o)
__malloc_unlock                                   /usr/lib/gcc/arm-none-eabi/13.2.1/../../../arm-none-eabi/lib/thumb/v7-m/nofp/libc_nano.a(libc_a-mlock.o)
                                                  /usr/lib/gcc/arm-none-eabi/13.2.1/../../../arm-none-eabi/lib/thumb/v7-m/nofp/libc_nano.a(libc_a-freer.o)
                                                  /usr/lib/gcc/arm-none-eabi/13.2.1/../../../arm-none-eabi/lib/thumb/v7-m/nofp/libc_nano.a(libc_a-mallocr.o)
__on_exit_args                                    /usr/lib/gcc/arm-none-eabi/13.2.1/../../../arm-none-eabi/lib/thumb/v7-m/nofp/libc_nano.a(libc_a-__atexit.o)
__preinit_array_end                               /usr/lib/gcc/arm-none-eabi/13.2.1/../../../arm-none-eabi/lib/thumb/v7-m/nofp/libc_nano.a(libc_a-init.o)
__preinit_array_start                             /usr/lib/gcc/arm-none-eabi/13.2.1/../../../arm-none-eabi/lib/thumb/v7-m/nofp/libc_nano.a(libc_a-init.o)
__register_exitproc                               /usr/lib/gcc/arm-none-eabi/13.2.1/../../../arm-none-eabi/lib/thumb/v7-m/nofp/libc_nano.a(libc_a-__atexit.o)
                                                  /usr/lib/gcc/arm-none-eabi/13.2.1/../../../arm-none-eabi/lib/thumb/v7-m/nofp/libc_nano.a(libc_a-atexit.o)
__register_frame_info                             /usr/lib/gcc/arm-none-eabi/13.2.1/thumb/v7-m/nofp/crtbegin.o
__sclose                                          /usr/lib/gcc/arm-none-eabi/13.2.1/../../../arm-none-eabi/lib/thumb/v7-m/nofp/libc_nano.a(libc_a-stdio.o)
                                                  /usr/lib/gcc/arm-none-eabi/13.2.1/../../../arm-none-eabi/lib/thumb/v7-m/nofp/libc_nano.a(libc_a-findfp.o)