Archive member included to satisfy reference by file (symbol)

/usr/lib/gcc/arm-none-eabi/13.2.1/../../../arm-none-eabi/lib/thumb/v7-m/nofp/libc_nano.a(libc_a-init.o)
                              /usr/lib/gcc/arm-none-eabi/13.2.1/../../../arm-none-eabi/lib/thumb/v7-m/nofp/crt0.o (__libc_init_array)
/usr/lib/gcc/arm-none-eabi/13.2.1/../../../arm-none-eabi/lib/thumb/v7-m/nofp/libc_nano.a(libc_a-memset.o)
                              /usr/lib/gcc/arm-none-eabi/13.2.1/../../../arm-none-eabi/lib/thumb/v7-m/nofp/crt0.o (memset)
/usr/lib/gcc/arm-none-eabi/13.2.1/../../../arm-none-eabi/lib/thumb/v7-m/nofp/libc_nano.a(libc_a-errno.o)
                              build/sysmem.o (__errno)
/usr/lib/gcc/arm-none-eabi/13.2.1/../../../arm-none-eabi/lib/thumb/v7-m/nofp/libc_nano.a(libc_a-memcpy.o)
                              build/queue.o (memcpy)
/usr/lib/gcc/arm-none-eabi/13.2.1/../../../arm-none-eabi/lib/thumb/v7-m/nofp/libc_nano.a(libc_a-exit.o)
                              /usr/lib/gcc/arm-none-eabi/13.2.1/../../../arm-none-eabi/lib/thumb/v7-m/nofp/crt0.o (exit)
/usr/lib/gcc/arm-none-eabi/13.2.1/../../../arm-none-eabi/lib/thumb/v7-m/nofp/libc_nano.a(libc_a-atexit.o)
                              /usr/lib/gcc/arm-none-eabi/13.2.1/../../../arm-none-eabi/lib/thumb/v7-m/nofp/crt0.o (atexit)
/usr/lib/gcc/arm-none-eabi/13.2.1/../../../arm-none-eabi/lib/thumb/v7-m/nofp/libc_nano.a(libc_a-fini.o)
                              /usr/lib/gcc/arm-none-eabi/13.2.1/../../../arm-none-eabi/lib/thumb/v7-m/nofp/crt0.o (__libc_fini_array)
/usr/lib/gcc/arm-none-eabi/13.2.1/../../../arm-none-eabi/lib/thumb/v7-m/nofp/libc_nano.a(libc_a-impure.o)
                              /usr/lib/gcc/arm-none-eabi/13.2.1/../../../arm-none-eabi/lib/thumb/v7-m/nofp/libc_nano.a(libc_a-errno.o) (_impure_ptr)
/usr/lib/gcc/arm-none-eabi/13.2.1/../../../arm-none-eabi/lib/thumb/v7-m/nofp/libc_nano.a(libc_a-findfp.o)
                              /usr/lib/gcc/arm-none-eabi/13.2.1/../../../arm-none-eabi/lib/thumb/v7-m/nofp/libc_nano.a(libc_a-exit.o) (__stdio_exit_handler)
/usr/lib/gcc/arm-none-eabi/13.2.1/../../../arm-none-eabi/lib/thumb/v7-m/nofp/libc_nano.a(libc_a-fflush.o)
                              /usr/lib/gcc/arm-none-eabi/13.2.1/../../../arm-none-eabi/lib/thumb/v7-m/nofp/libc_nano.a(libc_a-findfp.o) (_fflush_r)
/usr/lib/gcc/arm-none-eabi/13.2.1/../../../arm-none-eabi/lib/thumb/v7-m/nofp/libc_nano.a(libc_a-mallocr.o)
                              /usr/lib/gcc/arm-none-eabi/13.2.1/../../../arm-none-eabi/lib/thumb/v7-m/nofp/libc_nano.a(libc_a-findfp.o) (_malloc_r)
/usr/lib/gcc/arm-none-eabi/13.2.1/../../../arm-none-eabi/lib/thumb/v7-m/nofp/libc_nano.a(libc_a-freer.o)
                              /usr/lib/gcc/arm-none-eabi/13.2.1/../../../arm-none-eabi/lib/thumb/v7-m/nofp/libc_nano.a(libc_a-fflush.o) (_free_r)
/usr/lib/gcc/arm-none-eabi/13.2.1/../../../arm-none-eabi/lib/thumb/v7-m/nofp/libc_nano.a(libc_a-fwalk.o)
                              /usr/lib/gcc/arm-none-eabi/13.2.1/../../../arm-none-eabi/lib/thumb/v7-m/nofp/libc_nano.a(libc_a-findfp.o) (_fwalk_sglue)
/usr/lib/gcc/arm-none-eabi/13.2.1/../../../arm-none-eabi/lib/thumb/v7-m/nofp/libc_nano.a(libc_a-__atexit.o)
                              /usr/lib/gcc/arm-none-eabi/13.2.1/../../../arm-none-eabi/lib/thumb/v7-m/nofp/libc_nano.a(libc_a-atexit.o) (__register_exitproc)
/usr/lib/gcc/arm-none-eabi/13.2.1/../../../arm-none-eabi/lib/thumb/v7-m/nofp/libc_nano.a(libc_a-mlock.o)
                              /usr/lib/gcc/arm-none-eabi/13.2.1/../../../arm-none-eabi/lib/thumb/v7-m/nofp/libc_nano.a(libc_a-mallocr.o) (__malloc_lock)
/usr/lib/gcc/arm-none-eabi/13.2.1/../../../arm-none-eabi/lib/thumb/v7-m/nofp/libc_nano.a(libc_a-sbrkr.o)
                              /usr/lib/gcc/arm-none-eabi/13.2.1/../../../arm-none-eabi/lib/thumb/v7-m/nofp/libc_nano.a(libc_a-mallocr.o) (_sbrk_r)
/usr/lib/gcc/arm-none-eabi/13.2.1/../../../arm-none-eabi/lib/thumb/v7-m/nofp/libc_nano.a(libc_a-stdio.o)
                              /usr/lib/gcc/arm-none-eabi/13.2.1/../../../arm-none-eabi/lib/thumb/v7-m/nofp/libc_nano.a(libc_a-findfp.o) (__sread)
/usr/lib/gcc/arm-none-eabi/13.2.1/../../../arm-none-eabi/lib/thumb/v7-m/nofp/libc_nano.a(libc_a-closer.o)
                              /usr/lib/gcc/arm-none-eabi/13.2.1/../../../arm-none-eabi/lib/thumb/v7-m/nofp/libc_nano.a(libc_a-stdio.o) (_close_r)
/usr/lib/gcc/arm-none-eabi/13.2.1/../../../arm-none-eabi/lib/thumb/v7-m/nofp/libc_nano.a(libc_a-__call_atexit.o)
                              /usr/lib/gcc/arm-none-eabi/13.2.1/../../../arm-none-eabi/lib/thumb/v7-m/nofp/libc_nano.a(libc_a-__atexit.o) (__call_exitprocs)
/usr/lib/gcc/arm-none-eabi/13.2.1/../../../arm-none-eabi/lib/thumb/v7-m/nofp/libc_nano.a(libc_a-readr.o)
                              /usr/lib/gcc/arm-none-eabi/13.2.1/../../../arm-none-eabi/lib/thumb/v7-m/nofp/libc_nano.a(libc_a-stdio.o) (_read_r)
/usr/lib/gcc/arm-none-eabi/13.2.1/../../../arm-none-eabi/lib/thumb/v7-m/nofp/libc_nano.a(libc_a-reent.o)
[...]
Memory Configuration

Name             Origin             Length             Attributes
RAM              0x20000000         0x00005000         xrw
FLASH            0x08000000         0x00010000         xr
*default*        0x00000000         0xffffffff

Linker script and memory map

LOAD /usr/lib/gcc/arm-none-eabi/13.2.1/thumb/v7-m/nofp/crti.o
LOAD /usr/lib/gcc/arm-none-eabi/13.2.1/thumb/v7-m/nofp/crtbegin.o
LOAD /usr/lib/gcc/arm-none-eabi/13.2.1/../../../arm-none-eabi/lib/thumb/v7-m/nofp/crt0.o
LOAD build/main.o
LOAD build/stm32f1xx_it.o
LOAD build/stm32f1xx_hal_msp.o
LOAD build/stm32f1xx_hal_gpio_ex.o
LOAD build/stm32f1xx_hal_adc.o
LOAD build/stm32f1xx_hal_adc_ex.o
LOAD build/stm32f1xx_hal.o
LOAD build/stm32f1xx_hal_rcc.o
LOAD build/stm32f1xx_hal_rcc_ex.o
LOAD build/stm32f1xx_hal_gpio.o
LOAD build/stm32f1xx_hal_dma.o
LOAD build/stm32f1xx_hal_cortex.o
LOAD build/stm32f1xx_hal_pwr.o
LOAD build/stm32f1xx_hal_flash.o
LOAD build/stm32f1xx_hal_flash_ex.o
LOAD build/stm32f1xx_hal_exti.o
LOAD build/system_stm32f1xx.o
LOAD build/sysmem.o
LOAD build/syscalls.o
LOAD build/freertos.o
LOAD build/stm32f1xx_hal_timebase_tim.o
LOAD build/stm32f1xx_hal_tim.o
LOAD build/stm32f1xx_hal_tim_ex.o
LOAD build/croutine.o
LOAD build/event_groups.o
LOAD build/list.o
LOAD build/queue.o
LOAD build/stream_buffer.o
LOAD build/tasks.o
LOAD build/timers.o
LOAD build/cmsis_os.o
LOAD build/port.o
LOAD build/heap_4.o
LOAD build/Watering.o
LOAD build/Humidity_sensor.o
LOAD build/stm32f1xx_hal_i2c.o
LOAD build/startup_stm32f103xb.o
LOAD /usr/lib/gcc/arm-none-eabi/13.2.1/../../../arm-none-eabi/lib/thumb/v7-m/nofp/libc_nano.a
LOAD /usr/lib/gcc/arm-none-eabi/13.2.1/../../../arm-none-eabi/lib/thumb/v7-m/nofp/libm.a
LOAD /usr/lib/gcc/arm-none-eabi/13.2.1/../../../arm-none-eabi/lib/thumb/v7-m/nofp/libnosys.a
START GROUP
LOAD /usr/lib/gcc/arm-none-eabi/13.2.1/thumb/v7-m/nofp/libgcc.a
LOAD /usr/lib/gcc/arm-none-eabi/13.2.1/../../../arm-none-eabi/lib/thumb/v7-m/nofp/libc_nano.a
END GROUP
START GROUP
LOAD /usr/lib/gcc/arm-none-eabi/13.2.1/thumb/v7-m/nofp/libgcc.a
LOAD /usr/lib/gcc/arm-none-eabi/13.2.1/../../../arm-none-eabi/lib/thumb/v7-m/nofp/libc_nano.a
END GROUP
LOAD /usr/lib/gcc/arm-none-eabi/13.2.1/thumb/v7-m/nofp/crtend.o
LOAD /usr/lib/gcc/arm-none-eabi/13.2.1/thumb/v7-m/nofp/crtn.o
                0x20005000                        _estack = (ORIGIN (RAM) + LENGTH (RAM))
                0x00000200                        _Min_Heap_Size = 0x200
                0x00000400                        _Min_Stack_Size = 0x400

.isr_vector     0x08000000      0x10c
                0x08000000                        . = ALIGN (0x4)
 *(.isr_vector)
 .isr_vector    0x08000000      0x10c build/startup_stm32f103xb.o
                0x08000000                g_pfnVectors
                0x0800010c                        . = ALIGN (0x4)

.text           0x08000110     0x445c
                0x08000110                        . = ALIGN (0x4)
 *(.text)
 .text          0x08000110       0x88 /usr/lib/gcc/arm-none-eabi/13.2.1/thumb/v7-m/nofp/crtbegin.o
 .text          0x08000198       0x50 /usr/lib/gcc/arm-none-eabi/13.2.1/../../../arm-none-eabi/lib/thumb/v7-m/nofp/libc_nano.a(libc_a-init.o)
                0x08000198                __libc_init_array
 .text          0x080001e8       0xa0 /usr/lib/gcc/arm-none-eabi/13.2.1/../../../arm-none-eabi/lib/thumb/v7-m/nofp/libc_nano.a(libc_a-memset.o)
                0x080001e8                memset
 *(.text*)
 .text.MX_GPIO_Init
                0x08000288       0x44 build/main.o
 .text.MX_DMA_Init
                0x080002cc       0x44 build/main.o
 .text.StartDefaultTask
                0x08000310        0xa build/main.o
                0x08000310                StartDefaultTask
 *fill*         0x0800031a        0x2 
 .text.HAL_TIM_PeriodElapsedCallback
                0x0800031c       0x18 build/main.o
                0x0800031c                HAL_TIM_PeriodElapsedCallback
 .text.Error_Handler
                0x08000334        0x4 build/main.o
                0x08000334                Error_Handler
 .text.MX_ADC1_Init
                0x08000338       0x98 build/main.o
 .text.MX_I2C1_Init
                0x080003d0       0x38 build/main.o
 .text.SystemClock_Config
                0x08000408       0x84 build/main.o
                0x08000408                SystemClock_Config
 .text.main     0x0800048c       0x54 build/main.o
                0x0800048c                main
 .text.NMI_Handler
                0x080004e0        0x2 build/stm32f1xx_it.o
                0x080004e0                NMI_Handler
 .text.HardFault_Handler
                0x080004e2        0x2 build/stm32f1xx_it.o
                0x080004e2                HardFault_Handler
 .text.MemManage_Handler
                0x080004e4        0x2 build/stm32f1xx_it.o
                0x080004e4                MemManage_Handler
 .text.BusFault_Handler
                0x080004e6        0x2 build/stm32f1xx_it.o
                0x080004e6                BusFault_Handler
 .text.UsageFault_Handler
                0x080004e8        0x2 build/stm32f1xx_it.o
                0x080004e8                UsageFault_Handler
 .text.DebugMon_Handler
                0x080004ea        0x2 build/stm32f1xx_it.o
                0x080004ea                DebugMon_Handler
 .text.DMA1_Channel1_IRQHandler
                0x080004ec       0x10 build/stm32f1xx_it.o
                0x080004ec                DMA1_Channel1_IRQHandler
 .text.DMA1_Channel7_IRQHandler
                0x080004fc       0x10 build/stm32f1xx_it.o
                0x080004fc                DMA1_Channel7_IRQHandler
 .text.ADC1_2_IRQHandler
                0x0800050c       0x10 build/stm32f1xx_it.o
                0x0800050c                ADC1_2_IRQHandler
 .text.TIM1_UP_IRQHandler
                0x0800051c       0x10 build/stm32f1xx_it.o
                0x0800051c                TIM1_UP_IRQHandler
 .text.I2C1_EV_IRQHandler
                0x0800052c       0x10 build/stm32f1xx_it.o
                0x0800052c                I2C1_EV_IRQHandler
 .text.I2C1_ER_IRQHandler
                0x0800053c       0x10 build/stm32f1xx_it.o
                0x0800053c                I2C1_ER_IRQHandler
 .text.HAL_MspInit
                0x0800054c       0x54 build/stm32f1xx_hal_msp.o
                0x0800054c                HAL_MspInit
 .text.HAL_ADC_MspInit
                0x080005a0       0xb0 build/stm32f1xx_hal_msp.o
                0x080005a0                HAL_ADC_MspInit
 .text.HAL_I2C_MspInit
                0x08000650       0xc4 build/stm32f1xx_hal_msp.o
                0x08000650                HAL_I2C_MspInit
 .text.ADC_DMAConvCplt
                0x08000714       0x52 build/stm32f1xx_hal_adc.o
                0x08000714                ADC_DMAConvCplt
 .text.HAL_ADC_ConvHalfCpltCallback
                0x08000766        0x2 build/stm32f1xx_hal_adc.o
                0x08000766                HAL_ADC_ConvHalfCpltCallback
 .text.ADC_DMAHalfConvCplt
                0x08000768        0xa build/stm32f1xx_hal_adc.o
                0x08000768                ADC_DMAHalfConvCplt
 .text.HAL_ADC_LevelOutOfWindowCallback
                0x08000772        0x2 build/stm32f1xx_hal_adc.o
                0x08000772                HAL_ADC_LevelOutOfWindowCallback
 .text.HAL_ADC_IRQHandler
                0x08000774      0x102 build/stm32f1xx_hal_adc.o
                0x08000774                HAL_ADC_IRQHandler
 .text.ADC_DMAError
                0x08000876       0x1a build/stm32f1xx_hal_adc.o
                0x08000876                ADC_DMAError
 .text.HAL_ADC_ConfigChannel
                0x08000890      0x140 build/stm32f1xx_hal_adc.o
                0x08000890                HAL_ADC_ConfigChannel
 .text.ADC_Enable
                0x080009d0       0x88 build/stm32f1xx_hal_adc.o
                0x080009d0                ADC_Enable
 .text.HAL_ADC_Start_DMA
                0x08000a58      0x130 build/stm32f1xx_hal_adc.o
                0x08000a58                HAL_ADC_Start_DMA
 .text.ADC_ConversionStop_Disable
                0x08000b88       0x56 build/stm32f1xx_hal_adc.o
                0x08000b88                ADC_ConversionStop_Disable
 *fill*         0x08000bde        0x2 
 .text.HAL_ADC_Init
                0x08000be0      0x108 build/stm32f1xx_hal_adc.o
                0x08000be0                HAL_ADC_Init
 .text.HAL_ADC_Stop
                0x08000ce8       0x34 build/stm32f1xx_hal_adc.o
                0x08000ce8                HAL_ADC_Stop
 .text.HAL_ADC_Stop_DMA
                0x08000d1c       0x5e build/stm32f1xx_hal_adc.o
                0x08000d1c                HAL_ADC_Stop_DMA
 *fill*         0x08000d7a        0x2 
 .text.HAL_ADCEx_Calibration_Start
                0x08000d7c      0x100 build/stm32f1xx_hal_adc_ex.o
                0x08000d7c                HAL_ADCEx_Calibration_Start
 .text.HAL_ADCEx_InjectedConvCpltCallback
                0x08000e7c        0x2 build/stm32f1xx_hal_adc_ex.o
                0x08000e7c                HAL_ADCEx_InjectedConvCpltCallback
 *fill*         0x08000e7e        0x2 
 .text.HAL_Init
                0x08000e80       0x24 build/stm32f1xx_hal.o
                0x08000e80                HAL_Init
 .text.HAL_IncTick
                0x08000ea4       0x18 build/stm32f1xx_hal.o
                0x08000ea4                HAL_IncTick
 .text.HAL_GetTick
                0x08000ebc        0xc build/stm32f1xx_hal.o
                0x08000ebc                HAL_GetTick
 .text.RCC_Delay
                0x08000ec8       0x2c build/stm32f1xx_hal_rcc.o
 .text.HAL_RCC_OscConfig
                0x08000ef4      0x410 build/stm32f1xx_hal_rcc.o
                0x08000ef4                HAL_RCC_OscConfig
 .text.HAL_RCC_GetSysClockFreq
                0x08001304       0x54 build/stm32f1xx_hal_rcc.o
                0x08001304                HAL_RCC_GetSysClockFreq
 .text.HAL_RCC_ClockConfig
                0x08001358      0x16c build/stm32f1xx_hal_rcc.o
                0x08001358                HAL_RCC_ClockConfig
 .text.HAL_RCC_GetHCLKFreq
                0x080014c4        0xc build/stm32f1xx_hal_rcc.o
                0x080014c4                HAL_RCC_GetHCLKFreq
 .text.HAL_RCC_GetPCLK1Freq
                0x080014d0       0x20 build/stm32f1xx_hal_rcc.o
                0x080014d0                HAL_RCC_GetPCLK1Freq
 .text.HAL_RCC_GetPCLK2Freq
                0x080014f0       0x20 build/stm32f1xx_hal_rcc.o
                0x080014f0                HAL_RCC_GetPCLK2Freq
 .text.HAL_RCC_GetClockConfig
                0x08001510       0x3c build/stm32f1xx_hal_rcc.o
                0x08001510                HAL_RCC_GetClockConfig
 .text.HAL_RCCEx_PeriphCLKConfig
                0x0800154c      0x118 build/stm32f1xx_hal_rcc_ex.o
                0x0800154c                HAL_RCCEx_PeriphCLKConfig
 .text.HAL_RCCEx_GetPeriphCLKFreq
                0x08001664       0xd8 build/stm32f1xx_hal_rcc_ex.o
                0x08001664                HAL_RCCEx_GetPeriphCLKFreq
 .text.HAL_GPIO_Init
                0x0800173c      0x21c build/stm32f1xx_hal_gpio.o
                0x0800173c                HAL_GPIO_Init
 .text.DMA_SetConfig
                0x08001958       0x2c build/stm32f1xx_hal_dma.o
 .text.HAL_DMA_Init
                0x08001984       0x68 build/stm32f1xx_hal_dma.o
                0x08001984                HAL_DMA_Init
 .text.HAL_DMA_Start_IT
                0x080019ec       0x76 build/stm32f1xx_hal_dma.o
                0x080019ec                HAL_DMA_Start_IT
 .text.HAL_DMA_Abort
                0x08001a62       0x46 build/stm32f1xx_hal_dma.o
                0x08001a62                HAL_DMA_Abort
 .text.HAL_DMA_Abort_IT
                0x08001aa8       0x98 build/stm32f1xx_hal_dma.o
                0x08001aa8                HAL_DMA_Abort_IT
 .text.HAL_DMA_IRQHandler
                0x08001b40      0x144 build/stm32f1xx_hal_dma.o
                0x08001b40                HAL_DMA_IRQHandler
 .text.HAL_DMA_GetState
                0x08001c84        0x6 build/stm32f1xx_hal_dma.o
                0x08001c84                HAL_DMA_GetState
 *fill*         0x08001c8a        0x2 
 .text.__NVIC_SetPriority
                0x08001c8c       0x28 build/stm32f1xx_hal_cortex.o
 .text.NVIC_EncodePriority
                0x08001cb4       0x3e build/stm32f1xx_hal_cortex.o
 *fill*         0x08001cf2        0x2 
 .text.HAL_NVIC_SetPriorityGrouping
                0x08001cf4       0x24 build/stm32f1xx_hal_cortex.o
                0x08001cf4                HAL_NVIC_SetPriorityGrouping
 .text.HAL_NVIC_SetPriority
                0x08001d18       0x20 build/stm32f1xx_hal_cortex.o
                0x08001d18                HAL_NVIC_SetPriority
 .text.HAL_NVIC_EnableIRQ
                0x08001d38       0x1c build/stm32f1xx_hal_cortex.o
                0x08001d38                HAL_NVIC_EnableIRQ
 .text.SystemInit
                0x08001d54        0x2 build/system_stm32f1xx.o
                0x08001d54                SystemInit
 .text.vApplicationIdleHook
                0x08001d56        0x2 build/freertos.o
                0x08001d56                vApplicationIdleHook
 .text.vApplicationGetIdleTaskMemory
                0x08001d58       0x18 build/freertos.o
                0x08001d58                vApplicationGetIdleTaskMemory
 .text.HAL_InitTick
                0x08001d70       0x94 build/stm32f1xx_hal_timebase_tim.o
                0x08001d70                HAL_InitTick
 .text.HAL_TIM_Base_MspInit
                0x08001e04        0x2 build/stm32f1xx_hal_tim.o
                0x08001e04                HAL_TIM_Base_MspInit
 *fill*         0x08001e06        0x2 
 .text.HAL_TIM_Base_Start_IT
                0x08001e08       0x68 build/stm32f1xx_hal_tim.o
                0x08001e08                HAL_TIM_Base_Start_IT
 .text.HAL_TIM_OC_DelayElapsedCallback
                0x08001e70        0x2 build/stm32f1xx_hal_tim.o
                0x08001e70                HAL_TIM_OC_DelayElapsedCallback
 .text.HAL_TIM_IC_CaptureCallback
                0x08001e72        0x2 build/stm32f1xx_hal_tim.o
                0x08001e72                HAL_TIM_IC_CaptureCallback
 .text.HAL_TIM_PWM_PulseFinishedCallback
                0x08001e74        0x2 build/stm32f1xx_hal_tim.o
                0x08001e74                HAL_TIM_PWM_PulseFinishedCallback
 .text.HAL_TIM_TriggerCallback
                0x08001e76        0x2 build/stm32f1xx_hal_tim.o
                0x08001e76                HAL_TIM_TriggerCallback
 .text.HAL_TIM_IRQHandler
                0x08001e78      0x15e build/stm32f1xx_hal_tim.o
                0x08001e78                HAL_TIM_IRQHandler
 *fill*         0x08001fd6        0x2 
 .text.TIM_Base_SetConfig
                0x08001fd8       0x84 build/stm32f1xx_hal_tim.o
                0x08001fd8                TIM_Base_SetConfig
 .text.HAL_TIM_Base_Init
                0x0800205c       0x58 build/stm32f1xx_hal_tim.o
                0x0800205c                HAL_TIM_Base_Init
 .text.HAL_TIMEx_CommutCallback
                0x080020b4        0x2 build/stm32f1xx_hal_tim_ex.o
                0x080020b4                HAL_TIMEx_CommutCallback
 .text.HAL_TIMEx_BreakCallback
                0x080020b6        0x2 build/stm32f1xx_hal_tim_ex.o
                0x080020b6                HAL_TIMEx_BreakCallback
 .text.vListInitialise
                0x080020b8       0x16 build/list.o
                0x080020b8                vListInitialise
 .text.vListInitialiseItem
                0x080020ce        0x6 build/list.o
                0x080020ce                vListInitialiseItem
 .text.vListInsertEnd
                0x080020d4       0x16 build/list.o
                0x080020d4                vListInsertEnd
 .text.vListInsert
                0x080020ea       0x32 build/list.o
                0x080020ea                vListInsert
 .text.uxListRemove
                0x0800211c       0x26 build/list.o
                0x0800211c                uxListRemove
 .text.xQueueGenericReset
                0x08002142       0x84 build/queue.o
                0x08002142                xQueueGenericReset
 .text.prvInitialiseNewQueue
                0x080021c6       0x1c build/queue.o
 .text.xQueueGenericCreateStatic
                0x080021e2       0x94 build/queue.o
                0x080021e2                xQueueGenericCreateStatic
 *fill*         0x08002276        0x2 
 .text.prvResetNextTaskUnblockTime
                0x08002278       0x2c build/tasks.o
 .text.prvInitialiseNewTask
                0x080022a4       0x9c build/tasks.o
 .text.prvInitialiseTaskLists
                0x08002340       0x68 build/tasks.o
 .text.prvAddNewTaskToReadyList
                0x080023a8       0xa8 build/tasks.o
 .text.prvDeleteTCB
                0x08002450       0x38 build/tasks.o
 .text.prvCheckTasksWaitingTermination
                0x08002488       0x4c build/tasks.o
 .text.prvAddCurrentTaskToDelayedList
                0x080024d4       0x98 build/tasks.o
 .text.prvIdleTask
                0x0800256c       0x30 build/tasks.o
 .text.xTaskCreateStatic
                0x0800259c       0x76 build/tasks.o
                0x0800259c                xTaskCreateStatic
 .text.xTaskCreate
                0x08002612       0x64 build/tasks.o
                0x08002612                xTaskCreate
 *fill*         0x08002676        0x2 
 .text.vTaskStartScheduler
                0x08002678       0x74 build/tasks.o
                0x08002678                vTaskStartScheduler
 .text.vTaskSuspendAll
                0x080026ec       0x10 build/tasks.o
                0x080026ec                vTaskSuspendAll
 .text.xTaskIncrementTick
                0x080026fc      0x118 build/tasks.o
                0x080026fc                xTaskIncrementTick
 .text.xTaskResumeAll
                0x08002814       0xf8 build/tasks.o
                0x08002814                xTaskResumeAll
 .text.vTaskDelay
                0x0800290c       0x4c build/tasks.o
                0x0800290c                vTaskDelay
 .text.vTaskSwitchContext
                0x08002958       0x98 build/tasks.o
                0x08002958                vTaskSwitchContext
 .text.xTaskRemoveFromEventList
                0x080029f0       0x8c build/tasks.o
                0x080029f0                xTaskRemoveFromEventList
 .text.ulTaskNotifyTake
                0x08002a7c       0x78 build/tasks.o
                0x08002a7c                ulTaskNotifyTake
 .text.vTaskNotifyGiveFromISR
                0x08002af4       0xd0 build/tasks.o
                0x08002af4                vTaskNotifyGiveFromISR
 .text.makeFreeRtosPriority
                0x08002bc4        0xc build/cmsis_os.o
 .text.osKernelStart
                0x08002bd0        0xa build/cmsis_os.o
                0x08002bd0                osKernelStart
 .text.osThreadCreate
                0x08002bda       0x66 build/cmsis_os.o
                0x08002bda                osThreadCreate
 .text.osDelay  0x08002c40        0xe build/cmsis_os.o
                0x08002c40                osDelay
 *fill*         0x08002c4e        0x2 
 .text.prvTaskExitError
                0x08002c50       0x40 build/port.o
 .text.prvPortStartFirstTask
                0x08002c90       0x20 build/port.o
 .text.pxPortInitialiseStack
                0x08002cb0       0x24 build/port.o
                0x08002cb0                pxPortInitialiseStack
 *fill*         0x08002cd4        0xc 
 .text.SVC_Handler
                0x08002ce0       0x24 build/port.o
                0x08002ce0                SVC_Handler
 .text.vPortEnterCritical
                0x08002d04       0x44 build/port.o
                0x08002d04                vPortEnterCritical
 .text.vPortExitCritical
                0x08002d48       0x2c build/port.o
                0x08002d48                vPortExitCritical
 *fill*         0x08002d74        0xc 
 .text.PendSV_Handler
                0x08002d80       0x44 build/port.o
                0x08002d80                PendSV_Handler
 .text.SysTick_Handler
                0x08002dc4       0x2c build/port.o
                0x08002dc4                SysTick_Handler
 .text.vPortSetupTimerInterrupt
                0x08002df0       0x28 build/port.o
                0x08002df0                vPortSetupTimerInterrupt
 .text.xPortStartScheduler
                0x08002e18       0xc0 build/port.o
                0x08002e18                xPortStartScheduler
 .text.vPortValidateInterruptPriority
                0x08002ed8       0x5c build/port.o
                0x08002ed8                vPortValidateInterruptPriority
 .text.prvHeapInit
                0x08002f34       0x64 build/heap_4.o
 .text.prvInsertBlockIntoFreeList
                0x08002f98       0x60 build/heap_4.o
 .text.pvPortMalloc
                0x08002ff8      0x104 build/heap_4.o
                0x08002ff8                pvPortMalloc
 .text.vPortFree
                0x080030fc       0x7c build/heap_4.o
                0x080030fc                vPortFree
 .text.ADC_Calibrate
                0x08003178       0x10 build/Humidity_sensor.o
                0x08003178                ADC_Calibrate
 .text.Humidity_sensors_init
                0x08003188       0x6c build/Humidity_sensor.o
                0x08003188                Humidity_sensors_init
 .text.Moving_AVG
                0x080031f4       0x40 build/Humidity_sensor.o
                0x080031f4                Moving_AVG
 .text.humidity_loop
                0x08003234       0x7c build/Humidity_sensor.o
                0x08003234                humidity_loop
 .text.HAL_ADC_ConvCpltCallback
                0x080032b0       0x38 build/Humidity_sensor.o
                0x080032b0                HAL_ADC_ConvCpltCallback
 .text.HAL_ADC_ErrorCallback
                0x080032e8       0x18 build/Humidity_sensor.o
                0x080032e8                HAL_ADC_ErrorCallback
 .text.I2C_Flush_DR
                0x08003300       0x10 build/stm32f1xx_hal_i2c.o
 .text.I2C_Master_SB
                0x08003310       0xa8 build/stm32f1xx_hal_i2c.o
 .text.I2C_Master_ADD10
                0x080033b8       0x2a build/stm32f1xx_hal_i2c.o
 *fill*         0x080033e2        0x2 
 .text.I2C_Master_ADDR
                0x080033e4      0x244 build/stm32f1xx_hal_i2c.o
 .text.I2C_SlaveTransmit_BTF
                0x08003628       0x20 build/stm32f1xx_hal_i2c.o
 .text.I2C_SlaveReceive_BTF
                0x08003648       0x20 build/stm32f1xx_hal_i2c.o
 .text.I2C_WaitOnSTOPRequestThroughIT
                0x08003668       0x48 build/stm32f1xx_hal_i2c.o
 .text.I2C_ConvertOtherXferOptions
                0x080036b0       0x1e build/stm32f1xx_hal_i2c.o
 *fill*         0x080036ce        0x2 
 .text.HAL_I2C_Init
                0x080036d0      0x1bc build/stm32f1xx_hal_i2c.o
                0x080036d0                HAL_I2C_Init
 .text.HAL_I2C_MasterTxCpltCallback
                0x0800388c        0x2 build/stm32f1xx_hal_i2c.o
                0x0800388c                HAL_I2C_MasterTxCpltCallback
 .text.HAL_I2C_MasterRxCpltCallback
                0x0800388e        0x2 build/stm32f1xx_hal_i2c.o
                0x0800388e                HAL_I2C_MasterRxCpltCallback
 .text.HAL_I2C_SlaveTxCpltCallback
                0x08003890        0x2 build/stm32f1xx_hal_i2c.o
                0x08003890                HAL_I2C_SlaveTxCpltCallback
 .text.I2C_SlaveTransmit_TXE
                0x08003892       0x4c build/stm32f1xx_hal_i2c.o
 .text.HAL_I2C_SlaveRxCpltCallback
                0x080038de        0x2 build/stm32f1xx_hal_i2c.o
                0x080038de                HAL_I2C_SlaveRxCpltCallback
 .text.I2C_SlaveReceive_RXNE
                0x080038e0       0x4c build/stm32f1xx_hal_i2c.o
 .text.HAL_I2C_AddrCallback
                0x0800392c        0x2 build/stm32f1xx_hal_i2c.o
                0x0800392c                HAL_I2C_AddrCallback
 .text.I2C_Slave_ADDR
                0x0800392e       0x5a build/stm32f1xx_hal_i2c.o
 .text.HAL_I2C_ListenCpltCallback
                0x08003988        0x2 build/stm32f1xx_hal_i2c.o
                0x08003988                HAL_I2C_ListenCpltCallback
 *fill*         0x0800398a        0x2 
 .text.I2C_Slave_AF
                0x0800398c       0xa0 build/stm32f1xx_hal_i2c.o
 .text.HAL_I2C_MemTxCpltCallback
                0x08003a2c        0x2 build/stm32f1xx_hal_i2c.o
                0x08003a2c                HAL_I2C_MemTxCpltCallback
 .text.I2C_MasterTransmit_BTF
                0x08003a2e       0x9e build/stm32f1xx_hal_i2c.o
 .text.I2C_MemoryTransmit_TXE_BTF
                0x08003acc       0xc4 build/stm32f1xx_hal_i2c.o
 .text.I2C_MasterTransmit_TXE
                0x08003b90       0xd4 build/stm32f1xx_hal_i2c.o
 .text.HAL_I2C_MemRxCpltCallback
                0x08003c64        0x2 build/stm32f1xx_hal_i2c.o
                0x08003c64                HAL_I2C_MemRxCpltCallback
 .text.I2C_MasterReceive_BTF
                0x08003c66      0x140 build/stm32f1xx_hal_i2c.o
 .text.HAL_I2C_ErrorCallback
                0x08003da6        0x2 build/stm32f1xx_hal_i2c.o
                0x08003da6                HAL_I2C_ErrorCallback
 .text.I2C_MasterReceive_RXNE
                0x08003da8      0x106 build/stm32f1xx_hal_i2c.o
 .text.HAL_I2C_AbortCpltCallback
                0x08003eae        0x2 build/stm32f1xx_hal_i2c.o
                0x08003eae                HAL_I2C_AbortCpltCallback
 .text.I2C_DMAAbort
                0x08003eb0       0xe4 build/stm32f1xx_hal_i2c.o
 .text.I2C_ITError
                0x08003f94      0x178 build/stm32f1xx_hal_i2c.o
 .text.I2C_Slave_STOPF
                0x0800410c      0x18c build/stm32f1xx_hal_i2c.o
 .text.HAL_I2C_EV_IRQHandler
                0x08004298      0x1a0 build/stm32f1xx_hal_i2c.o
                0x08004298                HAL_I2C_EV_IRQHandler
 .text.HAL_I2C_ER_IRQHandler
                0x08004438       0xce build/stm32f1xx_hal_i2c.o
                0x08004438                HAL_I2C_ER_IRQHandler
 *fill*         0x08004506        0x2 
 .text.Reset_Handler
                0x08004508       0x48 build/startup_stm32f103xb.o
                0x08004508                Reset_Handler
 .text.Default_Handler
                0x08004550        0x2 build/startup_stm32f103xb.o
                0x08004550                RTC_Alarm_IRQHandler
                0x08004550                EXTI2_IRQHandler
                0x08004550                TIM1_CC_IRQHandler
                0x08004550                PVD_IRQHandler
                0x08004550                EXTI3_IRQHandler
                0x08004550                EXTI0_IRQHandler
                0x08004550                I2C2_EV_IRQHandler
                0x08004550                SPI1_IRQHandler
                0x08004550                TAMPER_IRQHandler
                0x08004550                DMA1_Channel4_IRQHandler
                0x08004550                USART3_IRQHandler
                0x08004550                RTC_IRQHandler
                0x08004550                CAN1_RX1_IRQHandler
                0x08004550                TIM4_IRQHandler
                0x08004550                DMA1_Channel6_IRQHandler
                0x08004550                TIM3_IRQHandler
                0x08004550                RCC_IRQHandler
                0x08004550                TIM1_TRG_COM_IRQHandler
                0x08004550                Default_Handler
                0x08004550                EXTI15_10_IRQHandler
                0x08004550                EXTI9_5_IRQHandler
                0x08004550                SPI2_IRQHandler
                0x08004550                DMA1_Channel5_IRQHandler
                0x08004550                EXTI4_IRQHandler
                0x08004550                USB_LP_CAN1_RX0_IRQHandler
                0x08004550                USB_HP_CAN1_TX_IRQHandler
                0x08004550                DMA1_Channel3_IRQHandler
                0x08004550                WWDG_IRQHandler
                0x08004550                TIM2_IRQHandler
                0x08004550                TIM1_BRK_IRQHandler
                0x08004550                EXTI1_IRQHandler
                0x08004550                USART2_IRQHandler
                0x08004550                I2C2_ER_IRQHandler
                0x08004550                DMA1_Channel2_IRQHandler
                0x08004550                CAN1_SCE_IRQHandler
                0x08004550                FLASH_IRQHandler
                0x08004550                USART1_IRQHandler
                0x08004550                USBWakeUp_IRQHandler
 *(.glue_7)
 .glue_7        0x08004552        0x0 linker stubs
 *(.glue_7t)
 .glue_7t       0x08004552        0x0 linker stubs
 *(.eh_frame)
 *fill*         0x08004552        0x2 
 .eh_frame      0x08004554        0x0 /usr/lib/gcc/arm-none-eabi/13.2.1/thumb/v7-m/nofp/crtbegin.o
 *(.init)
 .init          0x08004554        0x4 /usr/lib/gcc/arm-none-eabi/13.2.1/thumb/v7-m/nofp/crti.o
                0x08004554                _init
 .init          0x08004558        0x8 /usr/lib/gcc/arm-none-eabi/13.2.1/thumb/v7-m/nofp/crtn.o
 *(.fini)
 .fini          0x08004560        0x4 /usr/lib/gcc/arm-none-eabi/13.2.1/thumb/v7-m/nofp/crti.o
                0x08004560                _fini
 .fini          0x08004564        0x8 /usr/lib/gcc/arm-none-eabi/13.2.1/thumb/v7-m/nofp/crtn.o
                0x0800456c                        . = ALIGN (0x4)
                0x0800456c                        _etext = .

.vfp11_veneer   0x0800456c        0x0
 .vfp11_veneer  0x0800456c        0x0 linker stubs

.v4_bx          0x0800456c        0x0
 .v4_bx         0x0800456c        0x0 linker stubs

.iplt           0x0800456c        0x0
 .iplt          0x0800456c        0x0 /usr/lib/gcc/arm-none-eabi/13.2.1/thumb/v7-m/nofp/crtbegin.o

.rodata         0x0800456c       0x7c
                0x0800456c                        . = ALIGN (0x4)
 *(.rodata)
 .rodata        0x0800456c       0x1c build/main.o
 *(.rodata*)
 .rodata.str1.4
                0x08004588       0x1d build/main.o
                                  0xc (size before relaxing)
 *fill*         0x080045a5        0x3 
 .rodata.aPredivFactorTable.0
                0x080045a8        0x2 build/stm32f1xx_hal_rcc.o
 *fill*         0x080045aa        0x2 
 .rodata.aPLLMULFactorTable.1
                0x080045ac       0x10 build/stm32f1xx_hal_rcc.o
 .rodata.aPredivFactorTable.0
                0x080045bc        0x2 build/stm32f1xx_hal_rcc_ex.o
 *fill*         0x080045be        0x2 
 .rodata.aPLLMULFactorTable.1
                0x080045c0       0x10 build/stm32f1xx_hal_rcc_ex.o
 .rodata.APBPrescTable
                0x080045d0        0x8 build/system_stm32f1xx.o
                0x080045d0                APBPrescTable
 .rodata.AHBPrescTable
                0x080045d8       0x10 build/system_stm32f1xx.o
                0x080045d8                AHBPrescTable
 .rodata.vTaskStartScheduler.str1.4
                0x080045e8        0x5 build/tasks.o
 .rodata.Humidity_sensors_init.str1.4
                0x080045e8        0x9 build/Humidity_sensor.o
                0x080045f4                        . = ALIGN (0x4)

.ARM.extab      0x080045e8        0x0
                0x080045e8                        . = ALIGN (0x4)
 *(.ARM.extab* .gnu.linkonce.armextab.*)
                0x080045e8                        . = ALIGN (0x4)

.ARM            0x080045e8        0x0
                0x080045e8                        . = ALIGN (0x4)
                0x080045e8                        __exidx_start = .
 *(.ARM.exidx*)
                0x080045e8                        __exidx_end = .
                0x080045e8                        . = ALIGN (0x4)

.preinit_array  0x080045e8        0x0
                0x080045e8                        . = ALIGN (0x4)
                0x080045e8                        PROVIDE (__preinit_array_start = .)
 *(.preinit_array*)
                0x080045e8                        PROVIDE (__preinit_array_end = .)
                0x080045e8                        . = ALIGN (0x4)

.init_array     0x080045e8        0x4
                0x080045e8                        . = ALIGN (0x4)
                0x080045e8                        PROVIDE (__init_array_start = .)
 *(SORT_BY_NAME(.init_array.*))
 *(.init_array*)
 .init_array    0x080045e8        0x4 /usr/lib/gcc/arm-none-eabi/13.2.1/thumb/v7-m/nofp/crtbegin.o
                0x080045ec                        PROVIDE (__init_array_end = .)
                0x080045ec                        . = ALIGN (0x4)

.fini_array     0x080045ec        0x4
                0x080045ec                        . = ALIGN (0x4)
                0x080045ec                        PROVIDE (__fini_array_start = .)
 *(SORT_BY_NAME(.fini_array.*))
 *(.fini_array*)
 .fini_array    0x080045ec        0x4 /usr/lib/gcc/arm-none-eabi/13.2.1/thumb/v7-m/nofp/crtbegin.o
                0x080045f0                        PROVIDE (__fini_array_end = .)
                0x080045f0                        . = ALIGN (0x4)
                0x080045f0                        _sidata = LOADADDR (.data)

.rel.dyn        0x080045f0        0x0
 .rel.iplt      0x080045f0        0x0 /usr/lib/gcc/arm-none-eabi/13.2.1/thumb/v7-m/nofp/crtbegin.o

.data           0x20000000      0x194 load address 0x080045f0
                0x20000000                        . = ALIGN (0x4)
                0x20000000                        _sdata = .
 *(.data)
 *(.data*)
 .data.uwTickFreq
                0x20000000        0x1 build/stm32f1xx_hal.o
                0x20000000                uwTickFreq
 *fill*         0x20000001        0x3 
 .data.uwTickPrio
                0x20000004        0x4 build/stm32f1xx_hal.o
                0x20000004                uwTickPrio
 .data.SystemCoreClock
                0x20000008        0x4 build/system_stm32f1xx.o
                0x20000008                SystemCoreClock
 .data.uxCriticalNesting
                0x2000000c        0x4 build/port.o
 .data.sensors_ctx
                0x20000010      0x184 build/Humidity_sensor.o
                0x20000010                sensors_ctx
 *(.RamFunc)
 *(.RamFunc*)
                0x20000194                        . = ALIGN (0x4)
                0x20000194                        _edata = .

.tm_clone_table
                0x20000194        0x0 load address 0x08004784
 .tm_clone_table
                0x20000194        0x0 /usr/lib/gcc/arm-none-eabi/13.2.1/thumb/v7-m/nofp/crtbegin.o
 .tm_clone_table
                0x20000194        0x0 /usr/lib/gcc/arm-none-eabi/13.2.1/thumb/v7-m/nofp/crtend.o

.igot.plt       0x20000194        0x0 load address 0x08004784
 .igot.plt      0x20000194        0x0 /usr/lib/gcc/arm-none-eabi/13.2.1/thumb/v7-m/nofp/crtbegin.o
                0x20000194                        . = ALIGN (0x4)

.bss            0x20000194     0x21e8 load address 0x08004784
                0x20000194                        _sbss = .
                0x20000194                        __bss_start__ = _sbss
 *(.bss)
 .bss           0x20000194       0x1c /usr/lib/gcc/arm-none-eabi/13.2.1/thumb/v7-m/nofp/crtbegin.o
 *(.bss*)
 .bss.defaultTaskHandle
                0x200001b0        0x4 build/main.o
                0x200001b0                defaultTaskHandle
 .bss.hdma_i2c1_rx
                0x200001b4       0x44 build/main.o
                0x200001b4                hdma_i2c1_rx
 .bss.hi2c1     0x200001f8       0x54 build/main.o
                0x200001f8                hi2c1
 .bss.hdma_adc1
                0x2000024c       0x44 build/main.o
                0x2000024c                hdma_adc1
 .bss.hadc1     0x20000290       0x30 build/main.o
                0x20000290                hadc1
 .bss.uwTick    0x200002c0        0x4 build/stm32f1xx_hal.o
                0x200002c0                uwTick
 .bss.xIdleStack
                0x200002c4      0x200 build/freertos.o
 .bss.xIdleTaskTCBBuffer
                0x200004c4       0x54 build/freertos.o
 .bss.htim1     0x20000518       0x48 build/stm32f1xx_hal_timebase_tim.o
                0x20000518                htim1
 .bss.uxSchedulerSuspended
                0x20000560        0x4 build/tasks.o
 .bss.xIdleTaskHandle
                0x20000564        0x4 build/tasks.o
 .bss.xNextTaskUnblockTime
                0x20000568        0x4 build/tasks.o
 .bss.uxTaskNumber
                0x2000056c        0x4 build/tasks.o
 .bss.xNumOfOverflows
                0x20000570        0x4 build/tasks.o
 .bss.xYieldPending
                0x20000574        0x4 build/tasks.o
 .bss.xPendedTicks
                0x20000578        0x4 build/tasks.o
 .bss.xSchedulerRunning
                0x2000057c        0x4 build/tasks.o
 .bss.uxTopReadyPriority
                0x20000580        0x4 build/tasks.o
 .bss.xTickCount
                0x20000584        0x4 build/tasks.o
 .bss.uxCurrentNumberOfTasks
                0x20000588        0x4 build/tasks.o
 .bss.xSuspendedTaskList
                0x2000058c       0x14 build/tasks.o
 .bss.uxDeletedTasksWaitingCleanUp
                0x200005a0        0x4 build/tasks.o
 .bss.xTasksWaitingTermination
                0x200005a4       0x14 build/tasks.o
 .bss.xPendingReadyList
                0x200005b8       0x14 build/tasks.o
 .bss.pxOverflowDelayedTaskList
                0x200005cc        0x4 build/tasks.o
 .bss.pxDelayedTaskList
                0x200005d0        0x4 build/tasks.o
 .bss.xDelayedTaskList2
                0x200005d4       0x14 build/tasks.o
 .bss.xDelayedTaskList1
                0x200005e8       0x14 build/tasks.o
 .bss.pxReadyTasksLists
                0x200005fc       0x8c build/tasks.o
 .bss.pxCurrentTCB
                0x20000688        0x4 build/tasks.o
                0x20000688                pxCurrentTCB
 .bss.ulMaxPRIGROUPValue
                0x2000068c        0x4 build/port.o
 .bss.ucMaxSysCallPriority
                0x20000690        0x1 build/port.o
 *fill*         0x20000691        0x3 
 .bss.xBlockAllocatedBit
                0x20000694        0x4 build/heap_4.o
 .bss.xNumberOfSuccessfulFrees
                0x20000698        0x4 build/heap_4.o
 .bss.xNumberOfSuccessfulAllocations
                0x2000069c        0x4 build/heap_4.o
 .bss.xMinimumEverFreeBytesRemaining
                0x200006a0        0x4 build/heap_4.o
 .bss.xFreeBytesRemaining
                0x200006a4        0x4 build/heap_4.o
 .bss.pxEnd     0x200006a8        0x4 build/heap_4.o
 .bss.xStart    0x200006ac        0x8 build/heap_4.o
 .bss.ucHeap    0x200006b4      0xc00 build/heap_4.o
 .bss.adc_buffer
                0x200012b4       0x10 build/Humidity_sensor.o
                0x200012b4                adc_buffer
 .bss.humididty_ctx
                0x200012c4     0x10b8 build/Humidity_sensor.o
                0x200012c4                humididty_ctx
 *(COMMON)
                0x2000237c                        . = ALIGN (0x4)
                0x2000237c                        _ebss = .
                0x2000237c                        __bss_end__ = _ebss

._user_heap_stack
                0x2000237c      0x604 load address 0x08004784
                0x20002380                        . = ALIGN (0x8)
 *fill*         0x2000237c        0x4 
                [!provide]                        PROVIDE (end = .)
                0x20002380                        PROVIDE (_end = .)
                0x20002580                        . = (. + _Min_Heap_Size)
 *fill*         0x20002380      0x200 
                0x20002980                        . = (. + _Min_Stack_Size)
 *fill*         0x20002580      0x400 
                0x20002980                        . = ALIGN (0x8)

/DISCARD/
 libc.a(*)
 libm.a(*)
 libgcc.a(*)
OUTPUT(build/Automatic_irrigation_system.elf elf32-littlearm)
LOAD linker stubs
LOAD /usr/lib/gcc/arm-none-eabi/13.2.1/../../../arm-none-eabi/lib/thumb/v7-m/nofp/libc.a
LOAD /usr/lib/gcc/arm-none-eabi/13.2.1/../../../arm-none-eabi/lib/thumb/v7-m/nofp/libm.a
LOAD /usr/lib/gcc/arm-none-eabi/13.2.1/thumb/v7-m/nofp/libgcc.a

.ARM.attributes
                0x00000000       0x29
 .ARM.attributes
                0x00000000       0x1d /usr/lib/gcc/arm-none-eabi/13.2.1/thumb/v7-m/nofp/crti.o
 .ARM.attributes
                0x0000001d       0x2d /usr/lib/gcc/arm-none-eabi/13.2.1/thumb/v7-m/nofp/crtbegin.o
 .ARM.attributes
                0x0000004a       0x2d build/main.o
 .ARM.attributes
                0x00000077       0x2d build/stm32f1xx_it.o
 .ARM.attributes
                0x000000a4       0x2d build/stm32f1xx_hal_msp.o
 .ARM.attributes
                0x000000d1       0x2d build/stm32f1xx_hal_adc.o
 .ARM.attributes
                0x000000fe       0x2d build/stm32f1xx_hal_adc_ex.o
 .ARM.attributes
                0x0000012b       0x2d build/stm32f1xx_hal.o
 .ARM.attributes
                0x00000158       0x2d build/stm32f1xx_hal_rcc.o
 .ARM.attributes
                0x00000185       0x2d build/stm32f1xx_hal_rcc_ex.o
 .ARM.attributes
                0x000001b2       0x2d build/stm32f1xx_hal_gpio.o
 .ARM.attributes
                0x000001df       0x2d build/stm32f1xx_hal_dma.o
 .ARM.attributes
                0x0000020c       0x2d build/stm32f1xx_hal_cortex.o
 .ARM.attributes
                0x00000239       0x2d build/system_stm32f1xx.o
 .ARM.attributes
                0x00000266       0x2d build/freertos.o
 .ARM.attributes
                0x00000293       0x2d build/stm32f1xx_hal_timebase_tim.o
 .ARM.attributes
                0x000002c0       0x2d build/stm32f1xx_hal_tim.o
 .ARM.attributes
                0x000002ed       0x2d build/stm32f1xx_hal_tim_ex.o
 .ARM.attributes
                0x0000031a       0x2d build/list.o
 .ARM.attributes
                0x00000347       0x2d build/queue.o
 .ARM.attributes
                0x00000374       0x2d build/tasks.o
 .ARM.attributes
                0x000003a1       0x2d build/cmsis_os.o
 .ARM.attributes
                0x000003ce       0x2d build/port.o
 .ARM.attributes
                0x000003fb       0x2d build/heap_4.o
 .ARM.attributes
                0x00000428       0x2d build/Humidity_sensor.o
 .ARM.attributes
                0x00000455       0x2d build/stm32f1xx_hal_i2c.o
 .ARM.attributes
                0x00000482       0x21 build/startup_stm32f103xb.o
 .ARM.attributes
                0x000004a3       0x2d /usr/lib/gcc/arm-none-eabi/13.2.1/../../../arm-none-eabi/lib/thumb/v7-m/nofp/libc_nano.a(libc_a-init.o)
 .ARM.attributes
                0x000004d0       0x2d /usr/lib/gcc/arm-none-eabi/13.2.1/../../../arm-none-eabi/lib/thumb/v7-m/nofp/libc_nano.a(libc_a-memset.o)
 .ARM.attributes
                0x000004fd       0x2d /usr/lib/gcc/arm-none-eabi/13.2.1/thumb/v7-m/nofp/crtend.o
 .ARM.attributes
                0x0000052a       0x1d /usr/lib/gcc/arm-none-eabi/13.2.1/thumb/v7-m/nofp/crtn.o

.comment        0x00000000       0x26
 .comment       0x00000000       0x26 /usr/lib/gcc/arm-none-eabi/13.2.1/thumb/v7-m/nofp/crtbegin.o
                                 0x27 (size before relaxing)
 .comment       0x00000026       0x27 build/main.o
 .comment       0x00000026       0x27 build/stm32f1xx_it.o
 .comment       0x00000026       0x27 build/stm32f1xx_hal_msp.o
 .comment       0x00000026       0x27 build/stm32f1xx_hal_adc.o
 .comment       0x00000026       0x27 build/stm32f1xx_hal_adc_ex.o
 .comment       0x00000026       0x27 build/stm32f1xx_hal.o
 .comment       0x00000026       0x27 build/stm32f1xx_hal_rcc.o
 .comment       0x00000026       0x27 build/stm32f1xx_hal_rcc_ex.o
 .comment       0x00000026       0x27 build/stm32f1xx_hal_gpio.o
 .comment       0x00000026       0x27 build/stm32f1xx_hal_dma.o
 .comment       0x00000026       0x27 build/stm32f1xx_hal_cortex.o
 .comment       0x00000026       0x27 build/system_stm32f1xx.o
 .comment       0x00000026       0x27 build/freertos.o
 .comment       0x00000026       0x27 build/stm32f1xx_hal_timebase_tim.o
 .comment       0x00000026       0x27 build/stm32f1xx_hal_tim.o
 .comment       0x00000026       0x27 build/stm32f1xx_hal_tim_ex.o
 .comment       0x00000026       0x27 build/list.o
 .comment       0x00000026       0x27 build/queue.o
 .comment       0x00000026       0x27 build/tasks.o
 .comment       0x00000026       0x27 build/cmsis_os.o
 .comment       0x00000026       0x27 build/port.o
 .comment       0x00000026       0x27 build/heap_4.o
 .comment       0x00000026       0x27 build/Humidity_sensor.o
 .comment       0x00000026       0x27 build/stm32f1xx_hal_i2c.o
 .comment       0x00000026       0x27 /usr/lib/gcc/arm-none-eabi/13.2.1/../../../arm-none-eabi/lib/thumb/v7-m/nofp/libc_nano.a(libc_a-init.o)
 .comment       0x00000026       0x27 /usr/lib/gcc/arm-none-eabi/13.2.1/../../../arm-none-eabi/lib/thumb/v7-m/nofp/libc_nano.a(libc_a-memset.o)
 .comment       0x00000026       0x27 /usr/lib/gcc/arm-none-eabi/13.2.1/thumb/v7-m/nofp/crtend.o

.debug_info     0x00000000    0x1ccf3
 .debug_info    0x00000000     0x192a build/main.o
 .debug_info    0x0000192a      0xe11 build/stm32f1xx_it.o
 .debug_info    0x0000273b     0x1048 build/stm32f1xx_hal_msp.o
 .debug_info    0x00003783     0x1076 build/stm32f1xx_hal_adc.o
 .debug_info    0x000047f9      0xd96 build/stm32f1xx_hal_adc_ex.o
 .debug_info    0x0000558f      0x874 build/stm32f1xx_hal.o
 .debug_info    0x00005e03      0xaec build/stm32f1xx_hal_rcc.o
 .debug_info    0x000068ef      0x465 build/stm32f1xx_hal_rcc_ex.o
 .debug_info    0x00006d54      0x6bf build/stm32f1xx_hal_gpio.o
 .debug_info    0x00007413      0x8c9 build/stm32f1xx_hal_dma.o
 .debug_info    0x00007cdc      0xe1b build/stm32f1xx_hal_cortex.o
 .debug_info    0x00008af7      0x256 build/system_stm32f1xx.o
 .debug_info    0x00008d4d      0x29d build/freertos.o
 .debug_info    0x00008fea      0xb33 build/stm32f1xx_hal_timebase_tim.o
 .debug_info    0x00009b1d     0x412e build/stm32f1xx_hal_tim.o
 .debug_info    0x0000dc4b     0x1d37 build/stm32f1xx_hal_tim_ex.o
 .debug_info    0x0000f982      0x303 build/list.o
 .debug_info    0x0000fc85     0x24ab build/queue.o
 .debug_info    0x00012130     0x2b2f build/tasks.o
 .debug_info    0x00014c5f     0x26eb build/cmsis_os.o
 .debug_info    0x0001734a      0x54b build/port.o
 .debug_info    0x00017895      0x5f4 build/heap_4.o
 .debug_info    0x00017e89      0xef7 build/Humidity_sensor.o
 .debug_info    0x00018d80     0x3d03 build/stm32f1xx_hal_i2c.o
 .debug_info    0x0001ca83       0x30 build/startup_stm32f103xb.o
 .debug_info    0x0001cab3      0x10b /usr/lib/gcc/arm-none-eabi/13.2.1/../../../arm-none-eabi/lib/thumb/v7-m/nofp/libc_nano.a(libc_a-init.o)
 .debug_info    0x0001cbbe      0x135 /usr/lib/gcc/arm-none-eabi/13.2.1/../../../arm-none-eabi/lib/thumb/v7-m/nofp/libc_nano.a(libc_a-memset.o)

.debug_abbrev   0x00000000     0x3e88
 .debug_abbrev  0x00000000      0x32f build/main.o
 .debug_abbrev  0x0000032f      0x18e build/stm32f1xx_it.o
 .debug_abbrev  0x000004bd      0x22b build/stm32f1xx_hal_msp.o
 .debug_abbrev  0x000006e8      0x282 build/stm32f1xx_hal_adc.o
 .debug_abbrev  0x0000096a      0x297 build/stm32f1xx_hal_adc_ex.o
 .debug_abbrev  0x00000c01      0x232 build/stm32f1xx_hal.o
 .debug_abbrev  0x00000e33      0x2d6 build/stm32f1xx_hal_rcc.o
 .debug_abbrev  0x00001109      0x1d4 build/stm32f1xx_hal_rcc_ex.o
 .debug_abbrev  0x000012dd      0x222 build/stm32f1xx_hal_gpio.o
 .debug_abbrev  0x000014ff      0x261 build/stm32f1xx_hal_dma.o
 .debug_abbrev  0x00001760      0x3aa build/stm32f1xx_hal_cortex.o
 .debug_abbrev  0x00001b0a      0x140 build/system_stm32f1xx.o
 .debug_abbrev  0x00001c4a       0xe6 build/freertos.o
 .debug_abbrev  0x00001d30      0x22d build/stm32f1xx_hal_timebase_tim.o
 .debug_abbrev  0x00001f5d      0x2bd build/stm32f1xx_hal_tim.o
 .debug_abbrev  0x0000221a      0x2b7 build/stm32f1xx_hal_tim_ex.o
 .debug_abbrev  0x000024d1      0x124 build/list.o
 .debug_abbrev  0x000025f5      0x431 build/queue.o
 .debug_abbrev  0x00002a26      0x3f0 build/tasks.o
 .debug_abbrev  0x00002e16      0x3fb build/cmsis_os.o
 .debug_abbrev  0x00003211      0x2c2 build/port.o
 .debug_abbrev  0x000034d3      0x27a build/heap_4.o
 .debug_abbrev  0x0000374d      0x280 build/Humidity_sensor.o
 .debug_abbrev  0x000039cd      0x31e build/stm32f1xx_hal_i2c.o
 .debug_abbrev  0x00003ceb       0x1d build/startup_stm32f103xb.o
 .debug_abbrev  0x00003d08       0xc9 /usr/lib/gcc/arm-none-eabi/13.2.1/../../../arm-none-eabi/lib/thumb/v7-m/nofp/libc_nano.a(libc_a-init.o)
 .debug_abbrev  0x00003dd1       0xb7 /usr/lib/gcc/arm-none-eabi/13.2.1/../../../arm-none-eabi/lib/thumb/v7-m/nofp/libc_nano.a(libc_a-memset.o)

.debug_loc      0x00000000    0x184e4
 .debug_loc     0x00000000      0x1f3 build/main.o
 .debug_loc     0x000001f3       0xc0 build/stm32f1xx_it.o
 .debug_loc     0x000002b3      0x21c build/stm32f1xx_hal_msp.o
 .debug_loc     0x000004cf      0xf1c build/stm32f1xx_hal_adc.o
 .debug_loc     0x000013eb      0xb42 build/stm32f1xx_hal_adc_ex.o
 .debug_loc     0x00001f2d      0x1f9 build/stm32f1xx_hal.o
 .debug_loc     0x00002126      0x7c6 build/stm32f1xx_hal_rcc.o
 .debug_loc     0x000028ec      0x4a9 build/stm32f1xx_hal_rcc_ex.o
 .debug_loc     0x00002d95      0x56c build/stm32f1xx_hal_gpio.o
 .debug_loc     0x00003301      0x990 build/stm32f1xx_hal_dma.o
 .debug_loc     0x00003c91      0x8b4 build/stm32f1xx_hal_cortex.o
 .debug_loc     0x00004545      0x11b build/system_stm32f1xx.o
 .debug_loc     0x00004660      0x12e build/stm32f1xx_hal_timebase_tim.o
 .debug_loc     0x0000478e     0x6168 build/stm32f1xx_hal_tim.o
 .debug_loc     0x0000a8f6     0x227b build/stm32f1xx_hal_tim_ex.o
 .debug_loc     0x0000cb71       0xeb build/list.o
 .debug_loc     0x0000cc5c     0x1b24 build/queue.o
 .debug_loc     0x0000e780     0x23c1 build/tasks.o
 .debug_loc     0x00010b41     0x1bc6 build/cmsis_os.o
 .debug_loc     0x00012707      0x172 build/port.o
 .debug_loc     0x00012879      0x51c build/heap_4.o
 .debug_loc     0x00012d95      0x27c build/Humidity_sensor.o
 .debug_loc     0x00013011     0x54d3 build/stm32f1xx_hal_i2c.o

.debug_aranges  0x00000000     0x1478
 .debug_aranges
                0x00000000       0x60 build/main.o
 .debug_aranges
                0x00000060       0x78 build/stm32f1xx_it.o
 .debug_aranges
                0x000000d8       0x40 build/stm32f1xx_hal_msp.o
 .debug_aranges
                0x00000118       0xf0 build/stm32f1xx_hal_adc.o
 .debug_aranges
                0x00000208       0x80 build/stm32f1xx_hal_adc_ex.o
 .debug_aranges
                0x00000288       0xe0 build/stm32f1xx_hal.o
 .debug_aranges
                0x00000368       0x90 build/stm32f1xx_hal_rcc.o
 .debug_aranges
                0x000003f8       0x30 build/stm32f1xx_hal_rcc_ex.o
 .debug_aranges
                0x00000428       0x58 build/stm32f1xx_hal_gpio.o
 .debug_aranges
                0x00000480       0x80 build/stm32f1xx_hal_dma.o
 .debug_aranges
                0x00000500       0xc0 build/stm32f1xx_hal_cortex.o
 .debug_aranges
                0x000005c0       0x28 build/system_stm32f1xx.o
 .debug_aranges
                0x000005e8       0x28 build/freertos.o
 .debug_aranges
                0x00000610       0x30 build/stm32f1xx_hal_timebase_tim.o
 .debug_aranges
                0x00000640      0x3d0 build/stm32f1xx_hal_tim.o
 .debug_aranges
                0x00000a10      0x168 build/stm32f1xx_hal_tim_ex.o
 .debug_aranges
                0x00000b78       0x40 build/list.o
 .debug_aranges
                0x00000bb8      0x108 build/queue.o
 .debug_aranges
                0x00000cc0      0x1b8 build/tasks.o
 .debug_aranges
                0x00000e78      0x1d8 build/cmsis_os.o
 .debug_aranges
                0x00001050       0x78 build/port.o
 .debug_aranges
                0x000010c8       0x58 build/heap_4.o
 .debug_aranges
                0x00001120       0x48 build/Humidity_sensor.o
 .debug_aranges
                0x00001168      0x2a8 build/stm32f1xx_hal_i2c.o
 .debug_aranges
                0x00001410       0x28 build/startup_stm32f103xb.o
 .debug_aranges
                0x00001438       0x20 /usr/lib/gcc/arm-none-eabi/13.2.1/../../../arm-none-eabi/lib/thumb/v7-m/nofp/libc_nano.a(libc_a-init.o)
 .debug_aranges
                0x00001458       0x20 /usr/lib/gcc/arm-none-eabi/13.2.1/../../../arm-none-eabi/lib/thumb/v7-m/nofp/libc_nano.a(libc_a-memset.o)

.debug_ranges   0x00000000     0x14a8
 .debug_ranges  0x00000000       0x50 build/main.o
 .debug_ranges  0x00000050       0x68 build/stm32f1xx_it.o
 .debug_ranges  0x000000b8       0x30 build/stm32f1xx_hal_msp.o
 .debug_ranges  0x000000e8       0xe0 build/stm32f1xx_hal_adc.o
 .debug_ranges  0x000001c8       0x70 build/stm32f1xx_hal_adc_ex.o
 .debug_ranges  0x00000238       0xd0 build/stm32f1xx_hal.o
 .debug_ranges  0x00000308       0xa0 build/stm32f1xx_hal_rcc.o
 .debug_ranges  0x000003a8       0x38 build/stm32f1xx_hal_rcc_ex.o
 .debug_ranges  0x000003e0       0x48 build/stm32f1xx_hal_gpio.o
 .debug_ranges  0x00000428       0x70 build/stm32f1xx_hal_dma.o
 .debug_ranges  0x00000498       0xb0 build/stm32f1xx_hal_cortex.o
 .debug_ranges  0x00000548       0x18 build/system_stm32f1xx.o
 .debug_ranges  0x00000560       0x18 build/freertos.o
 .debug_ranges  0x00000578       0x20 build/stm32f1xx_hal_timebase_tim.o
 .debug_ranges  0x00000598      0x3c0 build/stm32f1xx_hal_tim.o
 .debug_ranges  0x00000958      0x158 build/stm32f1xx_hal_tim_ex.o
 .debug_ranges  0x00000ab0       0x30 build/list.o
 .debug_ranges  0x00000ae0      0x1c8 build/queue.o
 .debug_ranges  0x00000ca8      0x280 build/tasks.o
 .debug_ranges  0x00000f28      0x1c8 build/cmsis_os.o
 .debug_ranges  0x000010f0       0x68 build/port.o
 .debug_ranges  0x00001158       0x48 build/heap_4.o
 .debug_ranges  0x000011a0       0x38 build/Humidity_sensor.o
 .debug_ranges  0x000011d8      0x2b0 build/stm32f1xx_hal_i2c.o
 .debug_ranges  0x00001488       0x20 build/startup_stm32f103xb.o

.debug_line     0x00000000    0x166a0
 .debug_line    0x00000000      0x61f build/main.o
 .debug_line    0x0000061f      0x274 build/stm32f1xx_it.o
 .debug_line    0x00000893      0x37b build/stm32f1xx_hal_msp.o
 .debug_line    0x00000c0e      0xddf build/stm32f1xx_hal_adc.o
 .debug_line    0x000019ed      0xaab build/stm32f1xx_hal_adc_ex.o
 .debug_line    0x00002498      0x489 build/stm32f1xx_hal.o
 .debug_line    0x00002921      0xc05 build/stm32f1xx_hal_rcc.o
 .debug_line    0x00003526      0x405 build/stm32f1xx_hal_rcc_ex.o
 .debug_line    0x0000392b      0x52b build/stm32f1xx_hal_gpio.o
 .debug_line    0x00003e56      0xa4a build/stm32f1xx_hal_dma.o
 .debug_line    0x000048a0      0x602 build/stm32f1xx_hal_cortex.o
 .debug_line    0x00004ea2      0x1a0 build/system_stm32f1xx.o
 .debug_line    0x00005042      0x134 build/freertos.o
 .debug_line    0x00005176      0x244 build/stm32f1xx_hal_timebase_tim.o
 .debug_line    0x000053ba     0x454a build/stm32f1xx_hal_tim.o
 .debug_line    0x00009904     0x1947 build/stm32f1xx_hal_tim_ex.o
 .debug_line    0x0000b24b      0x2cf build/list.o
 .debug_line    0x0000b51a     0x182a build/queue.o
 .debug_line    0x0000cd44     0x1fdf build/tasks.o
 .debug_line    0x0000ed23     0x11d8 build/cmsis_os.o
 .debug_line    0x0000fefb      0x503 build/port.o
 .debug_line    0x000103fe      0x627 build/heap_4.o
 .debug_line    0x00010a25      0x398 build/Humidity_sensor.o
 .debug_line    0x00010dbd     0x55a3 build/stm32f1xx_hal_i2c.o
 .debug_line    0x00016360       0x71 build/startup_stm32f103xb.o
 .debug_line    0x000163d1      0x11e /usr/lib/gcc/arm-none-eabi/13.2.1/../../../arm-none-eabi/lib/thumb/v7-m/nofp/libc_nano.a(libc_a-init.o)
 .debug_line    0x000164ef      0x1b1 /usr/lib/gcc/arm-none-eabi/13.2.1/../../../arm-none-eabi/lib/thumb/v7-m/nofp/libc_nano.a(libc_a-memset.o)

.debug_str      0x00000000     0x6623
 .debug_str     0x00000000     0x6623 build/main.o
                               0x13de (size before relaxing)
 .debug_str     0x00006623      0xb5e build/stm32f1xx_it.o
 .debug_str     0x00006623      0xbd9 build/stm32f1xx_hal_msp.o
 .debug_str     0x00006623      0x8b3 build/stm32f1xx_hal_adc.o
 .debug_str     0x00006623      0x8a0 build/stm32f1xx_hal_adc_ex.o
 .debug_str     0x00006623      0x811 build/stm32f1xx_hal.o
 .debug_str     0x00006623      0x5f9 build/stm32f1xx_hal_rcc.o
 .debug_str     0x00006623      0x3ac build/stm32f1xx_hal_rcc_ex.o
 .debug_str     0x00006623      0x3d8 build/stm32f1xx_hal_gpio.o
 .debug_str     0x00006623      0x5e0 build/stm32f1xx_hal_dma.o
 .debug_str     0x00006623      0x8a2 build/stm32f1xx_hal_cortex.o
 .debug_str     0x00006623      0x22d build/system_stm32f1xx.o
 .debug_str     0x00006623      0x2e5 build/freertos.o
 .debug_str     0x00006623      0xaef build/stm32f1xx_hal_timebase_tim.o
 .debug_str     0x00006623     0x165d build/stm32f1xx_hal_tim.o
 .debug_str     0x00006623      0xe69 build/stm32f1xx_hal_tim_ex.o
 .debug_str     0x00006623      0x2d8 build/list.o
 .debug_str     0x00006623      0xb2e build/queue.o
 .debug_str     0x00006623      0xff1 build/tasks.o
 .debug_str     0x00006623     0x103c build/cmsis_os.o
 .debug_str     0x00006623      0x43a build/port.o
 .debug_str     0x00006623      0x4e7 build/heap_4.o
 .debug_str     0x00006623      0x8f9 build/Humidity_sensor.o
 .debug_str     0x00006623      0xf93 build/stm32f1xx_hal_i2c.o
 .debug_str     0x00006623       0x77 build/startup_stm32f103xb.o
 .debug_str     0x00006623      0x1f2 /usr/lib/gcc/arm-none-eabi/13.2.1/../../../arm-none-eabi/lib/thumb/v7-m/nofp/libc_nano.a(libc_a-init.o)
 .debug_str     0x00006623      0x1a5 /usr/lib/gcc/arm-none-eabi/13.2.1/../../../arm-none-eabi/lib/thumb/v7-m/nofp/libc_nano.a(libc_a-memset.o)

.debug_frame    0x00000000     0x3994
 .debug_frame   0x00000000       0xf4 build/main.o
 .debug_frame   0x000000f4      0x100 build/stm32f1xx_it.o
 .debug_frame   0x000001f4       0xa4 build/stm32f1xx_hal_msp.o
 .debug_frame   0x00000298      0x2c8 build/stm32f1xx_hal_adc.o
 .debug_frame   0x00000560      0x19c build/stm32f1xx_hal_adc_ex.o
 .debug_frame   0x000006fc      0x1cc build/stm32f1xx_hal.o
 .debug_frame   0x000008c8      0x184 build/stm32f1xx_hal_rcc.o
 .debug_frame   0x00000a4c       0x5c build/stm32f1xx_hal_rcc_ex.o
 .debug_frame   0x00000aa8       0xe4 build/stm32f1xx_hal_gpio.o
 .debug_frame   0x00000b8c      0x144 build/stm32f1xx_hal_dma.o
 .debug_frame   0x00000cd0      0x19c build/stm32f1xx_hal_cortex.o
 .debug_frame   0x00000e6c       0x30 build/system_stm32f1xx.o
 .debug_frame   0x00000e9c       0x30 build/freertos.o
 .debug_frame   0x00000ecc       0x54 build/stm32f1xx_hal_timebase_tim.o
 .debug_frame   0x00000f20      0xb18 build/stm32f1xx_hal_tim.o
 .debug_frame   0x00001a38      0x418 build/stm32f1xx_hal_tim_ex.o
 .debug_frame   0x00001e50       0x70 build/list.o
 .debug_frame   0x00001ec0      0x358 build/queue.o
 .debug_frame   0x00002218      0x598 build/tasks.o
 .debug_frame   0x000027b0      0x58c build/cmsis_os.o
 .debug_frame   0x00002d3c       0xf0 build/port.o
 .debug_frame   0x00002e2c       0xd0 build/heap_4.o
 .debug_frame   0x00002efc       0xb8 build/Humidity_sensor.o
 .debug_frame   0x00002fb4      0x988 build/stm32f1xx_hal_i2c.o
 .debug_frame   0x0000393c       0x2c /usr/lib/gcc/arm-none-eabi/13.2.1/../../../arm-none-eabi/lib/thumb/v7-m/nofp/libc_nano.a(libc_a-init.o)
 .debug_frame   0x00003968       0x2c /usr/lib/gcc/arm-none-eabi/13.2.1/../../../arm-none-eabi/lib/thumb/v7-m/nofp/libc_nano.a(libc_a-memset.o)

.debug_loclists
                0x00000000      0x23c
 .debug_loclists
                0x00000000       0x65 /usr/lib/gcc/arm-none-eabi/13.2.1/../../../arm-none-eabi/lib/thumb/v7-m/nofp/libc_nano.a(libc_a-init.o)
 .debug_loclists
                0x00000065      0x1d7 /usr/lib/gcc/arm-none-eabi/13.2.1/../../../arm-none-eabi/lib/thumb/v7-m/nofp/libc_nano.a(libc_a-memset.o)

Cross Reference Table

Symbol                                            File
ADC1_2_IRQHandler                                 build/stm32f1xx_it.o
ADC_Calibrate                                     build/Humidity_sensor.o
ADC_ConversionStop_Disable                        build/stm32f1xx_hal_adc.o
                                                  build/stm32f1xx_hal_adc_ex.o
ADC_DMAConvCplt                                   build/stm32f1xx_hal_adc.o
                                                  build/stm32f1xx_hal_adc_ex.o
ADC_DMAError                                      build/stm32f1xx_hal_adc.o
                                                  build/stm32f1xx_hal_adc_ex.o
ADC_DMAHalfConvCplt                               build/stm32f1xx_hal_adc.o
                                                  build/stm32f1xx_hal_adc_ex.o
ADC_Enable                                        build/stm32f1xx_hal_adc.o
                                                  build/stm32f1xx_hal_adc_ex.o
AHBPrescTable                                     build/system_stm32f1xx.o
                                                  build/stm32f1xx_hal_rcc.o
APBPrescTable                                     build/system_stm32f1xx.o
                                                  build/stm32f1xx_hal_rcc.o
BusFault_Handler                                  build/stm32f1xx_it.o
CAN1_RX1_IRQHandler                               build/startup_stm32f103xb.o
CAN1_SCE_IRQHandler                               build/startup_stm32f103xb.o
DMA1_Channel1_IRQHandler                          build/stm32f1xx_it.o
DMA1_Channel2_IRQHandler                          build/startup_stm32f103xb.o
DMA1_Channel3_IRQHandler                          build/startup_stm32f103xb.o
DMA1_Channel4_IRQHandler                          build/startup_stm32f103xb.o
DMA1_Channel5_IRQHandler                          build/startup_stm32f103xb.o
DMA1_Channel6_IRQHandler                          build/startup_stm32f103xb.o
DMA1_Channel7_IRQHandler                          build/stm32f1xx_it.o
DebugMon_Handler                                  build/stm32f1xx_it.o
Default_Handler                                   build/startup_stm32f103xb.o
EXTI0_IRQHandler                                  build/startup_stm32f103xb.o
EXTI15_10_IRQHandler                              build/startup_stm32f103xb.o
EXTI1_IRQHandler                                  build/startup_stm32f103xb.o
EXTI2_IRQHandler                                  build/startup_stm32f103xb.o
EXTI3_IRQHandler                                  build/startup_stm32f103xb.o
EXTI4_IRQHandler                                  build/startup_stm32f103xb.o
EXTI9_5_IRQHandler                                build/startup_stm32f103xb.o
Error_Handler                                     build/main.o
                                                  build/stm32f1xx_hal_msp.o
FLASH_IRQHandler                                  build/startup_stm32f103xb.o
FLASH_PageErase                                   build/stm32f1xx_hal_flash_ex.o
                                                  build/stm32f1xx_hal_flash.o
FLASH_WaitForLastOperation                        build/stm32f1xx_hal_flash.o
                                                  build/stm32f1xx_hal_flash_ex.o
HAL_ADCEx_Calibration_Start                       build/stm32f1xx_hal_adc_ex.o
                                                  build/Humidity_sensor.o
HAL_ADCEx_InjectedConfigChannel                   build/stm32f1xx_hal_adc_ex.o
HAL_ADCEx_InjectedConvCpltCallback                build/stm32f1xx_hal_adc_ex.o
                                                  build/stm32f1xx_hal_adc.o
HAL_ADCEx_InjectedGetValue                        build/stm32f1xx_hal_adc_ex.o
HAL_ADCEx_InjectedPollForConversion               build/stm32f1xx_hal_adc_ex.o
HAL_ADCEx_InjectedStart                           build/stm32f1xx_hal_adc_ex.o
HAL_ADCEx_InjectedStart_IT                        build/stm32f1xx_hal_adc_ex.o
HAL_ADCEx_InjectedStop                            build/stm32f1xx_hal_adc_ex.o
HAL_ADCEx_InjectedStop_IT                         build/stm32f1xx_hal_adc_ex.o
HAL_ADCEx_MultiModeConfigChannel                  build/stm32f1xx_hal_adc_ex.o
HAL_ADCEx_MultiModeGetValue                       build/stm32f1xx_hal_adc_ex.o
HAL_ADCEx_MultiModeStart_DMA                      build/stm32f1xx_hal_adc_ex.o
HAL_ADCEx_MultiModeStop_DMA                       build/stm32f1xx_hal_adc_ex.o
HAL_ADC_AnalogWDGConfig                           build/stm32f1xx_hal_adc.o
HAL_ADC_ConfigChannel                             build/stm32f1xx_hal_adc.o
                                                  build/main.o
HAL_ADC_ConvCpltCallback                          build/Humidity_sensor.o
                                                  build/stm32f1xx_hal_adc.o
HAL_ADC_ConvHalfCpltCallback                      build/stm32f1xx_hal_adc.o
HAL_ADC_DeInit                                    build/stm32f1xx_hal_adc.o
HAL_ADC_ErrorCallback                             build/Humidity_sensor.o
                                                  build/stm32f1xx_hal_adc.o
HAL_ADC_GetError                                  build/stm32f1xx_hal_adc.o
HAL_ADC_GetState                                  build/stm32f1xx_hal_adc.o
HAL_ADC_GetValue                                  build/stm32f1xx_hal_adc.o
HAL_ADC_IRQHandler                                build/stm32f1xx_hal_adc.o
                                                  build/stm32f1xx_it.o
HAL_ADC_Init                                      build/stm32f1xx_hal_adc.o
                                                  build/main.o
HAL_ADC_LevelOutOfWindowCallback                  build/stm32f1xx_hal_adc.o
HAL_ADC_MspDeInit                                 build/stm32f1xx_hal_msp.o
HAL_ADC_MspInit                                   build/stm32f1xx_hal_msp.o
HAL_ADC_PollForConversion                         build/stm32f1xx_hal_adc.o
HAL_ADC_PollForEvent                              build/stm32f1xx_hal_adc.o
HAL_ADC_Start                                     build/stm32f1xx_hal_adc.o
HAL_ADC_Start_DMA                                 build/stm32f1xx_hal_adc.o
                                                  build/Humidity_sensor.o
HAL_ADC_Start_IT                                  build/stm32f1xx_hal_adc.o
HAL_ADC_Stop                                      build/stm32f1xx_hal_adc.o
                                                  build/Humidity_sensor.o
HAL_ADC_Stop_DMA                                  build/stm32f1xx_hal_adc.o
                                                  build/Humidity_sensor.o
HAL_ADC_Stop_IT                                   build/stm32f1xx_hal_adc.o
HAL_DBGMCU_DisableDBGSleepMode                    build/stm32f1xx_hal.o
HAL_DBGMCU_DisableDBGStandbyMode                  build/stm32f1xx_hal.o
HAL_DBGMCU_DisableDBGStopMode                     build/stm32f1xx_hal.o
HAL_DBGMCU_EnableDBGSleepMode                     build/stm32f1xx_hal.o
HAL_DBGMCU_EnableDBGStandbyMode                   build/stm32f1xx_hal.o
HAL_DBGMCU_EnableDBGStopMode                      build/stm32f1xx_hal.o
HAL_DMA_Abort                                     build/stm32f1xx_hal_dma.o
                                                  build/stm32f1xx_hal_adc_ex.o
                                                  build/stm32f1xx_hal_adc.o
HAL_DMA_Abort_IT                                  build/stm32f1xx_hal_dma.o
                                                  build/stm32f1xx_hal_i2c.o
                                                  build/stm32f1xx_hal_tim_ex.o
                                                  build/stm32f1xx_hal_tim.o
HAL_DMA_DeInit                                    build/stm32f1xx_hal_dma.o
                                                  build/stm32f1xx_hal_msp.o
HAL_DMA_GetError                                  build/stm32f1xx_hal_dma.o
HAL_DMA_GetState                                  build/stm32f1xx_hal_dma.o
                                                  build/stm32f1xx_hal_i2c.o
HAL_DMA_IRQHandler                                build/stm32f1xx_hal_dma.o
                                                  build/stm32f1xx_it.o
HAL_DMA_Init                                      build/stm32f1xx_hal_dma.o
                                                  build/stm32f1xx_hal_msp.o
HAL_DMA_PollForTransfer                           build/stm32f1xx_hal_dma.o
HAL_DMA_RegisterCallback                          build/stm32f1xx_hal_dma.o
HAL_DMA_Start                                     build/stm32f1xx_hal_dma.o
HAL_DMA_Start_IT                                  build/stm32f1xx_hal_dma.o
                                                  build/stm32f1xx_hal_i2c.o
                                                  build/stm32f1xx_hal_tim_ex.o
                                                  build/stm32f1xx_hal_tim.o
                                                  build/stm32f1xx_hal_adc_ex.o
                                                  build/stm32f1xx_hal_adc.o
HAL_DMA_UnRegisterCallback                        build/stm32f1xx_hal_dma.o
HAL_DeInit                                        build/stm32f1xx_hal.o
HAL_Delay                                         build/stm32f1xx_hal.o
HAL_EXTI_ClearConfigLine                          build/stm32f1xx_hal_exti.o
HAL_EXTI_ClearPending                             build/stm32f1xx_hal_exti.o
HAL_EXTI_GenerateSWI                              build/stm32f1xx_hal_exti.o
HAL_EXTI_GetConfigLine                            build/stm32f1xx_hal_exti.o
HAL_EXTI_GetHandle                                build/stm32f1xx_hal_exti.o
HAL_EXTI_GetPending                               build/stm32f1xx_hal_exti.o
HAL_EXTI_IRQHandler                               build/stm32f1xx_hal_exti.o
HAL_EXTI_RegisterCallback                         build/stm32f1xx_hal_exti.o
HAL_EXTI_SetConfigLine                            build/stm32f1xx_hal_exti.o
HAL_FLASHEx_Erase                                 build/stm32f1xx_hal_flash_ex.o
HAL_FLASHEx_Erase_IT                              build/stm32f1xx_hal_flash_ex.o
HAL_FLASHEx_OBErase                               build/stm32f1xx_hal_flash_ex.o
HAL_FLASHEx_OBGetConfig                           build/stm32f1xx_hal_flash_ex.o
HAL_FLASHEx_OBGetUserData                         build/stm32f1xx_hal_flash_ex.o
HAL_FLASHEx_OBProgram                             build/stm32f1xx_hal_flash_ex.o
HAL_FLASH_EndOfOperationCallback                  build/stm32f1xx_hal_flash.o
HAL_FLASH_GetError                                build/stm32f1xx_hal_flash.o
HAL_FLASH_IRQHandler                              build/stm32f1xx_hal_flash.o
HAL_FLASH_Lock                                    build/stm32f1xx_hal_flash.o
HAL_FLASH_OB_Launch                               build/stm32f1xx_hal_flash.o
HAL_FLASH_OB_Lock                                 build/stm32f1xx_hal_flash.o
HAL_FLASH_OB_Unlock                               build/stm32f1xx_hal_flash.o
HAL_FLASH_OperationErrorCallback                  build/stm32f1xx_hal_flash.o
HAL_FLASH_Program                                 build/stm32f1xx_hal_flash.o
HAL_FLASH_Program_IT                              build/stm32f1xx_hal_flash.o
HAL_FLASH_Unlock                                  build/stm32f1xx_hal_flash.o
HAL_GPIOEx_ConfigEventout                         build/stm32f1xx_hal_gpio_ex.o
HAL_GPIOEx_DisableEventout                        build/stm32f1xx_hal_gpio_ex.o
HAL_GPIOEx_EnableEventout                         build/stm32f1xx_hal_gpio_ex.o
HAL_GPIO_DeInit                                   build/stm32f1xx_hal_gpio.o
                                                  build/stm32f1xx_hal_msp.o
HAL_GPIO_EXTI_Callback                            build/stm32f1xx_hal_gpio.o
HAL_GPIO_EXTI_IRQHandler                          build/stm32f1xx_hal_gpio.o
HAL_GPIO_Init                                     build/stm32f1xx_hal_gpio.o
                                                  build/stm32f1xx_hal_rcc.o
                                                  build/stm32f1xx_hal_msp.o
HAL_GPIO_LockPin                                  build/stm32f1xx_hal_gpio.o
HAL_GPIO_ReadPin                                  build/stm32f1xx_hal_gpio.o
HAL_GPIO_TogglePin                                build/stm32f1xx_hal_gpio.o
HAL_GPIO_WritePin                                 build/stm32f1xx_hal_gpio.o
HAL_GetDEVID                                      build/stm32f1xx_hal.o
HAL_GetHalVersion                                 build/stm32f1xx_hal.o
HAL_GetREVID                                      build/stm32f1xx_hal.o
HAL_GetTick                                       build/stm32f1xx_hal.o
                                                  build/stm32f1xx_hal_i2c.o
                                                  build/stm32f1xx_hal_flash.o
                                                  build/stm32f1xx_hal_dma.o
                                                  build/stm32f1xx_hal_rcc_ex.o
                                                  build/stm32f1xx_hal_rcc.o
                                                  build/stm32f1xx_hal_adc_ex.o
                                                  build/stm32f1xx_hal_adc.o
HAL_GetTickFreq                                   build/stm32f1xx_hal.o
HAL_GetTickPrio                                   build/stm32f1xx_hal.o
HAL_GetUIDw0                                      build/stm32f1xx_hal.o
HAL_GetUIDw1                                      build/stm32f1xx_hal.o
HAL_GetUIDw2                                      build/stm32f1xx_hal.o
HAL_I2C_AbortCpltCallback                         build/stm32f1xx_hal_i2c.o
HAL_I2C_AddrCallback                              build/stm32f1xx_hal_i2c.o
HAL_I2C_DeInit                                    build/stm32f1xx_hal_i2c.o
HAL_I2C_DisableListen_IT                          build/stm32f1xx_hal_i2c.o
HAL_I2C_ER_IRQHandler                             build/stm32f1xx_hal_i2c.o
                                                  build/stm32f1xx_it.o
HAL_I2C_EV_IRQHandler                             build/stm32f1xx_hal_i2c.o
                                                  build/stm32f1xx_it.o
HAL_I2C_EnableListen_IT                           build/stm32f1xx_hal_i2c.o
HAL_I2C_ErrorCallback                             build/stm32f1xx_hal_i2c.o
HAL_I2C_GetError                                  build/stm32f1xx_hal_i2c.o
HAL_I2C_GetMode                                   build/stm32f1xx_hal_i2c.o
HAL_I2C_GetState                                  build/stm32f1xx_hal_i2c.o
HAL_I2C_Init                                      build/stm32f1xx_hal_i2c.o
                                                  build/main.o
HAL_I2C_IsDeviceReady                             build/stm32f1xx_hal_i2c.o
HAL_I2C_ListenCpltCallback                        build/stm32f1xx_hal_i2c.o
HAL_I2C_MasterRxCpltCallback                      build/stm32f1xx_hal_i2c.o
HAL_I2C_MasterTxCpltCallback                      build/stm32f1xx_hal_i2c.o
HAL_I2C_Master_Abort_IT                           build/stm32f1xx_hal_i2c.o
HAL_I2C_Master_Receive                            build/stm32f1xx_hal_i2c.o
HAL_I2C_Master_Receive_DMA                        build/stm32f1xx_hal_i2c.o
HAL_I2C_Master_Receive_IT                         build/stm32f1xx_hal_i2c.o
HAL_I2C_Master_Seq_Receive_DMA                    build/stm32f1xx_hal_i2c.o
HAL_I2C_Master_Seq_Receive_IT                     build/stm32f1xx_hal_i2c.o
HAL_I2C_Master_Seq_Transmit_DMA                   build/stm32f1xx_hal_i2c.o
HAL_I2C_Master_Seq_Transmit_IT                    build/stm32f1xx_hal_i2c.o
HAL_I2C_Master_Transmit                           build/stm32f1xx_hal_i2c.o
HAL_I2C_Master_Transmit_DMA                       build/stm32f1xx_hal_i2c.o
HAL_I2C_Master_Transmit_IT                        build/stm32f1xx_hal_i2c.o
HAL_I2C_MemRxCpltCallback                         build/stm32f1xx_hal_i2c.o
HAL_I2C_MemTxCpltCallback                         build/stm32f1xx_hal_i2c.o
HAL_I2C_Mem_Read                                  build/stm32f1xx_hal_i2c.o
HAL_I2C_Mem_Read_DMA                              build/stm32f1xx_hal_i2c.o
HAL_I2C_Mem_Read_IT                               build/stm32f1xx_hal_i2c.o
HAL_I2C_Mem_Write                                 build/stm32f1xx_hal_i2c.o
HAL_I2C_Mem_Write_DMA                             build/stm32f1xx_hal_i2c.o
HAL_I2C_Mem_Write_IT                              build/stm32f1xx_hal_i2c.o
HAL_I2C_MspDeInit                                 build/stm32f1xx_hal_msp.o
HAL_I2C_MspInit                                   build/stm32f1xx_hal_msp.o
HAL_I2C_SlaveRxCpltCallback                       build/stm32f1xx_hal_i2c.o
HAL_I2C_SlaveTxCpltCallback                       build/stm32f1xx_hal_i2c.o
HAL_I2C_Slave_Receive                             build/stm32f1xx_hal_i2c.o
HAL_I2C_Slave_Receive_DMA                         build/stm32f1xx_hal_i2c.o
HAL_I2C_Slave_Receive_IT                          build/stm32f1xx_hal_i2c.o
HAL_I2C_Slave_Seq_Receive_DMA                     build/stm32f1xx_hal_i2c.o
HAL_I2C_Slave_Seq_Receive_IT                      build/stm32f1xx_hal_i2c.o
HAL_I2C_Slave_Seq_Transmit_DMA                    build/stm32f1xx_hal_i2c.o
HAL_I2C_Slave_Seq_Transmit_IT                     build/stm32f1xx_hal_i2c.o
HAL_I2C_Slave_Transmit                            build/stm32f1xx_hal_i2c.o
HAL_I2C_Slave_Transmit_DMA                        build/stm32f1xx_hal_i2c.o
HAL_I2C_Slave_Transmit_IT                         build/stm32f1xx_hal_i2c.o
HAL_IncTick                                       build/stm32f1xx_hal.o
                                                  build/main.o
HAL_Init                                          build/stm32f1xx_hal.o
                                                  build/main.o
HAL_InitTick                                      build/stm32f1xx_hal_timebase_tim.o
                                                  build/stm32f1xx_hal.o
                                                  build/stm32f1xx_hal_rcc.o
HAL_MspDeInit                                     build/stm32f1xx_hal.o
HAL_MspInit                                       build/stm32f1xx_hal_msp.o
HAL_NVIC_ClearPendingIRQ                          build/stm32f1xx_hal_cortex.o
HAL_NVIC_DisableIRQ                               build/stm32f1xx_hal_cortex.o
                                                  build/stm32f1xx_hal_msp.o
HAL_NVIC_EnableIRQ                                build/stm32f1xx_hal_cortex.o
                                                  build/stm32f1xx_hal_timebase_tim.o
                                                  build/stm32f1xx_hal_msp.o
                                                  build/main.o
HAL_NVIC_GetActive                                build/stm32f1xx_hal_cortex.o
HAL_NVIC_GetPendingIRQ                            build/stm32f1xx_hal_cortex.o
HAL_NVIC_GetPriority                              build/stm32f1xx_hal_cortex.o
HAL_NVIC_GetPriorityGrouping                      build/stm32f1xx_hal_cortex.o
HAL_NVIC_SetPendingIRQ                            build/stm32f1xx_hal_cortex.o
HAL_NVIC_SetPriority                              build/stm32f1xx_hal_cortex.o
                                                  build/stm32f1xx_hal_timebase_tim.o
                                                  build/stm32f1xx_hal.o
                                                  build/stm32f1xx_hal_msp.o
                                                  build/main.o
HAL_NVIC_SetPriorityGrouping                      build/stm32f1xx_hal_cortex.o
                                                  build/stm32f1xx_hal.o
HAL_NVIC_SystemReset                              build/stm32f1xx_hal_cortex.o
                                                  build/stm32f1xx_hal_flash.o
HAL_PWR_ConfigPVD                                 build/stm32f1xx_hal_pwr.o
HAL_PWR_DeInit                                    build/stm32f1xx_hal_pwr.o
HAL_PWR_DisableBkUpAccess                         build/stm32f1xx_hal_pwr.o
HAL_PWR_DisablePVD                                build/stm32f1xx_hal_pwr.o
HAL_PWR_DisableSEVOnPend                          build/stm32f1xx_hal_pwr.o
HAL_PWR_DisableSleepOnExit                        build/stm32f1xx_hal_pwr.o
HAL_PWR_DisableWakeUpPin                          build/stm32f1xx_hal_pwr.o
HAL_PWR_EnableBkUpAccess                          build/stm32f1xx_hal_pwr.o
HAL_PWR_EnablePVD                                 build/stm32f1xx_hal_pwr.o
HAL_PWR_EnableSEVOnPend                           build/stm32f1xx_hal_pwr.o
HAL_PWR_EnableSleepOnExit                         build/stm32f1xx_hal_pwr.o
HAL_PWR_EnableWakeUpPin                           build/stm32f1xx_hal_pwr.o
HAL_PWR_EnterSLEEPMode                            build/stm32f1xx_hal_pwr.o
HAL_PWR_EnterSTANDBYMode                          build/stm32f1xx_hal_pwr.o
HAL_PWR_EnterSTOPMode                             build/stm32f1xx_hal_pwr.o
HAL_PWR_PVDCallback                               build/stm32f1xx_hal_pwr.o
HAL_PWR_PVD_IRQHandler                            build/stm32f1xx_hal_pwr.o
HAL_RCCEx_GetPeriphCLKConfig                      build/stm32f1xx_hal_rcc_ex.o
HAL_RCCEx_GetPeriphCLKFreq                        build/stm32f1xx_hal_rcc_ex.o
                                                  build/stm32f1xx_hal_adc_ex.o
                                                  build/stm32f1xx_hal_adc.o
HAL_RCCEx_PeriphCLKConfig                         build/stm32f1xx_hal_rcc_ex.o
                                                  build/main.o
HAL_RCC_CSSCallback                               build/stm32f1xx_hal_rcc.o
HAL_RCC_ClockConfig                               build/stm32f1xx_hal_rcc.o
                                                  build/main.o
HAL_RCC_DeInit                                    build/stm32f1xx_hal_rcc.o
HAL_RCC_DisableCSS                                build/stm32f1xx_hal_rcc.o
HAL_RCC_EnableCSS                                 build/stm32f1xx_hal_rcc.o
HAL_RCC_GetClockConfig                            build/stm32f1xx_hal_rcc.o
                                                  build/stm32f1xx_hal_timebase_tim.o
HAL_RCC_GetHCLKFreq                               build/stm32f1xx_hal_rcc.o
HAL_RCC_GetOscConfig                              build/stm32f1xx_hal_rcc.o
HAL_RCC_GetPCLK1Freq                              build/stm32f1xx_hal_rcc.o
                                                  build/stm32f1xx_hal_i2c.o
HAL_RCC_GetPCLK2Freq                              build/stm32f1xx_hal_rcc.o
                                                  build/stm32f1xx_hal_timebase_tim.o
                                                  build/stm32f1xx_hal_rcc_ex.o
HAL_RCC_GetSysClockFreq                           build/stm32f1xx_hal_rcc.o
HAL_RCC_MCOConfig                                 build/stm32f1xx_hal_rcc.o
HAL_RCC_NMI_IRQHandler                            build/stm32f1xx_hal_rcc.o
HAL_RCC_OscConfig                                 build/stm32f1xx_hal_rcc.o
                                                  build/main.o
HAL_ResumeTick                                    build/stm32f1xx_hal_timebase_tim.o
                                                  build/stm32f1xx_hal.o
HAL_SYSTICK_CLKSourceConfig                       build/stm32f1xx_hal_cortex.o
HAL_SYSTICK_Callback                              build/stm32f1xx_hal_cortex.o
HAL_SYSTICK_Config                                build/stm32f1xx_hal_cortex.o
                                                  build/stm32f1xx_hal.o
HAL_SYSTICK_IRQHandler                            build/stm32f1xx_hal_cortex.o
HAL_SetTickFreq                                   build/stm32f1xx_hal.o
HAL_SuspendTick                                   build/stm32f1xx_hal_timebase_tim.o
                                                  build/stm32f1xx_hal.o
HAL_TIMEx_BreakCallback                           build/stm32f1xx_hal_tim_ex.o
                                                  build/stm32f1xx_hal_tim.o
HAL_TIMEx_CommutCallback                          build/stm32f1xx_hal_tim_ex.o
                                                  build/stm32f1xx_hal_tim.o
HAL_TIMEx_CommutHalfCpltCallback                  build/stm32f1xx_hal_tim_ex.o
HAL_TIMEx_ConfigBreakDeadTime                     build/stm32f1xx_hal_tim_ex.o
HAL_TIMEx_ConfigCommutEvent                       build/stm32f1xx_hal_tim_ex.o
HAL_TIMEx_ConfigCommutEvent_DMA                   build/stm32f1xx_hal_tim_ex.o
HAL_TIMEx_ConfigCommutEvent_IT                    build/stm32f1xx_hal_tim_ex.o
HAL_TIMEx_GetChannelNState                        build/stm32f1xx_hal_tim_ex.o
HAL_TIMEx_HallSensor_DeInit                       build/stm32f1xx_hal_tim_ex.o
HAL_TIMEx_HallSensor_GetState                     build/stm32f1xx_hal_tim_ex.o
HAL_TIMEx_HallSensor_Init                         build/stm32f1xx_hal_tim_ex.o
HAL_TIMEx_HallSensor_MspDeInit                    build/stm32f1xx_hal_tim_ex.o
HAL_TIMEx_HallSensor_MspInit                      build/stm32f1xx_hal_tim_ex.o
HAL_TIMEx_HallSensor_Start                        build/stm32f1xx_hal_tim_ex.o
HAL_TIMEx_HallSensor_Start_DMA                    build/stm32f1xx_hal_tim_ex.o
HAL_TIMEx_HallSensor_Start_IT                     build/stm32f1xx_hal_tim_ex.o
HAL_TIMEx_HallSensor_Stop                         build/stm32f1xx_hal_tim_ex.o
HAL_TIMEx_HallSensor_Stop_DMA                     build/stm32f1xx_hal_tim_ex.o
HAL_TIMEx_HallSensor_Stop_IT                      build/stm32f1xx_hal_tim_ex.o
HAL_TIMEx_MasterConfigSynchronization             build/stm32f1xx_hal_tim_ex.o
HAL_TIMEx_OCN_Start                               build/stm32f1xx_hal_tim_ex.o
HAL_TIMEx_OCN_Start_DMA                           build/stm32f1xx_hal_tim_ex.o
HAL_TIMEx_OCN_Start_IT                            build/stm32f1xx_hal_tim_ex.o
HAL_TIMEx_OCN_Stop                                build/stm32f1xx_hal_tim_ex.o
HAL_TIMEx_OCN_Stop_DMA                            build/stm32f1xx_hal_tim_ex.o
HAL_TIMEx_OCN_Stop_IT                             build/stm32f1xx_hal_tim_ex.o
HAL_TIMEx_OnePulseN_Start                         build/stm32f1xx_hal_tim_ex.o
HAL_TIMEx_OnePulseN_Start_IT                      build/stm32f1xx_hal_tim_ex.o
HAL_TIMEx_OnePulseN_Stop                          build/stm32f1xx_hal_tim_ex.o
HAL_TIMEx_OnePulseN_Stop_IT                       build/stm32f1xx_hal_tim_ex.o
HAL_TIMEx_PWMN_Start                              build/stm32f1xx_hal_tim_ex.o
HAL_TIMEx_PWMN_Start_DMA                          build/stm32f1xx_hal_tim_ex.o
HAL_TIMEx_PWMN_Start_IT                           build/stm32f1xx_hal_tim_ex.o
HAL_TIMEx_PWMN_Stop                               build/stm32f1xx_hal_tim_ex.o
HAL_TIMEx_PWMN_Stop_DMA                           build/stm32f1xx_hal_tim_ex.o
HAL_TIMEx_PWMN_Stop_IT                            build/stm32f1xx_hal_tim_ex.o
HAL_TIMEx_RemapConfig                             build/stm32f1xx_hal_tim_ex.o
HAL_TIM_Base_DeInit                               build/stm32f1xx_hal_tim.o
HAL_TIM_Base_GetState                             build/stm32f1xx_hal_tim.o
HAL_TIM_Base_Init                                 build/stm32f1xx_hal_tim.o
                                                  build/stm32f1xx_hal_timebase_tim.o
HAL_TIM_Base_MspDeInit                            build/stm32f1xx_hal_tim.o
HAL_TIM_Base_MspInit                              build/stm32f1xx_hal_tim.o
HAL_TIM_Base_Start                                build/stm32f1xx_hal_tim.o
HAL_TIM_Base_Start_DMA                            build/stm32f1xx_hal_tim.o
HAL_TIM_Base_Start_IT                             build/stm32f1xx_hal_tim.o
                                                  build/stm32f1xx_hal_timebase_tim.o
HAL_TIM_Base_Stop                                 build/stm32f1xx_hal_tim.o
HAL_TIM_Base_Stop_DMA                             build/stm32f1xx_hal_tim.o
HAL_TIM_Base_Stop_IT                              build/stm32f1xx_hal_tim.o
HAL_TIM_ConfigClockSource                         build/stm32f1xx_hal_tim.o
HAL_TIM_ConfigOCrefClear                          build/stm32f1xx_hal_tim.o
HAL_TIM_ConfigTI1Input                            build/stm32f1xx_hal_tim.o
HAL_TIM_DMABurstState                             build/stm32f1xx_hal_tim.o
HAL_TIM_DMABurst_MultiReadStart                   build/stm32f1xx_hal_tim.o
HAL_TIM_DMABurst_MultiWriteStart                  build/stm32f1xx_hal_tim.o
HAL_TIM_DMABurst_ReadStart                        build/stm32f1xx_hal_tim.o
HAL_TIM_DMABurst_ReadStop                         build/stm32f1xx_hal_tim.o
HAL_TIM_DMABurst_WriteStart                       build/stm32f1xx_hal_tim.o
HAL_TIM_DMABurst_WriteStop                        build/stm32f1xx_hal_tim.o
HAL_TIM_Encoder_DeInit                            build/stm32f1xx_hal_tim.o
HAL_TIM_Encoder_GetState                          build/stm32f1xx_hal_tim.o
HAL_TIM_Encoder_Init                              build/stm32f1xx_hal_tim.o
HAL_TIM_Encoder_MspDeInit                         build/stm32f1xx_hal_tim.o
HAL_TIM_Encoder_MspInit                           build/stm32f1xx_hal_tim.o
HAL_TIM_Encoder_Start                             build/stm32f1xx_hal_tim.o
HAL_TIM_Encoder_Start_DMA                         build/stm32f1xx_hal_tim.o
HAL_TIM_Encoder_Start_IT                          build/stm32f1xx_hal_tim.o
HAL_TIM_Encoder_Stop                              build/stm32f1xx_hal_tim.o
HAL_TIM_Encoder_Stop_DMA                          build/stm32f1xx_hal_tim.o
HAL_TIM_Encoder_Stop_IT                           build/stm32f1xx_hal_tim.o
HAL_TIM_ErrorCallback                             build/stm32f1xx_hal_tim.o
                                                  build/stm32f1xx_hal_tim_ex.o
HAL_TIM_GenerateEvent                             build/stm32f1xx_hal_tim.o
HAL_TIM_GetActiveChannel                          build/stm32f1xx_hal_tim.o
HAL_TIM_GetChannelState                           build/stm32f1xx_hal_tim.o
HAL_TIM_IC_CaptureCallback                        build/stm32f1xx_hal_tim.o
HAL_TIM_IC_CaptureHalfCpltCallback                build/stm32f1xx_hal_tim.o
HAL_TIM_IC_ConfigChannel                          build/stm32f1xx_hal_tim.o
HAL_TIM_IC_DeInit                                 build/stm32f1xx_hal_tim.o
HAL_TIM_IC_GetState                               build/stm32f1xx_hal_tim.o
HAL_TIM_IC_Init                                   build/stm32f1xx_hal_tim.o
HAL_TIM_IC_MspDeInit                              build/stm32f1xx_hal_tim.o
HAL_TIM_IC_MspInit                                build/stm32f1xx_hal_tim.o
HAL_TIM_IC_Start                                  build/stm32f1xx_hal_tim.o
HAL_TIM_IC_Start_DMA                              build/stm32f1xx_hal_tim.o
HAL_TIM_IC_Start_IT                               build/stm32f1xx_hal_tim.o
HAL_TIM_IC_Stop                                   build/stm32f1xx_hal_tim.o
HAL_TIM_IC_Stop_DMA                               build/stm32f1xx_hal_tim.o
HAL_TIM_IC_Stop_IT                                build/stm32f1xx_hal_tim.o
HAL_TIM_IRQHandler                                build/stm32f1xx_hal_tim.o
                                                  build/stm32f1xx_it.o
HAL_TIM_OC_ConfigChannel                          build/stm32f1xx_hal_tim.o
HAL_TIM_OC_DeInit                                 build/stm32f1xx_hal_tim.o
HAL_TIM_OC_DelayElapsedCallback                   build/stm32f1xx_hal_tim.o
HAL_TIM_OC_GetState                               build/stm32f1xx_hal_tim.o
HAL_TIM_OC_Init                                   build/stm32f1xx_hal_tim.o
HAL_TIM_OC_MspDeInit                              build/stm32f1xx_hal_tim.o
HAL_TIM_OC_MspInit                                build/stm32f1xx_hal_tim.o
HAL_TIM_OC_Start                                  build/stm32f1xx_hal_tim.o
HAL_TIM_OC_Start_DMA                              build/stm32f1xx_hal_tim.o
HAL_TIM_OC_Start_IT                               build/stm32f1xx_hal_tim.o
HAL_TIM_OC_Stop                                   build/stm32f1xx_hal_tim.o
HAL_TIM_OC_Stop_DMA                               build/stm32f1xx_hal_tim.o
HAL_TIM_OC_Stop_IT                                build/stm32f1xx_hal_tim.o
HAL_TIM_OnePulse_ConfigChannel                    build/stm32f1xx_hal_tim.o
HAL_TIM_OnePulse_DeInit                           build/stm32f1xx_hal_tim.o
HAL_TIM_OnePulse_GetState                         build/stm32f1xx_hal_tim.o
HAL_TIM_OnePulse_Init                             build/stm32f1xx_hal_tim.o
HAL_TIM_OnePulse_MspDeInit                        build/stm32f1xx_hal_tim.o
HAL_TIM_OnePulse_MspInit                          build/stm32f1xx_hal_tim.o
HAL_TIM_OnePulse_Start                            build/stm32f1xx_hal_tim.o
HAL_TIM_OnePulse_Start_IT                         build/stm32f1xx_hal_tim.o
HAL_TIM_OnePulse_Stop                             build/stm32f1xx_hal_tim.o
HAL_TIM_OnePulse_Stop_IT                          build/stm32f1xx_hal_tim.o
HAL_TIM_PWM_ConfigChannel                         build/stm32f1xx_hal_tim.o
HAL_TIM_PWM_DeInit                                build/stm32f1xx_hal_tim.o
HAL_TIM_PWM_GetState                              build/stm32f1xx_hal_tim.o
HAL_TIM_PWM_Init                                  build/stm32f1xx_hal_tim.o
HAL_TIM_PWM_MspDeInit                             build/stm32f1xx_hal_tim.o
HAL_TIM_PWM_MspInit                               build/stm32f1xx_hal_tim.o
HAL_TIM_PWM_PulseFinishedCallback                 build/stm32f1xx_hal_tim.o
                                                  build/stm32f1xx_hal_tim_ex.o
HAL_TIM_PWM_PulseFinishedHalfCpltCallback         build/stm32f1xx_hal_tim.o
HAL_TIM_PWM_Start                                 build/stm32f1xx_hal_tim.o
HAL_TIM_PWM_Start_DMA                             build/stm32f1xx_hal_tim.o
HAL_TIM_PWM_Start_IT                              build/stm32f1xx_hal_tim.o
HAL_TIM_PWM_Stop                                  build/stm32f1xx_hal_tim.o
HAL_TIM_PWM_Stop_DMA                              build/stm32f1xx_hal_tim.o
HAL_TIM_PWM_Stop_IT                               build/stm32f1xx_hal_tim.o
HAL_TIM_PeriodElapsedCallback                     build/main.o
HAL_TIM_PeriodElapsedHalfCpltCallback             build/stm32f1xx_hal_tim.o
HAL_TIM_ReadCapturedValue                         build/stm32f1xx_hal_tim.o
HAL_TIM_SlaveConfigSynchro                        build/stm32f1xx_hal_tim.o
HAL_TIM_SlaveConfigSynchro_IT                     build/stm32f1xx_hal_tim.o
HAL_TIM_TriggerCallback                           build/stm32f1xx_hal_tim.o
HAL_TIM_TriggerHalfCpltCallback                   build/stm32f1xx_hal_tim.o
HardFault_Handler                                 build/stm32f1xx_it.o
Humidity_sensors_init                             build/Humidity_sensor.o
                                                  build/main.o
I2C1_ER_IRQHandler                                build/stm32f1xx_it.o
I2C1_EV_IRQHandler                                build/stm32f1xx_it.o
I2C2_ER_IRQHandler                                build/startup_stm32f103xb.o
I2C2_EV_IRQHandler                                build/startup_stm32f103xb.o
MemManage_Handler                                 build/stm32f1xx_it.o
Moving_AVG                                        build/Humidity_sensor.o
NMI_Handler                                       build/stm32f1xx_it.o
PVD_IRQHandler                                    build/startup_stm32f103xb.o
PendSV_Handler                                    build/port.o
QueueStorage                                      build/Watering.o
RCC_IRQHandler                                    build/startup_stm32f103xb.o