ARM GAS  /tmp/cchve9dJ.s 			page 1


   1              		.cpu cortex-m3
   2              		.arch armv7-m
   3              		.fpu softvfp
   4              		.eabi_attribute 20, 1
   5              		.eabi_attribute 21, 1
   6              		.eabi_attribute 23, 3
   7              		.eabi_attribute 24, 1
   8              		.eabi_attribute 25, 1
   9              		.eabi_attribute 26, 1
  10              		.eabi_attribute 30, 1
  11              		.eabi_attribute 34, 1
  12              		.eabi_attribute 18, 4
  13              		.file	"Humidity_sensor.c"
  14              		.text
  15              	.Ltext0:
  16              		.cfi_sections	.debug_frame
  17              		.file 1 "Core/Modules/Sensors_Module/Humidity_sensor/Humidity_sensor.c"
  18              		.section	.text.Get_Data_From_Humidity_Sensor,"ax",%progbits
  19              		.align	1
  20              		.global	Get_Data_From_Humidity_Sensor
  21              		.syntax unified
  22              		.thumb
  23              		.thumb_func
  25              	Get_Data_From_Humidity_Sensor:
  26              	.LFB70:
   1:Core/Modules/Sensors_Module/Humidity_sensor/Humidity_sensor.c **** #include "Humidity_sensor.h"
   2:Core/Modules/Sensors_Module/Humidity_sensor/Humidity_sensor.c **** #include "Watering.h"
   3:Core/Modules/Sensors_Module/Humidity_sensor/Humidity_sensor.c **** #include <string.h>
   4:Core/Modules/Sensors_Module/Humidity_sensor/Humidity_sensor.c **** 
   5:Core/Modules/Sensors_Module/Humidity_sensor/Humidity_sensor.c **** #define HUMIDITY_PRIORITY 3
   6:Core/Modules/Sensors_Module/Humidity_sensor/Humidity_sensor.c **** #define HUMIDITY_STACK_SIZE 1024
   7:Core/Modules/Sensors_Module/Humidity_sensor/Humidity_sensor.c **** #define QUEUE_LENGTH 10
   8:Core/Modules/Sensors_Module/Humidity_sensor/Humidity_sensor.c **** #define ITEM_SIZE sizeof(uint16_t)
   9:Core/Modules/Sensors_Module/Humidity_sensor/Humidity_sensor.c **** 
  10:Core/Modules/Sensors_Module/Humidity_sensor/Humidity_sensor.c **** extern ADC_HandleTypeDef hadc1;
  11:Core/Modules/Sensors_Module/Humidity_sensor/Humidity_sensor.c **** extern DMA_HandleTypeDef hdma_adc1;
  12:Core/Modules/Sensors_Module/Humidity_sensor/Humidity_sensor.c **** 
  13:Core/Modules/Sensors_Module/Humidity_sensor/Humidity_sensor.c **** typedef struct {
  14:Core/Modules/Sensors_Module/Humidity_sensor/Humidity_sensor.c ****   TaskHandle_t xHundle_Humidity;
  15:Core/Modules/Sensors_Module/Humidity_sensor/Humidity_sensor.c ****   StaticTask_t xTask_Humidity_Buffer;
  16:Core/Modules/Sensors_Module/Humidity_sensor/Humidity_sensor.c ****   StackType_t Humidity_Stack[HUMIDITY_STACK_SIZE];
  17:Core/Modules/Sensors_Module/Humidity_sensor/Humidity_sensor.c **** 
  18:Core/Modules/Sensors_Module/Humidity_sensor/Humidity_sensor.c ****   QueueHandle_t xQueue_Humidity;
  19:Core/Modules/Sensors_Module/Humidity_sensor/Humidity_sensor.c ****   StaticQueue_t xQueue_Humidity_Buffer;
  20:Core/Modules/Sensors_Module/Humidity_sensor/Humidity_sensor.c ****   uint8_t ucQueueStorageArea[QUEUE_LENGTH * ITEM_SIZE];
  21:Core/Modules/Sensors_Module/Humidity_sensor/Humidity_sensor.c **** 
  22:Core/Modules/Sensors_Module/Humidity_sensor/Humidity_sensor.c **** } humididty_ctx;
  23:Core/Modules/Sensors_Module/Humidity_sensor/Humidity_sensor.c **** 
  24:Core/Modules/Sensors_Module/Humidity_sensor/Humidity_sensor.c **** humididty_ctx ctx;
  25:Core/Modules/Sensors_Module/Humidity_sensor/Humidity_sensor.c **** SMA_filter filter;
  26:Core/Modules/Sensors_Module/Humidity_sensor/Humidity_sensor.c **** 
  27:Core/Modules/Sensors_Module/Humidity_sensor/Humidity_sensor.c **** circular_buf_t buffer;
  28:Core/Modules/Sensors_Module/Humidity_sensor/Humidity_sensor.c **** uint32_t adc_buffer[BUFFER_SIZE];
  29:Core/Modules/Sensors_Module/Humidity_sensor/Humidity_sensor.c **** 
  30:Core/Modules/Sensors_Module/Humidity_sensor/Humidity_sensor.c **** void humidity_loop(void *pvParameters);
  31:Core/Modules/Sensors_Module/Humidity_sensor/Humidity_sensor.c **** 
  32:Core/Modules/Sensors_Module/Humidity_sensor/Humidity_sensor.c **** /**
ARM GAS  /tmp/cchve9dJ.s 			page 2


  33:Core/Modules/Sensors_Module/Humidity_sensor/Humidity_sensor.c ****  * @brief
  34:Core/Modules/Sensors_Module/Humidity_sensor/Humidity_sensor.c ****  *
  35:Core/Modules/Sensors_Module/Humidity_sensor/Humidity_sensor.c ****  */
  36:Core/Modules/Sensors_Module/Humidity_sensor/Humidity_sensor.c **** void Get_Data_From_Humidity_Sensor(void) {}
  27              		.loc 1 36 42 view -0
  28              		.cfi_startproc
  29              		@ args = 0, pretend = 0, frame = 0
  30              		@ frame_needed = 0, uses_anonymous_args = 0
  31              		@ link register save eliminated.
  32              		.loc 1 36 43 view .LVU1
  33 0000 7047     		bx	lr
  34              		.cfi_endproc
  35              	.LFE70:
  37              		.section	.text.ADC_Calibrate,"ax",%progbits
  38              		.align	1
  39              		.global	ADC_Calibrate
  40              		.syntax unified
  41              		.thumb
  42              		.thumb_func
  44              	ADC_Calibrate:
  45              	.LVL0:
  46              	.LFB71:
  37:Core/Modules/Sensors_Module/Humidity_sensor/Humidity_sensor.c **** 
  38:Core/Modules/Sensors_Module/Humidity_sensor/Humidity_sensor.c **** void ADC_Calibrate(ADC_HandleTypeDef *hadc) {
  47              		.loc 1 38 45 view -0
  48              		.cfi_startproc
  49              		@ args = 0, pretend = 0, frame = 0
  50              		@ frame_needed = 0, uses_anonymous_args = 0
  51              		.loc 1 38 45 is_stmt 0 view .LVU3
  52 0000 10B5     		push	{r4, lr}
  53              	.LCFI0:
  54              		.cfi_def_cfa_offset 8
  55              		.cfi_offset 4, -8
  56              		.cfi_offset 14, -4
  57 0002 0446     		mov	r4, r0
  39:Core/Modules/Sensors_Module/Humidity_sensor/Humidity_sensor.c ****   HAL_ADC_Stop(hadc);
  58              		.loc 1 39 3 is_stmt 1 view .LVU4
  59 0004 FFF7FEFF 		bl	HAL_ADC_Stop
  60              	.LVL1:
  40:Core/Modules/Sensors_Module/Humidity_sensor/Humidity_sensor.c ****   HAL_ADCEx_Calibration_Start(hadc);
  61              		.loc 1 40 3 view .LVU5
  62 0008 2046     		mov	r0, r4
  63 000a FFF7FEFF 		bl	HAL_ADCEx_Calibration_Start
  64              	.LVL2:
  41:Core/Modules/Sensors_Module/Humidity_sensor/Humidity_sensor.c **** }
  65              		.loc 1 41 1 is_stmt 0 view .LVU6
  66 000e 10BD     		pop	{r4, pc}
  67              		.loc 1 41 1 view .LVU7
  68              		.cfi_endproc
  69              	.LFE71:
  71              		.section	.rodata.Humidity_sensors_init.str1.4,"aMS",%progbits,1
  72              		.align	2
  73              	.LC0:
  74 0000 48554D49 		.ascii	"HUMIDITY\000"
  74      44495459 
  74      00
  75              		.section	.text.Humidity_sensors_init,"ax",%progbits
ARM GAS  /tmp/cchve9dJ.s 			page 3


  76              		.align	1
  77              		.global	Humidity_sensors_init
  78              		.syntax unified
  79              		.thumb
  80              		.thumb_func
  82              	Humidity_sensors_init:
  83              	.LFB72:
  42:Core/Modules/Sensors_Module/Humidity_sensor/Humidity_sensor.c **** /**
  43:Core/Modules/Sensors_Module/Humidity_sensor/Humidity_sensor.c ****  * @brief
  44:Core/Modules/Sensors_Module/Humidity_sensor/Humidity_sensor.c ****  *
  45:Core/Modules/Sensors_Module/Humidity_sensor/Humidity_sensor.c ****  */
  46:Core/Modules/Sensors_Module/Humidity_sensor/Humidity_sensor.c **** void Humidity_sensors_init(void) {
  84              		.loc 1 46 34 is_stmt 1 view -0
  85              		.cfi_startproc
  86              		@ args = 0, pretend = 0, frame = 0
  87              		@ frame_needed = 0, uses_anonymous_args = 0
  88 0000 10B5     		push	{r4, lr}
  89              	.LCFI1:
  90              		.cfi_def_cfa_offset 8
  91              		.cfi_offset 4, -8
  92              		.cfi_offset 14, -4
  93 0002 84B0     		sub	sp, sp, #16
  94              	.LCFI2:
  95              		.cfi_def_cfa_offset 24
  47:Core/Modules/Sensors_Module/Humidity_sensor/Humidity_sensor.c **** 
  48:Core/Modules/Sensors_Module/Humidity_sensor/Humidity_sensor.c ****   void ADC_Calibrate(ADC_HandleTypeDef * hadc);
  96              		.loc 1 48 3 view .LVU9
  49:Core/Modules/Sensors_Module/Humidity_sensor/Humidity_sensor.c **** 
  50:Core/Modules/Sensors_Module/Humidity_sensor/Humidity_sensor.c ****   HAL_ADC_Start_DMA(&hadc1, (uint32_t *)adc_buffer, BUFFER_SIZE);
  97              		.loc 1 50 3 view .LVU10
  98 0004 0A22     		movs	r2, #10
  99 0006 1149     		ldr	r1, .L6
 100 0008 1148     		ldr	r0, .L6+4
 101 000a FFF7FEFF 		bl	HAL_ADC_Start_DMA
 102              	.LVL3:
  51:Core/Modules/Sensors_Module/Humidity_sensor/Humidity_sensor.c **** 
  52:Core/Modules/Sensors_Module/Humidity_sensor/Humidity_sensor.c ****   ctx.xHundle_Humidity = xTaskCreateStatic(
 103              		.loc 1 52 3 view .LVU11
 104              		.loc 1 52 26 is_stmt 0 view .LVU12
 105 000e 114C     		ldr	r4, .L6+8
 106 0010 0294     		str	r4, [sp, #8]
 107 0012 04F15403 		add	r3, r4, #84
 108 0016 0193     		str	r3, [sp, #4]
 109 0018 0323     		movs	r3, #3
 110 001a 0093     		str	r3, [sp]
 111 001c 0023     		movs	r3, #0
 112 001e 4FF48062 		mov	r2, #1024
 113 0022 0D49     		ldr	r1, .L6+12
 114 0024 0D48     		ldr	r0, .L6+16
 115 0026 FFF7FEFF 		bl	xTaskCreateStatic
 116              	.LVL4:
 117              		.loc 1 52 24 discriminator 1 view .LVU13
 118 002a 44F8040C 		str	r0, [r4, #-4]
  53:Core/Modules/Sensors_Module/Humidity_sensor/Humidity_sensor.c ****       humidity_loop, "HUMIDITY", HUMIDITY_STACK_SIZE, NULL, HUMIDITY_PRIORITY,
  54:Core/Modules/Sensors_Module/Humidity_sensor/Humidity_sensor.c ****       ctx.Humidity_Stack, &ctx.xTask_Humidity_Buffer);
  55:Core/Modules/Sensors_Module/Humidity_sensor/Humidity_sensor.c **** 
  56:Core/Modules/Sensors_Module/Humidity_sensor/Humidity_sensor.c ****   ctx.xQueue_Humidity =
ARM GAS  /tmp/cchve9dJ.s 			page 4


 119              		.loc 1 56 3 is_stmt 1 view .LVU14
  57:Core/Modules/Sensors_Module/Humidity_sensor/Humidity_sensor.c ****       xQueueCreateStatic(QUEUE_LENGTH, ITEM_SIZE, ctx.ucQueueStorageArea,
 120              		.loc 1 57 7 is_stmt 0 view .LVU15
 121 002e 0023     		movs	r3, #0
 122 0030 0093     		str	r3, [sp]
 123 0032 0B4B     		ldr	r3, .L6+20
 124 0034 03F14802 		add	r2, r3, #72
 125 0038 0221     		movs	r1, #2
 126 003a 0A20     		movs	r0, #10
 127 003c FFF7FEFF 		bl	xQueueGenericCreateStatic
 128              	.LVL5:
  56:Core/Modules/Sensors_Module/Humidity_sensor/Humidity_sensor.c ****       xQueueCreateStatic(QUEUE_LENGTH, ITEM_SIZE, ctx.ucQueueStorageArea,
 129              		.loc 1 56 23 view .LVU16
 130 0040 04F6FC74 		addw	r4, r4, #4092
 131 0044 A065     		str	r0, [r4, #88]
  58:Core/Modules/Sensors_Module/Humidity_sensor/Humidity_sensor.c ****                          &ctx.xQueue_Humidity_Buffer);
  59:Core/Modules/Sensors_Module/Humidity_sensor/Humidity_sensor.c **** }
 132              		.loc 1 59 1 view .LVU17
 133 0046 04B0     		add	sp, sp, #16
 134              	.LCFI3:
 135              		.cfi_def_cfa_offset 8
 136              		@ sp needed
 137 0048 10BD     		pop	{r4, pc}
 138              	.L7:
 139 004a 00BF     		.align	2
 140              	.L6:
 141 004c 00000000 		.word	adc_buffer
 142 0050 00000000 		.word	hadc1
 143 0054 04000000 		.word	ctx+4
 144 0058 00000000 		.word	.LC0
 145 005c 00000000 		.word	humidity_loop
 146 0060 5C100000 		.word	ctx+4188
 147              		.cfi_endproc
 148              	.LFE72:
 150              		.section	.text.Moving_AVG,"ax",%progbits
 151              		.align	1
 152              		.global	Moving_AVG
 153              		.syntax unified
 154              		.thumb
 155              		.thumb_func
 157              	Moving_AVG:
 158              	.LVL6:
 159              	.LFB73:
  60:Core/Modules/Sensors_Module/Humidity_sensor/Humidity_sensor.c **** 
  61:Core/Modules/Sensors_Module/Humidity_sensor/Humidity_sensor.c **** /**
  62:Core/Modules/Sensors_Module/Humidity_sensor/Humidity_sensor.c ****  * @brief Function  that calculate moving average without cycle "for" that can
  63:Core/Modules/Sensors_Module/Humidity_sensor/Humidity_sensor.c ****  * freeze FreeRTOS task
  64:Core/Modules/Sensors_Module/Humidity_sensor/Humidity_sensor.c ****  *
  65:Core/Modules/Sensors_Module/Humidity_sensor/Humidity_sensor.c ****  * @param filter struct that contain parameters about cycle buffer
  66:Core/Modules/Sensors_Module/Humidity_sensor/Humidity_sensor.c ****  * @param value New value that we get from "HAL_ADC_ConvHalfCpltCallback"
  67:Core/Modules/Sensors_Module/Humidity_sensor/Humidity_sensor.c ****  * @return uint16_t  calculated average
  68:Core/Modules/Sensors_Module/Humidity_sensor/Humidity_sensor.c ****  */
  69:Core/Modules/Sensors_Module/Humidity_sensor/Humidity_sensor.c **** uint16_t Moving_AVG(SMA_filter *filter, uint16_t value) {
 160              		.loc 1 69 57 is_stmt 1 view -0
 161              		.cfi_startproc
 162              		@ args = 0, pretend = 0, frame = 0
 163              		@ frame_needed = 0, uses_anonymous_args = 0
ARM GAS  /tmp/cchve9dJ.s 			page 5


 164              		@ link register save eliminated.
 165              		.loc 1 69 57 is_stmt 0 view .LVU19
 166 0000 10B4     		push	{r4}
 167              	.LCFI4:
 168              		.cfi_def_cfa_offset 4
 169              		.cfi_offset 4, -4
 170 0002 0246     		mov	r2, r0
  70:Core/Modules/Sensors_Module/Humidity_sensor/Humidity_sensor.c ****   filter->sum -= filter->buffer[filter->index];
 171              		.loc 1 70 3 is_stmt 1 view .LVU20
 172              		.loc 1 70 9 is_stmt 0 view .LVU21
 173 0004 C36A     		ldr	r3, [r0, #44]
 174              		.loc 1 70 39 view .LVU22
 175 0006 90F82800 		ldrb	r0, [r0, #40]	@ zero_extendqisi2
 176              	.LVL7:
 177              		.loc 1 70 15 view .LVU23
 178 000a 52F82040 		ldr	r4, [r2, r0, lsl #2]
 179 000e 1B1B     		subs	r3, r3, r4
 180 0010 D362     		str	r3, [r2, #44]
  71:Core/Modules/Sensors_Module/Humidity_sensor/Humidity_sensor.c ****   filter->sum += value;
 181              		.loc 1 71 3 is_stmt 1 view .LVU24
 182              		.loc 1 71 15 is_stmt 0 view .LVU25
 183 0012 0B44     		add	r3, r3, r1
 184 0014 D362     		str	r3, [r2, #44]
  72:Core/Modules/Sensors_Module/Humidity_sensor/Humidity_sensor.c ****   filter->buffer[filter->index] = value;
 185              		.loc 1 72 3 is_stmt 1 view .LVU26
 186              		.loc 1 72 33 is_stmt 0 view .LVU27
 187 0016 42F82010 		str	r1, [r2, r0, lsl #2]
  73:Core/Modules/Sensors_Module/Humidity_sensor/Humidity_sensor.c ****   filter->index++;
 188              		.loc 1 73 3 is_stmt 1 view .LVU28
 189              		.loc 1 73 16 is_stmt 0 view .LVU29
 190 001a 0130     		adds	r0, r0, #1
 191 001c C0B2     		uxtb	r0, r0
 192 001e 82F82800 		strb	r0, [r2, #40]
  74:Core/Modules/Sensors_Module/Humidity_sensor/Humidity_sensor.c ****   if (filter->index >= BUFFER_SIZE) {
 193              		.loc 1 74 3 is_stmt 1 view .LVU30
 194              		.loc 1 74 6 is_stmt 0 view .LVU31
 195 0022 0928     		cmp	r0, #9
 196 0024 02D9     		bls	.L9
  75:Core/Modules/Sensors_Module/Humidity_sensor/Humidity_sensor.c ****     filter->index = 0;
 197              		.loc 1 75 5 is_stmt 1 view .LVU32
 198              		.loc 1 75 19 is_stmt 0 view .LVU33
 199 0026 0021     		movs	r1, #0
 200              	.LVL8:
 201              		.loc 1 75 19 view .LVU34
 202 0028 82F82810 		strb	r1, [r2, #40]
 203              	.L9:
  76:Core/Modules/Sensors_Module/Humidity_sensor/Humidity_sensor.c ****   }
  77:Core/Modules/Sensors_Module/Humidity_sensor/Humidity_sensor.c ****   return filter->average = filter->sum / BUFFER_SIZE;
 204              		.loc 1 77 3 is_stmt 1 view .LVU35
 205              		.loc 1 77 40 is_stmt 0 view .LVU36
 206 002c 0349     		ldr	r1, .L11
 207 002e A1FB0313 		umull	r1, r3, r1, r3
 208              		.loc 1 77 26 view .LVU37
 209 0032 C3F3CF00 		ubfx	r0, r3, #3, #16
 210 0036 1086     		strh	r0, [r2, #48]	@ movhi
  78:Core/Modules/Sensors_Module/Humidity_sensor/Humidity_sensor.c **** }
 211              		.loc 1 78 1 view .LVU38
ARM GAS  /tmp/cchve9dJ.s 			page 6


 212 0038 10BC     		pop	{r4}
 213              	.LCFI5:
 214              		.cfi_restore 4
 215              		.cfi_def_cfa_offset 0
 216 003a 7047     		bx	lr
 217              	.L12:
 218              		.align	2
 219              	.L11:
 220 003c CDCCCCCC 		.word	-858993459
 221              		.cfi_endproc
 222              	.LFE73:
 224              		.section	.text.humidity_loop,"ax",%progbits
 225              		.align	1
 226              		.global	humidity_loop
 227              		.syntax unified
 228              		.thumb
 229              		.thumb_func
 231              	humidity_loop:
 232              	.LFB74:
  79:Core/Modules/Sensors_Module/Humidity_sensor/Humidity_sensor.c **** 
  80:Core/Modules/Sensors_Module/Humidity_sensor/Humidity_sensor.c **** void humidity_loop(void *pvParameters) {
 233              		.loc 1 80 40 is_stmt 1 view -0
 234              		.cfi_startproc
 235              		@ args = 0, pretend = 0, frame = 0
 236              		@ frame_needed = 0, uses_anonymous_args = 0
 237              	.LVL9:
 238              		.loc 1 80 40 is_stmt 0 view .LVU40
 239 0000 10B5     		push	{r4, lr}
 240              	.LCFI6:
 241              		.cfi_def_cfa_offset 8
 242              		.cfi_offset 4, -8
 243              		.cfi_offset 14, -4
 244 0002 08E0     		b	.L16
 245              	.LVL10:
 246              	.L15:
 247              	.LBB2:
  81:Core/Modules/Sensors_Module/Humidity_sensor/Humidity_sensor.c **** 
  82:Core/Modules/Sensors_Module/Humidity_sensor/Humidity_sensor.c ****   for (;;) {
  83:Core/Modules/Sensors_Module/Humidity_sensor/Humidity_sensor.c ****     if (HAL_DMA_GetError(&hdma_adc1) != HAL_DMA_ERROR_NONE) {
  84:Core/Modules/Sensors_Module/Humidity_sensor/Humidity_sensor.c ****       /**TODO Write processing than error happen */
  85:Core/Modules/Sensors_Module/Humidity_sensor/Humidity_sensor.c ****     }
  86:Core/Modules/Sensors_Module/Humidity_sensor/Humidity_sensor.c ****     ulTaskNotifyTake(pdTRUE, portMAX_DELAY);
  87:Core/Modules/Sensors_Module/Humidity_sensor/Humidity_sensor.c **** 
  88:Core/Modules/Sensors_Module/Humidity_sensor/Humidity_sensor.c ****     for (int i = 0; i < BUFFER_SIZE; i++) {
  89:Core/Modules/Sensors_Module/Humidity_sensor/Humidity_sensor.c ****       Moving_AVG(&filter, adc_buffer[i]);
 248              		.loc 1 89 7 is_stmt 1 view .LVU41
 249 0004 094B     		ldr	r3, .L18
 250 0006 33F82410 		ldrh	r1, [r3, r4, lsl #2]
 251 000a 0948     		ldr	r0, .L18+4
 252 000c FFF7FEFF 		bl	Moving_AVG
 253              	.LVL11:
  88:Core/Modules/Sensors_Module/Humidity_sensor/Humidity_sensor.c ****       Moving_AVG(&filter, adc_buffer[i]);
 254              		.loc 1 88 39 discriminator 3 view .LVU42
 255 0010 0134     		adds	r4, r4, #1
 256              	.LVL12:
 257              	.L14:
  88:Core/Modules/Sensors_Module/Humidity_sensor/Humidity_sensor.c ****       Moving_AVG(&filter, adc_buffer[i]);
ARM GAS  /tmp/cchve9dJ.s 			page 7


 258              		.loc 1 88 23 discriminator 1 view .LVU43
 259 0012 092C     		cmp	r4, #9
 260 0014 F6DD     		ble	.L15
 261              	.LVL13:
 262              	.L16:
  88:Core/Modules/Sensors_Module/Humidity_sensor/Humidity_sensor.c ****       Moving_AVG(&filter, adc_buffer[i]);
 263              		.loc 1 88 23 is_stmt 0 discriminator 1 view .LVU44
 264              	.LBE2:
  82:Core/Modules/Sensors_Module/Humidity_sensor/Humidity_sensor.c ****     if (HAL_DMA_GetError(&hdma_adc1) != HAL_DMA_ERROR_NONE) {
 265              		.loc 1 82 3 is_stmt 1 view .LVU45
  83:Core/Modules/Sensors_Module/Humidity_sensor/Humidity_sensor.c ****       /**TODO Write processing than error happen */
 266              		.loc 1 83 5 view .LVU46
  83:Core/Modules/Sensors_Module/Humidity_sensor/Humidity_sensor.c ****       /**TODO Write processing than error happen */
 267              		.loc 1 83 9 is_stmt 0 view .LVU47
 268 0016 0748     		ldr	r0, .L18+8
 269 0018 FFF7FEFF 		bl	HAL_DMA_GetError
 270              	.LVL14:
  85:Core/Modules/Sensors_Module/Humidity_sensor/Humidity_sensor.c ****     ulTaskNotifyTake(pdTRUE, portMAX_DELAY);
 271              		.loc 1 85 5 is_stmt 1 view .LVU48
  86:Core/Modules/Sensors_Module/Humidity_sensor/Humidity_sensor.c **** 
 272              		.loc 1 86 5 view .LVU49
 273 001c 4FF0FF31 		mov	r1, #-1
 274 0020 0120     		movs	r0, #1
 275 0022 FFF7FEFF 		bl	ulTaskNotifyTake
 276              	.LVL15:
  88:Core/Modules/Sensors_Module/Humidity_sensor/Humidity_sensor.c ****       Moving_AVG(&filter, adc_buffer[i]);
 277              		.loc 1 88 5 view .LVU50
 278              	.LBB3:
  88:Core/Modules/Sensors_Module/Humidity_sensor/Humidity_sensor.c ****       Moving_AVG(&filter, adc_buffer[i]);
 279              		.loc 1 88 10 view .LVU51
  88:Core/Modules/Sensors_Module/Humidity_sensor/Humidity_sensor.c ****       Moving_AVG(&filter, adc_buffer[i]);
 280              		.loc 1 88 14 is_stmt 0 view .LVU52
 281 0026 0024     		movs	r4, #0
  88:Core/Modules/Sensors_Module/Humidity_sensor/Humidity_sensor.c ****       Moving_AVG(&filter, adc_buffer[i]);
 282              		.loc 1 88 5 view .LVU53
 283 0028 F3E7     		b	.L14
 284              	.L19:
 285 002a 00BF     		.align	2
 286              	.L18:
 287 002c 00000000 		.word	adc_buffer
 288 0030 00000000 		.word	filter
 289 0034 00000000 		.word	hdma_adc1
 290              	.LBE3:
 291              		.cfi_endproc
 292              	.LFE74:
 294              		.section	.text.HAL_ADC_ConvCpltCallback,"ax",%progbits
 295              		.align	1
 296              		.global	HAL_ADC_ConvCpltCallback
 297              		.syntax unified
 298              		.thumb
 299              		.thumb_func
 301              	HAL_ADC_ConvCpltCallback:
 302              	.LVL16:
 303              	.LFB75:
  90:Core/Modules/Sensors_Module/Humidity_sensor/Humidity_sensor.c ****     }
  91:Core/Modules/Sensors_Module/Humidity_sensor/Humidity_sensor.c **** 
  92:Core/Modules/Sensors_Module/Humidity_sensor/Humidity_sensor.c ****     // if (xQueueSend(Watering_GetQueue(), &filter.average, 0) != pdTRUE) {
ARM GAS  /tmp/cchve9dJ.s 			page 8


  93:Core/Modules/Sensors_Module/Humidity_sensor/Humidity_sensor.c ****     //   /**TODO: Write processing that we get pdFALSE */
  94:Core/Modules/Sensors_Module/Humidity_sensor/Humidity_sensor.c ****     // }
  95:Core/Modules/Sensors_Module/Humidity_sensor/Humidity_sensor.c ****   }
  96:Core/Modules/Sensors_Module/Humidity_sensor/Humidity_sensor.c **** }
  97:Core/Modules/Sensors_Module/Humidity_sensor/Humidity_sensor.c **** 
  98:Core/Modules/Sensors_Module/Humidity_sensor/Humidity_sensor.c **** void HAL_ADC_ConvCpltCallback(ADC_HandleTypeDef *hadc1) {
 304              		.loc 1 98 57 is_stmt 1 view -0
 305              		.cfi_startproc
 306              		@ args = 0, pretend = 0, frame = 8
 307              		@ frame_needed = 0, uses_anonymous_args = 0
 308              		.loc 1 98 57 is_stmt 0 view .LVU55
 309 0000 00B5     		push	{lr}
 310              	.LCFI7:
 311              		.cfi_def_cfa_offset 4
 312              		.cfi_offset 14, -4
 313 0002 83B0     		sub	sp, sp, #12
 314              	.LCFI8:
 315              		.cfi_def_cfa_offset 16
  99:Core/Modules/Sensors_Module/Humidity_sensor/Humidity_sensor.c ****   BaseType_t xHigherPriorityTaskWoken = pdFALSE;
 316              		.loc 1 99 3 is_stmt 1 view .LVU56
 317              		.loc 1 99 14 is_stmt 0 view .LVU57
 318 0004 0023     		movs	r3, #0
 319 0006 0193     		str	r3, [sp, #4]
 100:Core/Modules/Sensors_Module/Humidity_sensor/Humidity_sensor.c ****   vTaskNotifyGiveFromISR(ctx.xHundle_Humidity, &xHigherPriorityTaskWoken);
 320              		.loc 1 100 3 is_stmt 1 view .LVU58
 321 0008 01A9     		add	r1, sp, #4
 322 000a 094B     		ldr	r3, .L23
 323 000c 1868     		ldr	r0, [r3]
 324              	.LVL17:
 325              		.loc 1 100 3 is_stmt 0 view .LVU59
 326 000e FFF7FEFF 		bl	vTaskNotifyGiveFromISR
 327              	.LVL18:
 101:Core/Modules/Sensors_Module/Humidity_sensor/Humidity_sensor.c ****   portYIELD_FROM_ISR(xHigherPriorityTaskWoken);
 328              		.loc 1 101 3 is_stmt 1 view .LVU60
 329 0012 019B     		ldr	r3, [sp, #4]
 330 0014 4BB1     		cbz	r3, .L20
 331              		.loc 1 101 3 discriminator 1 view .LVU61
 332 0016 4FF0E023 		mov	r3, #-536813568
 333 001a 4FF08052 		mov	r2, #268435456
 334 001e C3F8042D 		str	r2, [r3, #3332]
 335              		.loc 1 101 3 discriminator 1 view .LVU62
 336              		.syntax unified
 337              	@ 101 "Core/Modules/Sensors_Module/Humidity_sensor/Humidity_sensor.c" 1
 338 0022 BFF34F8F 		dsb
 339              	@ 0 "" 2
 340              		.loc 1 101 3 discriminator 1 view .LVU63
 341              	@ 101 "Core/Modules/Sensors_Module/Humidity_sensor/Humidity_sensor.c" 1
 342 0026 BFF36F8F 		isb
 343              	@ 0 "" 2
 344              		.loc 1 101 47 discriminator 3 view .LVU64
 345              		.thumb
 346              		.syntax unified
 347              	.L20:
 102:Core/Modules/Sensors_Module/Humidity_sensor/Humidity_sensor.c **** } // TODO HAL_ADC must be one and over mast be like customers that come with
 348              		.loc 1 102 1 is_stmt 0 view .LVU65
 349 002a 03B0     		add	sp, sp, #12
 350              	.LCFI9:
ARM GAS  /tmp/cchve9dJ.s 			page 9


 351              		.cfi_def_cfa_offset 4
 352              		@ sp needed
 353 002c 5DF804FB 		ldr	pc, [sp], #4
 354              	.L24:
 355              		.align	2
 356              	.L23:
 357 0030 00000000 		.word	ctx
 358              		.cfi_endproc
 359              	.LFE75:
 361              		.global	adc_buffer
 362              		.section	.bss.adc_buffer,"aw",%nobits
 363              		.align	2
 366              	adc_buffer:
 367 0000 00000000 		.space	40
 367      00000000 
 367      00000000 
 367      00000000 
 367      00000000 
 368              		.global	buffer
 369              		.section	.bss.buffer,"aw",%nobits
 370              		.align	2
 373              	buffer:
 374 0000 0000     		.space	2
 375              		.global	filter
 376              		.section	.bss.filter,"aw",%nobits
 377              		.align	2
 380              	filter:
 381 0000 00000000 		.space	52
 381      00000000 
 381      00000000 
 381      00000000 
 381      00000000 
 382              		.global	ctx
 383              		.section	.bss.ctx,"aw",%nobits
 384              		.align	2
 387              	ctx:
 388 0000 00000000 		.space	4280
 388      00000000 
 388      00000000 
 388      00000000 
 388      00000000 
 389              		.text
 390              	.Letext0:
 391              		.file 2 "/usr/lib/gcc/arm-none-eabi/13.2.1/include/stdint.h"
 392              		.file 3 "Middlewares/Third_Party/FreeRTOS/Source/include/projdefs.h"
 393              		.file 4 "Middlewares/Third_Party/FreeRTOS/Source/portable/GCC/ARM_CM3/portmacro.h"
 394              		.file 5 "Middlewares/Third_Party/FreeRTOS/Source/include/FreeRTOS.h"
 395              		.file 6 "Drivers/CMSIS/Device/ST/STM32F1xx/Include/stm32f103xb.h"
 396              		.file 7 "Drivers/CMSIS/Device/ST/STM32F1xx/Include/stm32f1xx.h"
 397              		.file 8 "Drivers/STM32F1xx_HAL_Driver/Inc/stm32f1xx_hal_def.h"
 398              		.file 9 "Drivers/STM32F1xx_HAL_Driver/Inc/stm32f1xx_hal_dma.h"
 399              		.file 10 "Drivers/STM32F1xx_HAL_Driver/Inc/stm32f1xx_hal_adc.h"
 400              		.file 11 "Middlewares/Third_Party/FreeRTOS/Source/include/task.h"
 401              		.file 12 "Middlewares/Third_Party/FreeRTOS/Source/include/queue.h"
 402              		.file 13 "Core/Modules/Sensors_Module/Humidity_sensor/Humidity_sensor.h"
 403              		.file 14 "Drivers/STM32F1xx_HAL_Driver/Inc/stm32f1xx_hal_adc_ex.h"
ARM GAS  /tmp/cchve9dJ.s 			page 10


DEFINED SYMBOLS
                            *ABS*:00000000 Humidity_sensor.c
     /tmp/cchve9dJ.s:19     .text.Get_Data_From_Humidity_Sensor:00000000 $t
     /tmp/cchve9dJ.s:25     .text.Get_Data_From_Humidity_Sensor:00000000 Get_Data_From_Humidity_Sensor
     /tmp/cchve9dJ.s:38     .text.ADC_Calibrate:00000000 $t
     /tmp/cchve9dJ.s:44     .text.ADC_Calibrate:00000000 ADC_Calibrate
     /tmp/cchve9dJ.s:72     .rodata.Humidity_sensors_init.str1.4:00000000 $d
     /tmp/cchve9dJ.s:76     .text.Humidity_sensors_init:00000000 $t
     /tmp/cchve9dJ.s:82     .text.Humidity_sensors_init:00000000 Humidity_sensors_init
     /tmp/cchve9dJ.s:141    .text.Humidity_sensors_init:0000004c $d
     /tmp/cchve9dJ.s:366    .bss.adc_buffer:00000000 adc_buffer
     /tmp/cchve9dJ.s:387    .bss.ctx:00000000 ctx
     /tmp/cchve9dJ.s:231    .text.humidity_loop:00000000 humidity_loop
     /tmp/cchve9dJ.s:151    .text.Moving_AVG:00000000 $t
     /tmp/cchve9dJ.s:157    .text.Moving_AVG:00000000 Moving_AVG
     /tmp/cchve9dJ.s:220    .text.Moving_AVG:0000003c $d
     /tmp/cchve9dJ.s:225    .text.humidity_loop:00000000 $t
     /tmp/cchve9dJ.s:287    .text.humidity_loop:0000002c $d
     /tmp/cchve9dJ.s:380    .bss.filter:00000000 filter
     /tmp/cchve9dJ.s:295    .text.HAL_ADC_ConvCpltCallback:00000000 $t
     /tmp/cchve9dJ.s:301    .text.HAL_ADC_ConvCpltCallback:00000000 HAL_ADC_ConvCpltCallback
     /tmp/cchve9dJ.s:357    .text.HAL_ADC_ConvCpltCallback:00000030 $d
     /tmp/cchve9dJ.s:363    .bss.adc_buffer:00000000 $d
     /tmp/cchve9dJ.s:373    .bss.buffer:00000000 buffer
     /tmp/cchve9dJ.s:370    .bss.buffer:00000000 $d
     /tmp/cchve9dJ.s:377    .bss.filter:00000000 $d
     /tmp/cchve9dJ.s:384    .bss.ctx:00000000 $d

UNDEFINED SYMBOLS
HAL_ADC_Stop
HAL_ADCEx_Calibration_Start
HAL_ADC_Start_DMA
xTaskCreateStatic
xQueueGenericCreateStatic
hadc1
HAL_DMA_GetError
ulTaskNotifyTake
hdma_adc1
vTaskNotifyGiveFromISR
