ARM GAS  /tmp/ccEHhYOu.s 			page 1


   1              		.cpu cortex-m3
   2              		.arch armv7-m
   3              		.fpu softvfp
   4              		.eabi_attribute 20, 1
   5              		.eabi_attribute 21, 1
   6              		.eabi_attribute 23, 3
   7              		.eabi_attribute 24, 1
   8              		.eabi_attribute 25, 1
   9              		.eabi_attribute 26, 1
  10              		.eabi_attribute 30, 1
  11              		.eabi_attribute 34, 1
  12              		.eabi_attribute 18, 4
  13              		.file	"main.c"
  14              		.text
  15              	.Ltext0:
  16              		.cfi_sections	.debug_frame
  17              		.file 1 "Core/Src/main.c"
  18              		.section	.text.MX_GPIO_Init,"ax",%progbits
  19              		.align	1
  20              		.syntax unified
  21              		.thumb
  22              		.thumb_func
  24              	MX_GPIO_Init:
  25              	.LFB75:
   1:Core/Src/main.c **** /* USER CODE BEGIN Header */
   2:Core/Src/main.c **** /**
   3:Core/Src/main.c ****   ******************************************************************************
   4:Core/Src/main.c ****   * @file           : main.c
   5:Core/Src/main.c ****   * @brief          : Main program body
   6:Core/Src/main.c ****   ******************************************************************************
   7:Core/Src/main.c ****   * @attention
   8:Core/Src/main.c ****   *
   9:Core/Src/main.c ****   * Copyright (c) 2025 STMicroelectronics.
  10:Core/Src/main.c ****   * All rights reserved.
  11:Core/Src/main.c ****   *
  12:Core/Src/main.c ****   * This software is licensed under terms that can be found in the LICENSE file
  13:Core/Src/main.c ****   * in the root directory of this software component.
  14:Core/Src/main.c ****   * If no LICENSE file comes with this software, it is provided AS-IS.
  15:Core/Src/main.c ****   *
  16:Core/Src/main.c ****   ******************************************************************************
  17:Core/Src/main.c ****   */
  18:Core/Src/main.c **** /* USER CODE END Header */
  19:Core/Src/main.c **** /* Includes ------------------------------------------------------------------*/
  20:Core/Src/main.c **** #include "main.h"
  21:Core/Src/main.c **** #include "cmsis_os.h"
  22:Core/Src/main.c **** 
  23:Core/Src/main.c **** /* Private includes ----------------------------------------------------------*/
  24:Core/Src/main.c **** /* USER CODE BEGIN Includes */
  25:Core/Src/main.c **** #include "Watering.h"
  26:Core/Src/main.c **** #include "Humidity_sensor.h"
  27:Core/Src/main.c **** /* USER CODE END Includes */
  28:Core/Src/main.c **** 
  29:Core/Src/main.c **** /* Private typedef -----------------------------------------------------------*/
  30:Core/Src/main.c **** /* USER CODE BEGIN PTD */
  31:Core/Src/main.c **** 
  32:Core/Src/main.c **** /* USER CODE END PTD */
  33:Core/Src/main.c **** 
ARM GAS  /tmp/ccEHhYOu.s 			page 2


  34:Core/Src/main.c **** /* Private define ------------------------------------------------------------*/
  35:Core/Src/main.c **** /* USER CODE BEGIN PD */
  36:Core/Src/main.c **** 
  37:Core/Src/main.c **** /* USER CODE END PD */
  38:Core/Src/main.c **** 
  39:Core/Src/main.c **** /* Private macro -------------------------------------------------------------*/
  40:Core/Src/main.c **** /* USER CODE BEGIN PM */
  41:Core/Src/main.c **** 
  42:Core/Src/main.c **** /* USER CODE END PM */
  43:Core/Src/main.c **** 
  44:Core/Src/main.c **** /* Private variables ---------------------------------------------------------*/
  45:Core/Src/main.c **** ADC_HandleTypeDef hadc1;
  46:Core/Src/main.c **** ADC_HandleTypeDef hadc2;
  47:Core/Src/main.c **** DMA_HandleTypeDef hdma_adc1;
  48:Core/Src/main.c **** 
  49:Core/Src/main.c **** osThreadId defaultTaskHandle;
  50:Core/Src/main.c **** /* USER CODE BEGIN PV */
  51:Core/Src/main.c **** 
  52:Core/Src/main.c **** /* USER CODE END PV */
  53:Core/Src/main.c **** 
  54:Core/Src/main.c **** /* Private function prototypes -----------------------------------------------*/
  55:Core/Src/main.c **** void SystemClock_Config(void);
  56:Core/Src/main.c **** static void MX_GPIO_Init(void);
  57:Core/Src/main.c **** static void MX_DMA_Init(void);
  58:Core/Src/main.c **** static void MX_ADC1_Init(void);
  59:Core/Src/main.c **** static void MX_ADC2_Init(void);
  60:Core/Src/main.c **** void StartDefaultTask(void const * argument);
  61:Core/Src/main.c **** 
  62:Core/Src/main.c **** /* USER CODE BEGIN PFP */
  63:Core/Src/main.c **** 
  64:Core/Src/main.c **** /* USER CODE END PFP */
  65:Core/Src/main.c **** 
  66:Core/Src/main.c **** /* Private user code ---------------------------------------------------------*/
  67:Core/Src/main.c **** /* USER CODE BEGIN 0 */
  68:Core/Src/main.c **** 
  69:Core/Src/main.c **** /* USER CODE END 0 */
  70:Core/Src/main.c **** 
  71:Core/Src/main.c **** /**
  72:Core/Src/main.c ****   * @brief  The application entry point.
  73:Core/Src/main.c ****   * @retval int
  74:Core/Src/main.c ****   */
  75:Core/Src/main.c **** int main(void)
  76:Core/Src/main.c **** {
  77:Core/Src/main.c **** 
  78:Core/Src/main.c ****   /* USER CODE BEGIN 1 */
  79:Core/Src/main.c **** 
  80:Core/Src/main.c ****   /* USER CODE END 1 */
  81:Core/Src/main.c **** 
  82:Core/Src/main.c ****   /* MCU Configuration--------------------------------------------------------*/
  83:Core/Src/main.c **** 
  84:Core/Src/main.c ****   /* Reset of all peripherals, Initializes the Flash interface and the Systick. */
  85:Core/Src/main.c ****   HAL_Init();
  86:Core/Src/main.c **** 
  87:Core/Src/main.c ****   /* USER CODE BEGIN Init */
  88:Core/Src/main.c **** 
  89:Core/Src/main.c ****   /* USER CODE END Init */
  90:Core/Src/main.c **** 
ARM GAS  /tmp/ccEHhYOu.s 			page 3


  91:Core/Src/main.c ****   /* Configure the system clock */
  92:Core/Src/main.c ****   SystemClock_Config();
  93:Core/Src/main.c **** 
  94:Core/Src/main.c ****   /* USER CODE BEGIN SysInit */
  95:Core/Src/main.c **** 
  96:Core/Src/main.c ****   /* USER CODE END SysInit */
  97:Core/Src/main.c **** 
  98:Core/Src/main.c ****   /* Initialize all configured peripherals */
  99:Core/Src/main.c ****   MX_GPIO_Init();
 100:Core/Src/main.c ****   MX_DMA_Init();
 101:Core/Src/main.c ****   MX_ADC1_Init();
 102:Core/Src/main.c ****   MX_ADC2_Init();
 103:Core/Src/main.c ****   /* USER CODE BEGIN 2 */
 104:Core/Src/main.c **** //Watering_Init();
 105:Core/Src/main.c **** Humidity_sensors_init();
 106:Core/Src/main.c ****   /* USER CODE END 2 */
 107:Core/Src/main.c **** 
 108:Core/Src/main.c ****   /* USER CODE BEGIN RTOS_MUTEX */
 109:Core/Src/main.c ****   /* add mutexes, ... */
 110:Core/Src/main.c ****   /* USER CODE END RTOS_MUTEX */
 111:Core/Src/main.c **** 
 112:Core/Src/main.c ****   /* USER CODE BEGIN RTOS_SEMAPHORES */
 113:Core/Src/main.c ****   /* add semaphores, ... */
 114:Core/Src/main.c ****   /* USER CODE END RTOS_SEMAPHORES */
 115:Core/Src/main.c **** 
 116:Core/Src/main.c ****   /* USER CODE BEGIN RTOS_TIMERS */
 117:Core/Src/main.c ****   /* start timers, add new ones, ... */
 118:Core/Src/main.c ****   /* USER CODE END RTOS_TIMERS */
 119:Core/Src/main.c **** 
 120:Core/Src/main.c ****   /* USER CODE BEGIN RTOS_QUEUES */
 121:Core/Src/main.c ****   /* add queues, ... */
 122:Core/Src/main.c ****   /* USER CODE END RTOS_QUEUES */
 123:Core/Src/main.c **** 
 124:Core/Src/main.c ****   /* Create the thread(s) */
 125:Core/Src/main.c ****   /* definition and creation of defaultTask */
 126:Core/Src/main.c ****   osThreadDef(defaultTask, StartDefaultTask, osPriorityNormal, 0, 128);
 127:Core/Src/main.c ****   defaultTaskHandle = osThreadCreate(osThread(defaultTask), NULL);
 128:Core/Src/main.c **** 
 129:Core/Src/main.c ****   /* USER CODE BEGIN RTOS_THREADS */
 130:Core/Src/main.c ****   /* add threads, ... */
 131:Core/Src/main.c ****   /* USER CODE END RTOS_THREADS */
 132:Core/Src/main.c **** 
 133:Core/Src/main.c ****   /* Start scheduler */
 134:Core/Src/main.c ****   osKernelStart();
 135:Core/Src/main.c **** 
 136:Core/Src/main.c ****   /* We should never get here as control is now taken by the scheduler */
 137:Core/Src/main.c **** 
 138:Core/Src/main.c ****   /* Infinite loop */
 139:Core/Src/main.c ****   /* USER CODE BEGIN WHILE */
 140:Core/Src/main.c ****   while (1)
 141:Core/Src/main.c ****   {
 142:Core/Src/main.c ****     /* USER CODE END WHILE */
 143:Core/Src/main.c **** 
 144:Core/Src/main.c ****     /* USER CODE BEGIN 3 */
 145:Core/Src/main.c ****   }
 146:Core/Src/main.c ****   /* USER CODE END 3 */
 147:Core/Src/main.c **** }
ARM GAS  /tmp/ccEHhYOu.s 			page 4


 148:Core/Src/main.c **** 
 149:Core/Src/main.c **** /**
 150:Core/Src/main.c ****   * @brief System Clock Configuration
 151:Core/Src/main.c ****   * @retval None
 152:Core/Src/main.c ****   */
 153:Core/Src/main.c **** void SystemClock_Config(void)
 154:Core/Src/main.c **** {
 155:Core/Src/main.c ****   RCC_OscInitTypeDef RCC_OscInitStruct = {0};
 156:Core/Src/main.c ****   RCC_ClkInitTypeDef RCC_ClkInitStruct = {0};
 157:Core/Src/main.c ****   RCC_PeriphCLKInitTypeDef PeriphClkInit = {0};
 158:Core/Src/main.c **** 
 159:Core/Src/main.c ****   /** Initializes the RCC Oscillators according to the specified parameters
 160:Core/Src/main.c ****   * in the RCC_OscInitTypeDef structure.
 161:Core/Src/main.c ****   */
 162:Core/Src/main.c ****   RCC_OscInitStruct.OscillatorType = RCC_OSCILLATORTYPE_HSE;
 163:Core/Src/main.c ****   RCC_OscInitStruct.HSEState = RCC_HSE_ON;
 164:Core/Src/main.c ****   RCC_OscInitStruct.HSEPredivValue = RCC_HSE_PREDIV_DIV1;
 165:Core/Src/main.c ****   RCC_OscInitStruct.HSIState = RCC_HSI_ON;
 166:Core/Src/main.c ****   RCC_OscInitStruct.PLL.PLLState = RCC_PLL_ON;
 167:Core/Src/main.c ****   RCC_OscInitStruct.PLL.PLLSource = RCC_PLLSOURCE_HSE;
 168:Core/Src/main.c ****   RCC_OscInitStruct.PLL.PLLMUL = RCC_PLL_MUL9;
 169:Core/Src/main.c ****   if (HAL_RCC_OscConfig(&RCC_OscInitStruct) != HAL_OK)
 170:Core/Src/main.c ****   {
 171:Core/Src/main.c ****     Error_Handler();
 172:Core/Src/main.c ****   }
 173:Core/Src/main.c **** 
 174:Core/Src/main.c ****   /** Initializes the CPU, AHB and APB buses clocks
 175:Core/Src/main.c ****   */
 176:Core/Src/main.c ****   RCC_ClkInitStruct.ClockType = RCC_CLOCKTYPE_HCLK|RCC_CLOCKTYPE_SYSCLK
 177:Core/Src/main.c ****                               |RCC_CLOCKTYPE_PCLK1|RCC_CLOCKTYPE_PCLK2;
 178:Core/Src/main.c ****   RCC_ClkInitStruct.SYSCLKSource = RCC_SYSCLKSOURCE_PLLCLK;
 179:Core/Src/main.c ****   RCC_ClkInitStruct.AHBCLKDivider = RCC_SYSCLK_DIV1;
 180:Core/Src/main.c ****   RCC_ClkInitStruct.APB1CLKDivider = RCC_HCLK_DIV2;
 181:Core/Src/main.c ****   RCC_ClkInitStruct.APB2CLKDivider = RCC_HCLK_DIV1;
 182:Core/Src/main.c **** 
 183:Core/Src/main.c ****   if (HAL_RCC_ClockConfig(&RCC_ClkInitStruct, FLASH_LATENCY_2) != HAL_OK)
 184:Core/Src/main.c ****   {
 185:Core/Src/main.c ****     Error_Handler();
 186:Core/Src/main.c ****   }
 187:Core/Src/main.c ****   PeriphClkInit.PeriphClockSelection = RCC_PERIPHCLK_ADC;
 188:Core/Src/main.c ****   PeriphClkInit.AdcClockSelection = RCC_ADCPCLK2_DIV6;
 189:Core/Src/main.c ****   if (HAL_RCCEx_PeriphCLKConfig(&PeriphClkInit) != HAL_OK)
 190:Core/Src/main.c ****   {
 191:Core/Src/main.c ****     Error_Handler();
 192:Core/Src/main.c ****   }
 193:Core/Src/main.c **** }
 194:Core/Src/main.c **** 
 195:Core/Src/main.c **** /**
 196:Core/Src/main.c ****   * @brief ADC1 Initialization Function
 197:Core/Src/main.c ****   * @param None
 198:Core/Src/main.c ****   * @retval None
 199:Core/Src/main.c ****   */
 200:Core/Src/main.c **** static void MX_ADC1_Init(void)
 201:Core/Src/main.c **** {
 202:Core/Src/main.c **** 
 203:Core/Src/main.c ****   /* USER CODE BEGIN ADC1_Init 0 */
 204:Core/Src/main.c **** 
ARM GAS  /tmp/ccEHhYOu.s 			page 5


 205:Core/Src/main.c ****   /* USER CODE END ADC1_Init 0 */
 206:Core/Src/main.c **** 
 207:Core/Src/main.c ****   ADC_ChannelConfTypeDef sConfig = {0};
 208:Core/Src/main.c **** 
 209:Core/Src/main.c ****   /* USER CODE BEGIN ADC1_Init 1 */
 210:Core/Src/main.c **** 
 211:Core/Src/main.c ****   /* USER CODE END ADC1_Init 1 */
 212:Core/Src/main.c **** 
 213:Core/Src/main.c ****   /** Common config
 214:Core/Src/main.c ****   */
 215:Core/Src/main.c ****   hadc1.Instance = ADC1;
 216:Core/Src/main.c ****   hadc1.Init.ScanConvMode = ADC_SCAN_DISABLE;
 217:Core/Src/main.c ****   hadc1.Init.ContinuousConvMode = ENABLE;
 218:Core/Src/main.c ****   hadc1.Init.DiscontinuousConvMode = DISABLE;
 219:Core/Src/main.c ****   hadc1.Init.ExternalTrigConv = ADC_SOFTWARE_START;
 220:Core/Src/main.c ****   hadc1.Init.DataAlign = ADC_DATAALIGN_RIGHT;
 221:Core/Src/main.c ****   hadc1.Init.NbrOfConversion = 1;
 222:Core/Src/main.c ****   if (HAL_ADC_Init(&hadc1) != HAL_OK)
 223:Core/Src/main.c ****   {
 224:Core/Src/main.c ****     Error_Handler();
 225:Core/Src/main.c ****   }
 226:Core/Src/main.c **** 
 227:Core/Src/main.c ****   /** Configure Regular Channel
 228:Core/Src/main.c ****   */
 229:Core/Src/main.c ****   sConfig.Channel = ADC_CHANNEL_1;
 230:Core/Src/main.c ****   sConfig.Rank = ADC_REGULAR_RANK_1;
 231:Core/Src/main.c ****   sConfig.SamplingTime = ADC_SAMPLETIME_1CYCLE_5;
 232:Core/Src/main.c ****   if (HAL_ADC_ConfigChannel(&hadc1, &sConfig) != HAL_OK)
 233:Core/Src/main.c ****   {
 234:Core/Src/main.c ****     Error_Handler();
 235:Core/Src/main.c ****   }
 236:Core/Src/main.c ****   /* USER CODE BEGIN ADC1_Init 2 */
 237:Core/Src/main.c **** 
 238:Core/Src/main.c ****   /* USER CODE END ADC1_Init 2 */
 239:Core/Src/main.c **** 
 240:Core/Src/main.c **** }
 241:Core/Src/main.c **** 
 242:Core/Src/main.c **** /**
 243:Core/Src/main.c ****   * @brief ADC2 Initialization Function
 244:Core/Src/main.c ****   * @param None
 245:Core/Src/main.c ****   * @retval None
 246:Core/Src/main.c ****   */
 247:Core/Src/main.c **** static void MX_ADC2_Init(void)
 248:Core/Src/main.c **** {
 249:Core/Src/main.c **** 
 250:Core/Src/main.c ****   /* USER CODE BEGIN ADC2_Init 0 */
 251:Core/Src/main.c **** 
 252:Core/Src/main.c ****   /* USER CODE END ADC2_Init 0 */
 253:Core/Src/main.c **** 
 254:Core/Src/main.c ****   ADC_ChannelConfTypeDef sConfig = {0};
 255:Core/Src/main.c **** 
 256:Core/Src/main.c ****   /* USER CODE BEGIN ADC2_Init 1 */
 257:Core/Src/main.c **** 
 258:Core/Src/main.c ****   /* USER CODE END ADC2_Init 1 */
 259:Core/Src/main.c **** 
 260:Core/Src/main.c ****   /** Common config
 261:Core/Src/main.c ****   */
ARM GAS  /tmp/ccEHhYOu.s 			page 6


 262:Core/Src/main.c ****   hadc2.Instance = ADC2;
 263:Core/Src/main.c ****   hadc2.Init.ScanConvMode = ADC_SCAN_DISABLE;
 264:Core/Src/main.c ****   hadc2.Init.ContinuousConvMode = DISABLE;
 265:Core/Src/main.c ****   hadc2.Init.DiscontinuousConvMode = DISABLE;
 266:Core/Src/main.c ****   hadc2.Init.ExternalTrigConv = ADC_SOFTWARE_START;
 267:Core/Src/main.c ****   hadc2.Init.DataAlign = ADC_DATAALIGN_RIGHT;
 268:Core/Src/main.c ****   hadc2.Init.NbrOfConversion = 1;
 269:Core/Src/main.c ****   if (HAL_ADC_Init(&hadc2) != HAL_OK)
 270:Core/Src/main.c ****   {
 271:Core/Src/main.c ****     Error_Handler();
 272:Core/Src/main.c ****   }
 273:Core/Src/main.c **** 
 274:Core/Src/main.c ****   /** Configure Regular Channel
 275:Core/Src/main.c ****   */
 276:Core/Src/main.c ****   sConfig.Channel = ADC_CHANNEL_2;
 277:Core/Src/main.c ****   sConfig.Rank = ADC_REGULAR_RANK_1;
 278:Core/Src/main.c ****   sConfig.SamplingTime = ADC_SAMPLETIME_1CYCLE_5;
 279:Core/Src/main.c ****   if (HAL_ADC_ConfigChannel(&hadc2, &sConfig) != HAL_OK)
 280:Core/Src/main.c ****   {
 281:Core/Src/main.c ****     Error_Handler();
 282:Core/Src/main.c ****   }
 283:Core/Src/main.c ****   /* USER CODE BEGIN ADC2_Init 2 */
 284:Core/Src/main.c **** 
 285:Core/Src/main.c ****   /* USER CODE END ADC2_Init 2 */
 286:Core/Src/main.c **** 
 287:Core/Src/main.c **** }
 288:Core/Src/main.c **** 
 289:Core/Src/main.c **** /**
 290:Core/Src/main.c ****   * Enable DMA controller clock
 291:Core/Src/main.c ****   */
 292:Core/Src/main.c **** static void MX_DMA_Init(void)
 293:Core/Src/main.c **** {
 294:Core/Src/main.c **** 
 295:Core/Src/main.c ****   /* DMA controller clock enable */
 296:Core/Src/main.c ****   __HAL_RCC_DMA1_CLK_ENABLE();
 297:Core/Src/main.c **** 
 298:Core/Src/main.c ****   /* DMA interrupt init */
 299:Core/Src/main.c ****   /* DMA1_Channel1_IRQn interrupt configuration */
 300:Core/Src/main.c ****   HAL_NVIC_SetPriority(DMA1_Channel1_IRQn, 5, 0);
 301:Core/Src/main.c ****   HAL_NVIC_EnableIRQ(DMA1_Channel1_IRQn);
 302:Core/Src/main.c **** 
 303:Core/Src/main.c **** }
 304:Core/Src/main.c **** 
 305:Core/Src/main.c **** /**
 306:Core/Src/main.c ****   * @brief GPIO Initialization Function
 307:Core/Src/main.c ****   * @param None
 308:Core/Src/main.c ****   * @retval None
 309:Core/Src/main.c ****   */
 310:Core/Src/main.c **** static void MX_GPIO_Init(void)
 311:Core/Src/main.c **** {
  26              		.loc 1 311 1 view -0
  27              		.cfi_startproc
  28              		@ args = 0, pretend = 0, frame = 8
  29              		@ frame_needed = 0, uses_anonymous_args = 0
  30              		@ link register save eliminated.
  31 0000 82B0     		sub	sp, sp, #8
  32              	.LCFI0:
ARM GAS  /tmp/ccEHhYOu.s 			page 7


  33              		.cfi_def_cfa_offset 8
 312:Core/Src/main.c ****   /* USER CODE BEGIN MX_GPIO_Init_1 */
 313:Core/Src/main.c **** 
 314:Core/Src/main.c ****   /* USER CODE END MX_GPIO_Init_1 */
 315:Core/Src/main.c **** 
 316:Core/Src/main.c ****   /* GPIO Ports Clock Enable */
 317:Core/Src/main.c ****   __HAL_RCC_GPIOD_CLK_ENABLE();
  34              		.loc 1 317 3 view .LVU1
  35              	.LBB4:
  36              		.loc 1 317 3 view .LVU2
  37              		.loc 1 317 3 view .LVU3
  38 0002 0A4B     		ldr	r3, .L3
  39 0004 9A69     		ldr	r2, [r3, #24]
  40 0006 42F02002 		orr	r2, r2, #32
  41 000a 9A61     		str	r2, [r3, #24]
  42              		.loc 1 317 3 view .LVU4
  43 000c 9A69     		ldr	r2, [r3, #24]
  44 000e 02F02002 		and	r2, r2, #32
  45 0012 0092     		str	r2, [sp]
  46              		.loc 1 317 3 view .LVU5
  47 0014 009A     		ldr	r2, [sp]
  48              	.LBE4:
  49              		.loc 1 317 3 view .LVU6
 318:Core/Src/main.c ****   __HAL_RCC_GPIOA_CLK_ENABLE();
  50              		.loc 1 318 3 view .LVU7
  51              	.LBB5:
  52              		.loc 1 318 3 view .LVU8
  53              		.loc 1 318 3 view .LVU9
  54 0016 9A69     		ldr	r2, [r3, #24]
  55 0018 42F00402 		orr	r2, r2, #4
  56 001c 9A61     		str	r2, [r3, #24]
  57              		.loc 1 318 3 view .LVU10
  58 001e 9B69     		ldr	r3, [r3, #24]
  59 0020 03F00403 		and	r3, r3, #4
  60 0024 0193     		str	r3, [sp, #4]
  61              		.loc 1 318 3 view .LVU11
  62 0026 019B     		ldr	r3, [sp, #4]
  63              	.LBE5:
  64              		.loc 1 318 3 view .LVU12
 319:Core/Src/main.c **** 
 320:Core/Src/main.c ****   /* USER CODE BEGIN MX_GPIO_Init_2 */
 321:Core/Src/main.c **** 
 322:Core/Src/main.c ****   /* USER CODE END MX_GPIO_Init_2 */
 323:Core/Src/main.c **** }
  65              		.loc 1 323 1 is_stmt 0 view .LVU13
  66 0028 02B0     		add	sp, sp, #8
  67              	.LCFI1:
  68              		.cfi_def_cfa_offset 0
  69              		@ sp needed
  70 002a 7047     		bx	lr
  71              	.L4:
  72              		.align	2
  73              	.L3:
  74 002c 00100240 		.word	1073876992
  75              		.cfi_endproc
  76              	.LFE75:
  78              		.section	.text.MX_DMA_Init,"ax",%progbits
ARM GAS  /tmp/ccEHhYOu.s 			page 8


  79              		.align	1
  80              		.syntax unified
  81              		.thumb
  82              		.thumb_func
  84              	MX_DMA_Init:
  85              	.LFB74:
 293:Core/Src/main.c **** 
  86              		.loc 1 293 1 is_stmt 1 view -0
  87              		.cfi_startproc
  88              		@ args = 0, pretend = 0, frame = 8
  89              		@ frame_needed = 0, uses_anonymous_args = 0
  90 0000 00B5     		push	{lr}
  91              	.LCFI2:
  92              		.cfi_def_cfa_offset 4
  93              		.cfi_offset 14, -4
  94 0002 83B0     		sub	sp, sp, #12
  95              	.LCFI3:
  96              		.cfi_def_cfa_offset 16
 296:Core/Src/main.c **** 
  97              		.loc 1 296 3 view .LVU15
  98              	.LBB6:
 296:Core/Src/main.c **** 
  99              		.loc 1 296 3 view .LVU16
 296:Core/Src/main.c **** 
 100              		.loc 1 296 3 view .LVU17
 101 0004 0A4B     		ldr	r3, .L7
 102 0006 5A69     		ldr	r2, [r3, #20]
 103 0008 42F00102 		orr	r2, r2, #1
 104 000c 5A61     		str	r2, [r3, #20]
 296:Core/Src/main.c **** 
 105              		.loc 1 296 3 view .LVU18
 106 000e 5B69     		ldr	r3, [r3, #20]
 107 0010 03F00103 		and	r3, r3, #1
 108 0014 0193     		str	r3, [sp, #4]
 296:Core/Src/main.c **** 
 109              		.loc 1 296 3 view .LVU19
 110 0016 019B     		ldr	r3, [sp, #4]
 111              	.LBE6:
 296:Core/Src/main.c **** 
 112              		.loc 1 296 3 view .LVU20
 300:Core/Src/main.c ****   HAL_NVIC_EnableIRQ(DMA1_Channel1_IRQn);
 113              		.loc 1 300 3 view .LVU21
 114 0018 0022     		movs	r2, #0
 115 001a 0521     		movs	r1, #5
 116 001c 0B20     		movs	r0, #11
 117 001e FFF7FEFF 		bl	HAL_NVIC_SetPriority
 118              	.LVL0:
 301:Core/Src/main.c **** 
 119              		.loc 1 301 3 view .LVU22
 120 0022 0B20     		movs	r0, #11
 121 0024 FFF7FEFF 		bl	HAL_NVIC_EnableIRQ
 122              	.LVL1:
 303:Core/Src/main.c **** 
 123              		.loc 1 303 1 is_stmt 0 view .LVU23
 124 0028 03B0     		add	sp, sp, #12
 125              	.LCFI4:
 126              		.cfi_def_cfa_offset 4
ARM GAS  /tmp/ccEHhYOu.s 			page 9


 127              		@ sp needed
 128 002a 5DF804FB 		ldr	pc, [sp], #4
 129              	.L8:
 130 002e 00BF     		.align	2
 131              	.L7:
 132 0030 00100240 		.word	1073876992
 133              		.cfi_endproc
 134              	.LFE74:
 136              		.section	.text.StartDefaultTask,"ax",%progbits
 137              		.align	1
 138              		.global	StartDefaultTask
 139              		.syntax unified
 140              		.thumb
 141              		.thumb_func
 143              	StartDefaultTask:
 144              	.LFB76:
 324:Core/Src/main.c **** 
 325:Core/Src/main.c **** /* USER CODE BEGIN 4 */
 326:Core/Src/main.c **** 
 327:Core/Src/main.c **** /* USER CODE END 4 */
 328:Core/Src/main.c **** 
 329:Core/Src/main.c **** /* USER CODE BEGIN Header_StartDefaultTask */
 330:Core/Src/main.c **** /**
 331:Core/Src/main.c ****   * @brief  Function implementing the defaultTask thread.
 332:Core/Src/main.c ****   * @param  argument: Not used
 333:Core/Src/main.c ****   * @retval None
 334:Core/Src/main.c ****   */
 335:Core/Src/main.c **** /* USER CODE END Header_StartDefaultTask */
 336:Core/Src/main.c **** void StartDefaultTask(void const * argument)
 337:Core/Src/main.c **** {
 145              		.loc 1 337 1 is_stmt 1 view -0
 146              		.cfi_startproc
 147              		@ Volatile: function does not return.
 148              		@ args = 0, pretend = 0, frame = 0
 149              		@ frame_needed = 0, uses_anonymous_args = 0
 150              	.LVL2:
 151              		.loc 1 337 1 is_stmt 0 view .LVU25
 152 0000 08B5     		push	{r3, lr}
 153              	.LCFI5:
 154              		.cfi_def_cfa_offset 8
 155              		.cfi_offset 3, -8
 156              		.cfi_offset 14, -4
 157              	.LVL3:
 158              	.L10:
 338:Core/Src/main.c ****   /* USER CODE BEGIN 5 */
 339:Core/Src/main.c ****   /* Infinite loop */
 340:Core/Src/main.c ****   for(;;)
 159              		.loc 1 340 3 is_stmt 1 view .LVU26
 341:Core/Src/main.c ****   {
 342:Core/Src/main.c ****     osDelay(1);
 160              		.loc 1 342 5 discriminator 1 view .LVU27
 161 0002 0120     		movs	r0, #1
 162 0004 FFF7FEFF 		bl	osDelay
 163              	.LVL4:
 340:Core/Src/main.c ****   {
 164              		.loc 1 340 3 view .LVU28
 165 0008 FBE7     		b	.L10
ARM GAS  /tmp/ccEHhYOu.s 			page 10


 166              		.cfi_endproc
 167              	.LFE76:
 169              		.section	.text.HAL_TIM_PeriodElapsedCallback,"ax",%progbits
 170              		.align	1
 171              		.global	HAL_TIM_PeriodElapsedCallback
 172              		.syntax unified
 173              		.thumb
 174              		.thumb_func
 176              	HAL_TIM_PeriodElapsedCallback:
 177              	.LVL5:
 178              	.LFB77:
 343:Core/Src/main.c ****   }
 344:Core/Src/main.c ****   /* USER CODE END 5 */
 345:Core/Src/main.c **** }
 346:Core/Src/main.c **** 
 347:Core/Src/main.c **** /**
 348:Core/Src/main.c ****   * @brief  Period elapsed callback in non blocking mode
 349:Core/Src/main.c ****   * @note   This function is called  when TIM1 interrupt took place, inside
 350:Core/Src/main.c ****   * HAL_TIM_IRQHandler(). It makes a direct call to HAL_IncTick() to increment
 351:Core/Src/main.c ****   * a global variable "uwTick" used as application time base.
 352:Core/Src/main.c ****   * @param  htim : TIM handle
 353:Core/Src/main.c ****   * @retval None
 354:Core/Src/main.c ****   */
 355:Core/Src/main.c **** void HAL_TIM_PeriodElapsedCallback(TIM_HandleTypeDef *htim)
 356:Core/Src/main.c **** {
 179              		.loc 1 356 1 view -0
 180              		.cfi_startproc
 181              		@ args = 0, pretend = 0, frame = 0
 182              		@ frame_needed = 0, uses_anonymous_args = 0
 183              		.loc 1 356 1 is_stmt 0 view .LVU30
 184 0000 08B5     		push	{r3, lr}
 185              	.LCFI6:
 186              		.cfi_def_cfa_offset 8
 187              		.cfi_offset 3, -8
 188              		.cfi_offset 14, -4
 357:Core/Src/main.c ****   /* USER CODE BEGIN Callback 0 */
 358:Core/Src/main.c **** 
 359:Core/Src/main.c ****   /* USER CODE END Callback 0 */
 360:Core/Src/main.c ****   if (htim->Instance == TIM1)
 189              		.loc 1 360 3 is_stmt 1 view .LVU31
 190              		.loc 1 360 11 is_stmt 0 view .LVU32
 191 0002 0268     		ldr	r2, [r0]
 192              		.loc 1 360 6 view .LVU33
 193 0004 034B     		ldr	r3, .L16
 194 0006 9A42     		cmp	r2, r3
 195 0008 00D0     		beq	.L15
 196              	.LVL6:
 197              	.L12:
 361:Core/Src/main.c ****   {
 362:Core/Src/main.c ****     HAL_IncTick();
 363:Core/Src/main.c ****   }
 364:Core/Src/main.c ****   /* USER CODE BEGIN Callback 1 */
 365:Core/Src/main.c **** 
 366:Core/Src/main.c ****   /* USER CODE END Callback 1 */
 367:Core/Src/main.c **** }
 198              		.loc 1 367 1 view .LVU34
 199 000a 08BD     		pop	{r3, pc}
ARM GAS  /tmp/ccEHhYOu.s 			page 11


 200              	.LVL7:
 201              	.L15:
 362:Core/Src/main.c ****   }
 202              		.loc 1 362 5 is_stmt 1 view .LVU35
 203 000c FFF7FEFF 		bl	HAL_IncTick
 204              	.LVL8:
 205              		.loc 1 367 1 is_stmt 0 view .LVU36
 206 0010 FBE7     		b	.L12
 207              	.L17:
 208 0012 00BF     		.align	2
 209              	.L16:
 210 0014 002C0140 		.word	1073818624
 211              		.cfi_endproc
 212              	.LFE77:
 214              		.section	.text.Error_Handler,"ax",%progbits
 215              		.align	1
 216              		.global	Error_Handler
 217              		.syntax unified
 218              		.thumb
 219              		.thumb_func
 221              	Error_Handler:
 222              	.LFB78:
 368:Core/Src/main.c **** 
 369:Core/Src/main.c **** /**
 370:Core/Src/main.c ****   * @brief  This function is executed in case of error occurrence.
 371:Core/Src/main.c ****   * @retval None
 372:Core/Src/main.c ****   */
 373:Core/Src/main.c **** void Error_Handler(void)
 374:Core/Src/main.c **** {
 223              		.loc 1 374 1 is_stmt 1 view -0
 224              		.cfi_startproc
 225              		@ Volatile: function does not return.
 226              		@ args = 0, pretend = 0, frame = 0
 227              		@ frame_needed = 0, uses_anonymous_args = 0
 228              		@ link register save eliminated.
 375:Core/Src/main.c ****   /* USER CODE BEGIN Error_Handler_Debug */
 376:Core/Src/main.c ****   /* User can add his own implementation to report the HAL error return state */
 377:Core/Src/main.c ****   __disable_irq();
 229              		.loc 1 377 3 view .LVU38
 230              	.LBB7:
 231              	.LBI7:
 232              		.file 2 "Drivers/CMSIS/Include/cmsis_gcc.h"
   1:Drivers/CMSIS/Include/cmsis_gcc.h **** /**************************************************************************//**
   2:Drivers/CMSIS/Include/cmsis_gcc.h ****  * @file     cmsis_gcc.h
   3:Drivers/CMSIS/Include/cmsis_gcc.h ****  * @brief    CMSIS compiler GCC header file
   4:Drivers/CMSIS/Include/cmsis_gcc.h ****  * @version  V5.0.4
   5:Drivers/CMSIS/Include/cmsis_gcc.h ****  * @date     09. April 2018
   6:Drivers/CMSIS/Include/cmsis_gcc.h ****  ******************************************************************************/
   7:Drivers/CMSIS/Include/cmsis_gcc.h **** /*
   8:Drivers/CMSIS/Include/cmsis_gcc.h ****  * Copyright (c) 2009-2018 Arm Limited. All rights reserved.
   9:Drivers/CMSIS/Include/cmsis_gcc.h ****  *
  10:Drivers/CMSIS/Include/cmsis_gcc.h ****  * SPDX-License-Identifier: Apache-2.0
  11:Drivers/CMSIS/Include/cmsis_gcc.h ****  *
  12:Drivers/CMSIS/Include/cmsis_gcc.h ****  * Licensed under the Apache License, Version 2.0 (the License); you may
  13:Drivers/CMSIS/Include/cmsis_gcc.h ****  * not use this file except in compliance with the License.
  14:Drivers/CMSIS/Include/cmsis_gcc.h ****  * You may obtain a copy of the License at
  15:Drivers/CMSIS/Include/cmsis_gcc.h ****  *
ARM GAS  /tmp/ccEHhYOu.s 			page 12


  16:Drivers/CMSIS/Include/cmsis_gcc.h ****  * www.apache.org/licenses/LICENSE-2.0
  17:Drivers/CMSIS/Include/cmsis_gcc.h ****  *
  18:Drivers/CMSIS/Include/cmsis_gcc.h ****  * Unless required by applicable law or agreed to in writing, software
  19:Drivers/CMSIS/Include/cmsis_gcc.h ****  * distributed under the License is distributed on an AS IS BASIS, WITHOUT
  20:Drivers/CMSIS/Include/cmsis_gcc.h ****  * WARRANTIES OR CONDITIONS OF ANY KIND, either express or implied.
  21:Drivers/CMSIS/Include/cmsis_gcc.h ****  * See the License for the specific language governing permissions and
  22:Drivers/CMSIS/Include/cmsis_gcc.h ****  * limitations under the License.
  23:Drivers/CMSIS/Include/cmsis_gcc.h ****  */
  24:Drivers/CMSIS/Include/cmsis_gcc.h **** 
  25:Drivers/CMSIS/Include/cmsis_gcc.h **** #ifndef __CMSIS_GCC_H
  26:Drivers/CMSIS/Include/cmsis_gcc.h **** #define __CMSIS_GCC_H
  27:Drivers/CMSIS/Include/cmsis_gcc.h **** 
  28:Drivers/CMSIS/Include/cmsis_gcc.h **** /* ignore some GCC warnings */
  29:Drivers/CMSIS/Include/cmsis_gcc.h **** #pragma GCC diagnostic push
  30:Drivers/CMSIS/Include/cmsis_gcc.h **** #pragma GCC diagnostic ignored "-Wsign-conversion"
  31:Drivers/CMSIS/Include/cmsis_gcc.h **** #pragma GCC diagnostic ignored "-Wconversion"
  32:Drivers/CMSIS/Include/cmsis_gcc.h **** #pragma GCC diagnostic ignored "-Wunused-parameter"
  33:Drivers/CMSIS/Include/cmsis_gcc.h **** 
  34:Drivers/CMSIS/Include/cmsis_gcc.h **** /* Fallback for __has_builtin */
  35:Drivers/CMSIS/Include/cmsis_gcc.h **** #ifndef __has_builtin
  36:Drivers/CMSIS/Include/cmsis_gcc.h ****   #define __has_builtin(x) (0)
  37:Drivers/CMSIS/Include/cmsis_gcc.h **** #endif
  38:Drivers/CMSIS/Include/cmsis_gcc.h **** 
  39:Drivers/CMSIS/Include/cmsis_gcc.h **** /* CMSIS compiler specific defines */
  40:Drivers/CMSIS/Include/cmsis_gcc.h **** #ifndef   __ASM
  41:Drivers/CMSIS/Include/cmsis_gcc.h ****   #define __ASM                                  __asm
  42:Drivers/CMSIS/Include/cmsis_gcc.h **** #endif
  43:Drivers/CMSIS/Include/cmsis_gcc.h **** #ifndef   __INLINE
  44:Drivers/CMSIS/Include/cmsis_gcc.h ****   #define __INLINE                               inline
  45:Drivers/CMSIS/Include/cmsis_gcc.h **** #endif
  46:Drivers/CMSIS/Include/cmsis_gcc.h **** #ifndef   __STATIC_INLINE
  47:Drivers/CMSIS/Include/cmsis_gcc.h ****   #define __STATIC_INLINE                        static inline
  48:Drivers/CMSIS/Include/cmsis_gcc.h **** #endif
  49:Drivers/CMSIS/Include/cmsis_gcc.h **** #ifndef   __STATIC_FORCEINLINE                 
  50:Drivers/CMSIS/Include/cmsis_gcc.h ****   #define __STATIC_FORCEINLINE                   __attribute__((always_inline)) static inline
  51:Drivers/CMSIS/Include/cmsis_gcc.h **** #endif                                           
  52:Drivers/CMSIS/Include/cmsis_gcc.h **** #ifndef   __NO_RETURN
  53:Drivers/CMSIS/Include/cmsis_gcc.h ****   #define __NO_RETURN                            __attribute__((__noreturn__))
  54:Drivers/CMSIS/Include/cmsis_gcc.h **** #endif
  55:Drivers/CMSIS/Include/cmsis_gcc.h **** #ifndef   __USED
  56:Drivers/CMSIS/Include/cmsis_gcc.h ****   #define __USED                                 __attribute__((used))
  57:Drivers/CMSIS/Include/cmsis_gcc.h **** #endif
  58:Drivers/CMSIS/Include/cmsis_gcc.h **** #ifndef   __WEAK
  59:Drivers/CMSIS/Include/cmsis_gcc.h ****   #define __WEAK                                 __attribute__((weak))
  60:Drivers/CMSIS/Include/cmsis_gcc.h **** #endif
  61:Drivers/CMSIS/Include/cmsis_gcc.h **** #ifndef   __PACKED
  62:Drivers/CMSIS/Include/cmsis_gcc.h ****   #define __PACKED                               __attribute__((packed, aligned(1)))
  63:Drivers/CMSIS/Include/cmsis_gcc.h **** #endif
  64:Drivers/CMSIS/Include/cmsis_gcc.h **** #ifndef   __PACKED_STRUCT
  65:Drivers/CMSIS/Include/cmsis_gcc.h ****   #define __PACKED_STRUCT                        struct __attribute__((packed, aligned(1)))
  66:Drivers/CMSIS/Include/cmsis_gcc.h **** #endif
  67:Drivers/CMSIS/Include/cmsis_gcc.h **** #ifndef   __PACKED_UNION
  68:Drivers/CMSIS/Include/cmsis_gcc.h ****   #define __PACKED_UNION                         union __attribute__((packed, aligned(1)))
  69:Drivers/CMSIS/Include/cmsis_gcc.h **** #endif
  70:Drivers/CMSIS/Include/cmsis_gcc.h **** #ifndef   __UNALIGNED_UINT32        /* deprecated */
  71:Drivers/CMSIS/Include/cmsis_gcc.h ****   #pragma GCC diagnostic push
  72:Drivers/CMSIS/Include/cmsis_gcc.h ****   #pragma GCC diagnostic ignored "-Wpacked"
ARM GAS  /tmp/ccEHhYOu.s 			page 13


  73:Drivers/CMSIS/Include/cmsis_gcc.h ****   #pragma GCC diagnostic ignored "-Wattributes"
  74:Drivers/CMSIS/Include/cmsis_gcc.h ****   struct __attribute__((packed)) T_UINT32 { uint32_t v; };
  75:Drivers/CMSIS/Include/cmsis_gcc.h ****   #pragma GCC diagnostic pop
  76:Drivers/CMSIS/Include/cmsis_gcc.h ****   #define __UNALIGNED_UINT32(x)                  (((struct T_UINT32 *)(x))->v)
  77:Drivers/CMSIS/Include/cmsis_gcc.h **** #endif
  78:Drivers/CMSIS/Include/cmsis_gcc.h **** #ifndef   __UNALIGNED_UINT16_WRITE
  79:Drivers/CMSIS/Include/cmsis_gcc.h ****   #pragma GCC diagnostic push
  80:Drivers/CMSIS/Include/cmsis_gcc.h ****   #pragma GCC diagnostic ignored "-Wpacked"
  81:Drivers/CMSIS/Include/cmsis_gcc.h ****   #pragma GCC diagnostic ignored "-Wattributes"
  82:Drivers/CMSIS/Include/cmsis_gcc.h ****   __PACKED_STRUCT T_UINT16_WRITE { uint16_t v; };
  83:Drivers/CMSIS/Include/cmsis_gcc.h ****   #pragma GCC diagnostic pop
  84:Drivers/CMSIS/Include/cmsis_gcc.h ****   #define __UNALIGNED_UINT16_WRITE(addr, val)    (void)((((struct T_UINT16_WRITE *)(void *)(addr))-
  85:Drivers/CMSIS/Include/cmsis_gcc.h **** #endif
  86:Drivers/CMSIS/Include/cmsis_gcc.h **** #ifndef   __UNALIGNED_UINT16_READ
  87:Drivers/CMSIS/Include/cmsis_gcc.h ****   #pragma GCC diagnostic push
  88:Drivers/CMSIS/Include/cmsis_gcc.h ****   #pragma GCC diagnostic ignored "-Wpacked"
  89:Drivers/CMSIS/Include/cmsis_gcc.h ****   #pragma GCC diagnostic ignored "-Wattributes"
  90:Drivers/CMSIS/Include/cmsis_gcc.h ****   __PACKED_STRUCT T_UINT16_READ { uint16_t v; };
  91:Drivers/CMSIS/Include/cmsis_gcc.h ****   #pragma GCC diagnostic pop
  92:Drivers/CMSIS/Include/cmsis_gcc.h ****   #define __UNALIGNED_UINT16_READ(addr)          (((const struct T_UINT16_READ *)(const void *)(add
  93:Drivers/CMSIS/Include/cmsis_gcc.h **** #endif
  94:Drivers/CMSIS/Include/cmsis_gcc.h **** #ifndef   __UNALIGNED_UINT32_WRITE
  95:Drivers/CMSIS/Include/cmsis_gcc.h ****   #pragma GCC diagnostic push
  96:Drivers/CMSIS/Include/cmsis_gcc.h ****   #pragma GCC diagnostic ignored "-Wpacked"
  97:Drivers/CMSIS/Include/cmsis_gcc.h ****   #pragma GCC diagnostic ignored "-Wattributes"
  98:Drivers/CMSIS/Include/cmsis_gcc.h ****   __PACKED_STRUCT T_UINT32_WRITE { uint32_t v; };
  99:Drivers/CMSIS/Include/cmsis_gcc.h ****   #pragma GCC diagnostic pop
 100:Drivers/CMSIS/Include/cmsis_gcc.h ****   #define __UNALIGNED_UINT32_WRITE(addr, val)    (void)((((struct T_UINT32_WRITE *)(void *)(addr))-
 101:Drivers/CMSIS/Include/cmsis_gcc.h **** #endif
 102:Drivers/CMSIS/Include/cmsis_gcc.h **** #ifndef   __UNALIGNED_UINT32_READ
 103:Drivers/CMSIS/Include/cmsis_gcc.h ****   #pragma GCC diagnostic push
 104:Drivers/CMSIS/Include/cmsis_gcc.h ****   #pragma GCC diagnostic ignored "-Wpacked"
 105:Drivers/CMSIS/Include/cmsis_gcc.h ****   #pragma GCC diagnostic ignored "-Wattributes"
 106:Drivers/CMSIS/Include/cmsis_gcc.h ****   __PACKED_STRUCT T_UINT32_READ { uint32_t v; };
 107:Drivers/CMSIS/Include/cmsis_gcc.h ****   #pragma GCC diagnostic pop
 108:Drivers/CMSIS/Include/cmsis_gcc.h ****   #define __UNALIGNED_UINT32_READ(addr)          (((const struct T_UINT32_READ *)(const void *)(add
 109:Drivers/CMSIS/Include/cmsis_gcc.h **** #endif
 110:Drivers/CMSIS/Include/cmsis_gcc.h **** #ifndef   __ALIGNED
 111:Drivers/CMSIS/Include/cmsis_gcc.h ****   #define __ALIGNED(x)                           __attribute__((aligned(x)))
 112:Drivers/CMSIS/Include/cmsis_gcc.h **** #endif
 113:Drivers/CMSIS/Include/cmsis_gcc.h **** #ifndef   __RESTRICT
 114:Drivers/CMSIS/Include/cmsis_gcc.h ****   #define __RESTRICT                             __restrict
 115:Drivers/CMSIS/Include/cmsis_gcc.h **** #endif
 116:Drivers/CMSIS/Include/cmsis_gcc.h **** 
 117:Drivers/CMSIS/Include/cmsis_gcc.h **** 
 118:Drivers/CMSIS/Include/cmsis_gcc.h **** /* ###########################  Core Function Access  ########################### */
 119:Drivers/CMSIS/Include/cmsis_gcc.h **** /** \ingroup  CMSIS_Core_FunctionInterface
 120:Drivers/CMSIS/Include/cmsis_gcc.h ****     \defgroup CMSIS_Core_RegAccFunctions CMSIS Core Register Access Functions
 121:Drivers/CMSIS/Include/cmsis_gcc.h ****   @{
 122:Drivers/CMSIS/Include/cmsis_gcc.h ****  */
 123:Drivers/CMSIS/Include/cmsis_gcc.h **** 
 124:Drivers/CMSIS/Include/cmsis_gcc.h **** /**
 125:Drivers/CMSIS/Include/cmsis_gcc.h ****   \brief   Enable IRQ Interrupts
 126:Drivers/CMSIS/Include/cmsis_gcc.h ****   \details Enables IRQ interrupts by clearing the I-bit in the CPSR.
 127:Drivers/CMSIS/Include/cmsis_gcc.h ****            Can only be executed in Privileged modes.
 128:Drivers/CMSIS/Include/cmsis_gcc.h ****  */
 129:Drivers/CMSIS/Include/cmsis_gcc.h **** __STATIC_FORCEINLINE void __enable_irq(void)
ARM GAS  /tmp/ccEHhYOu.s 			page 14


 130:Drivers/CMSIS/Include/cmsis_gcc.h **** {
 131:Drivers/CMSIS/Include/cmsis_gcc.h ****   __ASM volatile ("cpsie i" : : : "memory");
 132:Drivers/CMSIS/Include/cmsis_gcc.h **** }
 133:Drivers/CMSIS/Include/cmsis_gcc.h **** 
 134:Drivers/CMSIS/Include/cmsis_gcc.h **** 
 135:Drivers/CMSIS/Include/cmsis_gcc.h **** /**
 136:Drivers/CMSIS/Include/cmsis_gcc.h ****   \brief   Disable IRQ Interrupts
 137:Drivers/CMSIS/Include/cmsis_gcc.h ****   \details Disables IRQ interrupts by setting the I-bit in the CPSR.
 138:Drivers/CMSIS/Include/cmsis_gcc.h ****            Can only be executed in Privileged modes.
 139:Drivers/CMSIS/Include/cmsis_gcc.h ****  */
 140:Drivers/CMSIS/Include/cmsis_gcc.h **** __STATIC_FORCEINLINE void __disable_irq(void)
 233              		.loc 2 140 27 view .LVU39
 234              	.LBB8:
 141:Drivers/CMSIS/Include/cmsis_gcc.h **** {
 142:Drivers/CMSIS/Include/cmsis_gcc.h ****   __ASM volatile ("cpsid i" : : : "memory");
 235              		.loc 2 142 3 view .LVU40
 236              		.syntax unified
 237              	@ 142 "Drivers/CMSIS/Include/cmsis_gcc.h" 1
 238 0000 72B6     		cpsid i
 239              	@ 0 "" 2
 240              		.thumb
 241              		.syntax unified
 242              	.L19:
 243              	.LBE8:
 244              	.LBE7:
 378:Core/Src/main.c ****   while (1)
 245              		.loc 1 378 3 view .LVU41
 379:Core/Src/main.c ****   {
 380:Core/Src/main.c ****   }
 246              		.loc 1 380 3 view .LVU42
 378:Core/Src/main.c ****   while (1)
 247              		.loc 1 378 9 view .LVU43
 248 0002 FEE7     		b	.L19
 249              		.cfi_endproc
 250              	.LFE78:
 252              		.section	.text.MX_ADC1_Init,"ax",%progbits
 253              		.align	1
 254              		.syntax unified
 255              		.thumb
 256              		.thumb_func
 258              	MX_ADC1_Init:
 259              	.LFB72:
 201:Core/Src/main.c **** 
 260              		.loc 1 201 1 view -0
 261              		.cfi_startproc
 262              		@ args = 0, pretend = 0, frame = 16
 263              		@ frame_needed = 0, uses_anonymous_args = 0
 264 0000 00B5     		push	{lr}
 265              	.LCFI7:
 266              		.cfi_def_cfa_offset 4
 267              		.cfi_offset 14, -4
 268 0002 85B0     		sub	sp, sp, #20
 269              	.LCFI8:
 270              		.cfi_def_cfa_offset 24
 207:Core/Src/main.c **** 
 271              		.loc 1 207 3 view .LVU45
 207:Core/Src/main.c **** 
ARM GAS  /tmp/ccEHhYOu.s 			page 15


 272              		.loc 1 207 26 is_stmt 0 view .LVU46
 273 0004 0023     		movs	r3, #0
 274 0006 0193     		str	r3, [sp, #4]
 275 0008 0293     		str	r3, [sp, #8]
 276 000a 0393     		str	r3, [sp, #12]
 215:Core/Src/main.c ****   hadc1.Init.ScanConvMode = ADC_SCAN_DISABLE;
 277              		.loc 1 215 3 is_stmt 1 view .LVU47
 215:Core/Src/main.c ****   hadc1.Init.ScanConvMode = ADC_SCAN_DISABLE;
 278              		.loc 1 215 18 is_stmt 0 view .LVU48
 279 000c 0F48     		ldr	r0, .L26
 280 000e 104A     		ldr	r2, .L26+4
 281 0010 0260     		str	r2, [r0]
 216:Core/Src/main.c ****   hadc1.Init.ContinuousConvMode = ENABLE;
 282              		.loc 1 216 3 is_stmt 1 view .LVU49
 216:Core/Src/main.c ****   hadc1.Init.ContinuousConvMode = ENABLE;
 283              		.loc 1 216 27 is_stmt 0 view .LVU50
 284 0012 8360     		str	r3, [r0, #8]
 217:Core/Src/main.c ****   hadc1.Init.DiscontinuousConvMode = DISABLE;
 285              		.loc 1 217 3 is_stmt 1 view .LVU51
 217:Core/Src/main.c ****   hadc1.Init.DiscontinuousConvMode = DISABLE;
 286              		.loc 1 217 33 is_stmt 0 view .LVU52
 287 0014 0122     		movs	r2, #1
 288 0016 0273     		strb	r2, [r0, #12]
 218:Core/Src/main.c ****   hadc1.Init.ExternalTrigConv = ADC_SOFTWARE_START;
 289              		.loc 1 218 3 is_stmt 1 view .LVU53
 218:Core/Src/main.c ****   hadc1.Init.ExternalTrigConv = ADC_SOFTWARE_START;
 290              		.loc 1 218 36 is_stmt 0 view .LVU54
 291 0018 0375     		strb	r3, [r0, #20]
 219:Core/Src/main.c ****   hadc1.Init.DataAlign = ADC_DATAALIGN_RIGHT;
 292              		.loc 1 219 3 is_stmt 1 view .LVU55
 219:Core/Src/main.c ****   hadc1.Init.DataAlign = ADC_DATAALIGN_RIGHT;
 293              		.loc 1 219 31 is_stmt 0 view .LVU56
 294 001a 4FF46021 		mov	r1, #917504
 295 001e C161     		str	r1, [r0, #28]
 220:Core/Src/main.c ****   hadc1.Init.NbrOfConversion = 1;
 296              		.loc 1 220 3 is_stmt 1 view .LVU57
 220:Core/Src/main.c ****   hadc1.Init.NbrOfConversion = 1;
 297              		.loc 1 220 24 is_stmt 0 view .LVU58
 298 0020 4360     		str	r3, [r0, #4]
 221:Core/Src/main.c ****   if (HAL_ADC_Init(&hadc1) != HAL_OK)
 299              		.loc 1 221 3 is_stmt 1 view .LVU59
 221:Core/Src/main.c ****   if (HAL_ADC_Init(&hadc1) != HAL_OK)
 300              		.loc 1 221 30 is_stmt 0 view .LVU60
 301 0022 0261     		str	r2, [r0, #16]
 222:Core/Src/main.c ****   {
 302              		.loc 1 222 3 is_stmt 1 view .LVU61
 222:Core/Src/main.c ****   {
 303              		.loc 1 222 7 is_stmt 0 view .LVU62
 304 0024 FFF7FEFF 		bl	HAL_ADC_Init
 305              	.LVL9:
 222:Core/Src/main.c ****   {
 306              		.loc 1 222 6 discriminator 1 view .LVU63
 307 0028 60B9     		cbnz	r0, .L24
 229:Core/Src/main.c ****   sConfig.Rank = ADC_REGULAR_RANK_1;
 308              		.loc 1 229 3 is_stmt 1 view .LVU64
 229:Core/Src/main.c ****   sConfig.Rank = ADC_REGULAR_RANK_1;
 309              		.loc 1 229 19 is_stmt 0 view .LVU65
ARM GAS  /tmp/ccEHhYOu.s 			page 16


 310 002a 0123     		movs	r3, #1
 311 002c 0193     		str	r3, [sp, #4]
 230:Core/Src/main.c ****   sConfig.SamplingTime = ADC_SAMPLETIME_1CYCLE_5;
 312              		.loc 1 230 3 is_stmt 1 view .LVU66
 230:Core/Src/main.c ****   sConfig.SamplingTime = ADC_SAMPLETIME_1CYCLE_5;
 313              		.loc 1 230 16 is_stmt 0 view .LVU67
 314 002e 0293     		str	r3, [sp, #8]
 231:Core/Src/main.c ****   if (HAL_ADC_ConfigChannel(&hadc1, &sConfig) != HAL_OK)
 315              		.loc 1 231 3 is_stmt 1 view .LVU68
 231:Core/Src/main.c ****   if (HAL_ADC_ConfigChannel(&hadc1, &sConfig) != HAL_OK)
 316              		.loc 1 231 24 is_stmt 0 view .LVU69
 317 0030 0023     		movs	r3, #0
 318 0032 0393     		str	r3, [sp, #12]
 232:Core/Src/main.c ****   {
 319              		.loc 1 232 3 is_stmt 1 view .LVU70
 232:Core/Src/main.c ****   {
 320              		.loc 1 232 7 is_stmt 0 view .LVU71
 321 0034 01A9     		add	r1, sp, #4
 322 0036 0548     		ldr	r0, .L26
 323 0038 FFF7FEFF 		bl	HAL_ADC_ConfigChannel
 324              	.LVL10:
 232:Core/Src/main.c ****   {
 325              		.loc 1 232 6 discriminator 1 view .LVU72
 326 003c 20B9     		cbnz	r0, .L25
 240:Core/Src/main.c **** 
 327              		.loc 1 240 1 view .LVU73
 328 003e 05B0     		add	sp, sp, #20
 329              	.LCFI9:
 330              		.cfi_remember_state
 331              		.cfi_def_cfa_offset 4
 332              		@ sp needed
 333 0040 5DF804FB 		ldr	pc, [sp], #4
 334              	.L24:
 335              	.LCFI10:
 336              		.cfi_restore_state
 224:Core/Src/main.c ****   }
 337              		.loc 1 224 5 is_stmt 1 view .LVU74
 338 0044 FFF7FEFF 		bl	Error_Handler
 339              	.LVL11:
 340              	.L25:
 234:Core/Src/main.c ****   }
 341              		.loc 1 234 5 view .LVU75
 342 0048 FFF7FEFF 		bl	Error_Handler
 343              	.LVL12:
 344              	.L27:
 345              		.align	2
 346              	.L26:
 347 004c 00000000 		.word	hadc1
 348 0050 00240140 		.word	1073816576
 349              		.cfi_endproc
 350              	.LFE72:
 352              		.section	.text.MX_ADC2_Init,"ax",%progbits
 353              		.align	1
 354              		.syntax unified
 355              		.thumb
 356              		.thumb_func
 358              	MX_ADC2_Init:
ARM GAS  /tmp/ccEHhYOu.s 			page 17


 359              	.LFB73:
 248:Core/Src/main.c **** 
 360              		.loc 1 248 1 view -0
 361              		.cfi_startproc
 362              		@ args = 0, pretend = 0, frame = 16
 363              		@ frame_needed = 0, uses_anonymous_args = 0
 364 0000 00B5     		push	{lr}
 365              	.LCFI11:
 366              		.cfi_def_cfa_offset 4
 367              		.cfi_offset 14, -4
 368 0002 85B0     		sub	sp, sp, #20
 369              	.LCFI12:
 370              		.cfi_def_cfa_offset 24
 254:Core/Src/main.c **** 
 371              		.loc 1 254 3 view .LVU77
 254:Core/Src/main.c **** 
 372              		.loc 1 254 26 is_stmt 0 view .LVU78
 373 0004 0023     		movs	r3, #0
 374 0006 0193     		str	r3, [sp, #4]
 375 0008 0293     		str	r3, [sp, #8]
 376 000a 0393     		str	r3, [sp, #12]
 262:Core/Src/main.c ****   hadc2.Init.ScanConvMode = ADC_SCAN_DISABLE;
 377              		.loc 1 262 3 is_stmt 1 view .LVU79
 262:Core/Src/main.c ****   hadc2.Init.ScanConvMode = ADC_SCAN_DISABLE;
 378              		.loc 1 262 18 is_stmt 0 view .LVU80
 379 000c 1048     		ldr	r0, .L34
 380 000e 114A     		ldr	r2, .L34+4
 381 0010 0260     		str	r2, [r0]
 263:Core/Src/main.c ****   hadc2.Init.ContinuousConvMode = DISABLE;
 382              		.loc 1 263 3 is_stmt 1 view .LVU81
 263:Core/Src/main.c ****   hadc2.Init.ContinuousConvMode = DISABLE;
 383              		.loc 1 263 27 is_stmt 0 view .LVU82
 384 0012 8360     		str	r3, [r0, #8]
 264:Core/Src/main.c ****   hadc2.Init.DiscontinuousConvMode = DISABLE;
 385              		.loc 1 264 3 is_stmt 1 view .LVU83
 264:Core/Src/main.c ****   hadc2.Init.DiscontinuousConvMode = DISABLE;
 386              		.loc 1 264 33 is_stmt 0 view .LVU84
 387 0014 0373     		strb	r3, [r0, #12]
 265:Core/Src/main.c ****   hadc2.Init.ExternalTrigConv = ADC_SOFTWARE_START;
 388              		.loc 1 265 3 is_stmt 1 view .LVU85
 265:Core/Src/main.c ****   hadc2.Init.ExternalTrigConv = ADC_SOFTWARE_START;
 389              		.loc 1 265 36 is_stmt 0 view .LVU86
 390 0016 0375     		strb	r3, [r0, #20]
 266:Core/Src/main.c ****   hadc2.Init.DataAlign = ADC_DATAALIGN_RIGHT;
 391              		.loc 1 266 3 is_stmt 1 view .LVU87
 266:Core/Src/main.c ****   hadc2.Init.DataAlign = ADC_DATAALIGN_RIGHT;
 392              		.loc 1 266 31 is_stmt 0 view .LVU88
 393 0018 4FF46022 		mov	r2, #917504
 394 001c C261     		str	r2, [r0, #28]
 267:Core/Src/main.c ****   hadc2.Init.NbrOfConversion = 1;
 395              		.loc 1 267 3 is_stmt 1 view .LVU89
 267:Core/Src/main.c ****   hadc2.Init.NbrOfConversion = 1;
 396              		.loc 1 267 24 is_stmt 0 view .LVU90
 397 001e 4360     		str	r3, [r0, #4]
 268:Core/Src/main.c ****   if (HAL_ADC_Init(&hadc2) != HAL_OK)
 398              		.loc 1 268 3 is_stmt 1 view .LVU91
 268:Core/Src/main.c ****   if (HAL_ADC_Init(&hadc2) != HAL_OK)
ARM GAS  /tmp/ccEHhYOu.s 			page 18


 399              		.loc 1 268 30 is_stmt 0 view .LVU92
 400 0020 0123     		movs	r3, #1
 401 0022 0361     		str	r3, [r0, #16]
 269:Core/Src/main.c ****   {
 402              		.loc 1 269 3 is_stmt 1 view .LVU93
 269:Core/Src/main.c ****   {
 403              		.loc 1 269 7 is_stmt 0 view .LVU94
 404 0024 FFF7FEFF 		bl	HAL_ADC_Init
 405              	.LVL13:
 269:Core/Src/main.c ****   {
 406              		.loc 1 269 6 discriminator 1 view .LVU95
 407 0028 68B9     		cbnz	r0, .L32
 276:Core/Src/main.c ****   sConfig.Rank = ADC_REGULAR_RANK_1;
 408              		.loc 1 276 3 is_stmt 1 view .LVU96
 276:Core/Src/main.c ****   sConfig.Rank = ADC_REGULAR_RANK_1;
 409              		.loc 1 276 19 is_stmt 0 view .LVU97
 410 002a 0223     		movs	r3, #2
 411 002c 0193     		str	r3, [sp, #4]
 277:Core/Src/main.c ****   sConfig.SamplingTime = ADC_SAMPLETIME_1CYCLE_5;
 412              		.loc 1 277 3 is_stmt 1 view .LVU98
 277:Core/Src/main.c ****   sConfig.SamplingTime = ADC_SAMPLETIME_1CYCLE_5;
 413              		.loc 1 277 16 is_stmt 0 view .LVU99
 414 002e 0123     		movs	r3, #1
 415 0030 0293     		str	r3, [sp, #8]
 278:Core/Src/main.c ****   if (HAL_ADC_ConfigChannel(&hadc2, &sConfig) != HAL_OK)
 416              		.loc 1 278 3 is_stmt 1 view .LVU100
 278:Core/Src/main.c ****   if (HAL_ADC_ConfigChannel(&hadc2, &sConfig) != HAL_OK)
 417              		.loc 1 278 24 is_stmt 0 view .LVU101
 418 0032 0023     		movs	r3, #0
 419 0034 0393     		str	r3, [sp, #12]
 279:Core/Src/main.c ****   {
 420              		.loc 1 279 3 is_stmt 1 view .LVU102
 279:Core/Src/main.c ****   {
 421              		.loc 1 279 7 is_stmt 0 view .LVU103
 422 0036 01A9     		add	r1, sp, #4
 423 0038 0548     		ldr	r0, .L34
 424 003a FFF7FEFF 		bl	HAL_ADC_ConfigChannel
 425              	.LVL14:
 279:Core/Src/main.c ****   {
 426              		.loc 1 279 6 discriminator 1 view .LVU104
 427 003e 20B9     		cbnz	r0, .L33
 287:Core/Src/main.c **** 
 428              		.loc 1 287 1 view .LVU105
 429 0040 05B0     		add	sp, sp, #20
 430              	.LCFI13:
 431              		.cfi_remember_state
 432              		.cfi_def_cfa_offset 4
 433              		@ sp needed
 434 0042 5DF804FB 		ldr	pc, [sp], #4
 435              	.L32:
 436              	.LCFI14:
 437              		.cfi_restore_state
 271:Core/Src/main.c ****   }
 438              		.loc 1 271 5 is_stmt 1 view .LVU106
 439 0046 FFF7FEFF 		bl	Error_Handler
 440              	.LVL15:
 441              	.L33:
ARM GAS  /tmp/ccEHhYOu.s 			page 19


 281:Core/Src/main.c ****   }
 442              		.loc 1 281 5 view .LVU107
 443 004a FFF7FEFF 		bl	Error_Handler
 444              	.LVL16:
 445              	.L35:
 446 004e 00BF     		.align	2
 447              	.L34:
 448 0050 00000000 		.word	hadc2
 449 0054 00280140 		.word	1073817600
 450              		.cfi_endproc
 451              	.LFE73:
 453              		.section	.text.SystemClock_Config,"ax",%progbits
 454              		.align	1
 455              		.global	SystemClock_Config
 456              		.syntax unified
 457              		.thumb
 458              		.thumb_func
 460              	SystemClock_Config:
 461              	.LFB71:
 154:Core/Src/main.c ****   RCC_OscInitTypeDef RCC_OscInitStruct = {0};
 462              		.loc 1 154 1 view -0
 463              		.cfi_startproc
 464              		@ args = 0, pretend = 0, frame = 80
 465              		@ frame_needed = 0, uses_anonymous_args = 0
 466 0000 00B5     		push	{lr}
 467              	.LCFI15:
 468              		.cfi_def_cfa_offset 4
 469              		.cfi_offset 14, -4
 470 0002 95B0     		sub	sp, sp, #84
 471              	.LCFI16:
 472              		.cfi_def_cfa_offset 88
 155:Core/Src/main.c ****   RCC_ClkInitTypeDef RCC_ClkInitStruct = {0};
 473              		.loc 1 155 3 view .LVU109
 155:Core/Src/main.c ****   RCC_ClkInitTypeDef RCC_ClkInitStruct = {0};
 474              		.loc 1 155 22 is_stmt 0 view .LVU110
 475 0004 2822     		movs	r2, #40
 476 0006 0021     		movs	r1, #0
 477 0008 0DEB0200 		add	r0, sp, r2
 478 000c FFF7FEFF 		bl	memset
 479              	.LVL17:
 156:Core/Src/main.c ****   RCC_PeriphCLKInitTypeDef PeriphClkInit = {0};
 480              		.loc 1 156 3 is_stmt 1 view .LVU111
 156:Core/Src/main.c ****   RCC_PeriphCLKInitTypeDef PeriphClkInit = {0};
 481              		.loc 1 156 22 is_stmt 0 view .LVU112
 482 0010 0023     		movs	r3, #0
 483 0012 0593     		str	r3, [sp, #20]
 484 0014 0693     		str	r3, [sp, #24]
 485 0016 0793     		str	r3, [sp, #28]
 486 0018 0893     		str	r3, [sp, #32]
 487 001a 0993     		str	r3, [sp, #36]
 157:Core/Src/main.c **** 
 488              		.loc 1 157 3 is_stmt 1 view .LVU113
 157:Core/Src/main.c **** 
 489              		.loc 1 157 28 is_stmt 0 view .LVU114
 490 001c 0193     		str	r3, [sp, #4]
 491 001e 0293     		str	r3, [sp, #8]
 492 0020 0393     		str	r3, [sp, #12]
ARM GAS  /tmp/ccEHhYOu.s 			page 20


 493 0022 0493     		str	r3, [sp, #16]
 162:Core/Src/main.c ****   RCC_OscInitStruct.HSEState = RCC_HSE_ON;
 494              		.loc 1 162 3 is_stmt 1 view .LVU115
 162:Core/Src/main.c ****   RCC_OscInitStruct.HSEState = RCC_HSE_ON;
 495              		.loc 1 162 36 is_stmt 0 view .LVU116
 496 0024 0122     		movs	r2, #1
 497 0026 0A92     		str	r2, [sp, #40]
 163:Core/Src/main.c ****   RCC_OscInitStruct.HSEPredivValue = RCC_HSE_PREDIV_DIV1;
 498              		.loc 1 163 3 is_stmt 1 view .LVU117
 163:Core/Src/main.c ****   RCC_OscInitStruct.HSEPredivValue = RCC_HSE_PREDIV_DIV1;
 499              		.loc 1 163 30 is_stmt 0 view .LVU118
 500 0028 4FF48033 		mov	r3, #65536
 501 002c 0B93     		str	r3, [sp, #44]
 164:Core/Src/main.c ****   RCC_OscInitStruct.HSIState = RCC_HSI_ON;
 502              		.loc 1 164 3 is_stmt 1 view .LVU119
 165:Core/Src/main.c ****   RCC_OscInitStruct.PLL.PLLState = RCC_PLL_ON;
 503              		.loc 1 165 3 view .LVU120
 165:Core/Src/main.c ****   RCC_OscInitStruct.PLL.PLLState = RCC_PLL_ON;
 504              		.loc 1 165 30 is_stmt 0 view .LVU121
 505 002e 0E92     		str	r2, [sp, #56]
 166:Core/Src/main.c ****   RCC_OscInitStruct.PLL.PLLSource = RCC_PLLSOURCE_HSE;
 506              		.loc 1 166 3 is_stmt 1 view .LVU122
 166:Core/Src/main.c ****   RCC_OscInitStruct.PLL.PLLSource = RCC_PLLSOURCE_HSE;
 507              		.loc 1 166 34 is_stmt 0 view .LVU123
 508 0030 0222     		movs	r2, #2
 509 0032 1192     		str	r2, [sp, #68]
 167:Core/Src/main.c ****   RCC_OscInitStruct.PLL.PLLMUL = RCC_PLL_MUL9;
 510              		.loc 1 167 3 is_stmt 1 view .LVU124
 167:Core/Src/main.c ****   RCC_OscInitStruct.PLL.PLLMUL = RCC_PLL_MUL9;
 511              		.loc 1 167 35 is_stmt 0 view .LVU125
 512 0034 1293     		str	r3, [sp, #72]
 168:Core/Src/main.c ****   if (HAL_RCC_OscConfig(&RCC_OscInitStruct) != HAL_OK)
 513              		.loc 1 168 3 is_stmt 1 view .LVU126
 168:Core/Src/main.c ****   if (HAL_RCC_OscConfig(&RCC_OscInitStruct) != HAL_OK)
 514              		.loc 1 168 32 is_stmt 0 view .LVU127
 515 0036 4FF4E013 		mov	r3, #1835008
 516 003a 1393     		str	r3, [sp, #76]
 169:Core/Src/main.c ****   {
 517              		.loc 1 169 3 is_stmt 1 view .LVU128
 169:Core/Src/main.c ****   {
 518              		.loc 1 169 7 is_stmt 0 view .LVU129
 519 003c 0AA8     		add	r0, sp, #40
 520 003e FFF7FEFF 		bl	HAL_RCC_OscConfig
 521              	.LVL18:
 169:Core/Src/main.c ****   {
 522              		.loc 1 169 6 discriminator 1 view .LVU130
 523 0042 C8B9     		cbnz	r0, .L41
 176:Core/Src/main.c ****                               |RCC_CLOCKTYPE_PCLK1|RCC_CLOCKTYPE_PCLK2;
 524              		.loc 1 176 3 is_stmt 1 view .LVU131
 176:Core/Src/main.c ****                               |RCC_CLOCKTYPE_PCLK1|RCC_CLOCKTYPE_PCLK2;
 525              		.loc 1 176 31 is_stmt 0 view .LVU132
 526 0044 0F23     		movs	r3, #15
 527 0046 0593     		str	r3, [sp, #20]
 178:Core/Src/main.c ****   RCC_ClkInitStruct.AHBCLKDivider = RCC_SYSCLK_DIV1;
 528              		.loc 1 178 3 is_stmt 1 view .LVU133
 178:Core/Src/main.c ****   RCC_ClkInitStruct.AHBCLKDivider = RCC_SYSCLK_DIV1;
 529              		.loc 1 178 34 is_stmt 0 view .LVU134
ARM GAS  /tmp/ccEHhYOu.s 			page 21


 530 0048 0221     		movs	r1, #2
 531 004a 0691     		str	r1, [sp, #24]
 179:Core/Src/main.c ****   RCC_ClkInitStruct.APB1CLKDivider = RCC_HCLK_DIV2;
 532              		.loc 1 179 3 is_stmt 1 view .LVU135
 179:Core/Src/main.c ****   RCC_ClkInitStruct.APB1CLKDivider = RCC_HCLK_DIV2;
 533              		.loc 1 179 35 is_stmt 0 view .LVU136
 534 004c 0023     		movs	r3, #0
 535 004e 0793     		str	r3, [sp, #28]
 180:Core/Src/main.c ****   RCC_ClkInitStruct.APB2CLKDivider = RCC_HCLK_DIV1;
 536              		.loc 1 180 3 is_stmt 1 view .LVU137
 180:Core/Src/main.c ****   RCC_ClkInitStruct.APB2CLKDivider = RCC_HCLK_DIV1;
 537              		.loc 1 180 36 is_stmt 0 view .LVU138
 538 0050 4FF48062 		mov	r2, #1024
 539 0054 0892     		str	r2, [sp, #32]
 181:Core/Src/main.c **** 
 540              		.loc 1 181 3 is_stmt 1 view .LVU139
 181:Core/Src/main.c **** 
 541              		.loc 1 181 36 is_stmt 0 view .LVU140
 542 0056 0993     		str	r3, [sp, #36]
 183:Core/Src/main.c ****   {
 543              		.loc 1 183 3 is_stmt 1 view .LVU141
 183:Core/Src/main.c ****   {
 544              		.loc 1 183 7 is_stmt 0 view .LVU142
 545 0058 05A8     		add	r0, sp, #20
 546 005a FFF7FEFF 		bl	HAL_RCC_ClockConfig
 547              	.LVL19:
 183:Core/Src/main.c ****   {
 548              		.loc 1 183 6 discriminator 1 view .LVU143
 549 005e 68B9     		cbnz	r0, .L42
 187:Core/Src/main.c ****   PeriphClkInit.AdcClockSelection = RCC_ADCPCLK2_DIV6;
 550              		.loc 1 187 3 is_stmt 1 view .LVU144
 187:Core/Src/main.c ****   PeriphClkInit.AdcClockSelection = RCC_ADCPCLK2_DIV6;
 551              		.loc 1 187 38 is_stmt 0 view .LVU145
 552 0060 0223     		movs	r3, #2
 553 0062 0193     		str	r3, [sp, #4]
 188:Core/Src/main.c ****   if (HAL_RCCEx_PeriphCLKConfig(&PeriphClkInit) != HAL_OK)
 554              		.loc 1 188 3 is_stmt 1 view .LVU146
 188:Core/Src/main.c ****   if (HAL_RCCEx_PeriphCLKConfig(&PeriphClkInit) != HAL_OK)
 555              		.loc 1 188 35 is_stmt 0 view .LVU147
 556 0064 4FF40043 		mov	r3, #32768
 557 0068 0393     		str	r3, [sp, #12]
 189:Core/Src/main.c ****   {
 558              		.loc 1 189 3 is_stmt 1 view .LVU148
 189:Core/Src/main.c ****   {
 559              		.loc 1 189 7 is_stmt 0 view .LVU149
 560 006a 01A8     		add	r0, sp, #4
 561 006c FFF7FEFF 		bl	HAL_RCCEx_PeriphCLKConfig
 562              	.LVL20:
 189:Core/Src/main.c ****   {
 563              		.loc 1 189 6 discriminator 1 view .LVU150
 564 0070 30B9     		cbnz	r0, .L43
 193:Core/Src/main.c **** 
 565              		.loc 1 193 1 view .LVU151
 566 0072 15B0     		add	sp, sp, #84
 567              	.LCFI17:
 568              		.cfi_remember_state
 569              		.cfi_def_cfa_offset 4
ARM GAS  /tmp/ccEHhYOu.s 			page 22


 570              		@ sp needed
 571 0074 5DF804FB 		ldr	pc, [sp], #4
 572              	.L41:
 573              	.LCFI18:
 574              		.cfi_restore_state
 171:Core/Src/main.c ****   }
 575              		.loc 1 171 5 is_stmt 1 view .LVU152
 576 0078 FFF7FEFF 		bl	Error_Handler
 577              	.LVL21:
 578              	.L42:
 185:Core/Src/main.c ****   }
 579              		.loc 1 185 5 view .LVU153
 580 007c FFF7FEFF 		bl	Error_Handler
 581              	.LVL22:
 582              	.L43:
 191:Core/Src/main.c ****   }
 583              		.loc 1 191 5 view .LVU154
 584 0080 FFF7FEFF 		bl	Error_Handler
 585              	.LVL23:
 586              		.cfi_endproc
 587              	.LFE71:
 589              		.section	.text.main,"ax",%progbits
 590              		.align	1
 591              		.global	main
 592              		.syntax unified
 593              		.thumb
 594              		.thumb_func
 596              	main:
 597              	.LFB70:
  76:Core/Src/main.c **** 
 598              		.loc 1 76 1 view -0
 599              		.cfi_startproc
 600              		@ Volatile: function does not return.
 601              		@ args = 0, pretend = 0, frame = 32
 602              		@ frame_needed = 0, uses_anonymous_args = 0
 603 0000 00B5     		push	{lr}
 604              	.LCFI19:
 605              		.cfi_def_cfa_offset 4
 606              		.cfi_offset 14, -4
 607 0002 89B0     		sub	sp, sp, #36
 608              	.LCFI20:
 609              		.cfi_def_cfa_offset 40
  85:Core/Src/main.c **** 
 610              		.loc 1 85 3 view .LVU156
 611 0004 FFF7FEFF 		bl	HAL_Init
 612              	.LVL24:
  92:Core/Src/main.c **** 
 613              		.loc 1 92 3 view .LVU157
 614 0008 FFF7FEFF 		bl	SystemClock_Config
 615              	.LVL25:
  99:Core/Src/main.c ****   MX_DMA_Init();
 616              		.loc 1 99 3 view .LVU158
 617 000c FFF7FEFF 		bl	MX_GPIO_Init
 618              	.LVL26:
 100:Core/Src/main.c ****   MX_ADC1_Init();
 619              		.loc 1 100 3 view .LVU159
 620 0010 FFF7FEFF 		bl	MX_DMA_Init
ARM GAS  /tmp/ccEHhYOu.s 			page 23


 621              	.LVL27:
 101:Core/Src/main.c ****   MX_ADC2_Init();
 622              		.loc 1 101 3 view .LVU160
 623 0014 FFF7FEFF 		bl	MX_ADC1_Init
 624              	.LVL28:
 102:Core/Src/main.c ****   /* USER CODE BEGIN 2 */
 625              		.loc 1 102 3 view .LVU161
 626 0018 FFF7FEFF 		bl	MX_ADC2_Init
 627              	.LVL29:
 105:Core/Src/main.c ****   /* USER CODE END 2 */
 628              		.loc 1 105 1 view .LVU162
 629 001c FFF7FEFF 		bl	Humidity_sensors_init
 630              	.LVL30:
 126:Core/Src/main.c ****   defaultTaskHandle = osThreadCreate(osThread(defaultTask), NULL);
 631              		.loc 1 126 3 view .LVU163
 632 0020 0DF1040C 		add	ip, sp, #4
 633 0024 084C     		ldr	r4, .L47
 634 0026 0FCC     		ldmia	r4!, {r0, r1, r2, r3}
 635 0028 ACE80F00 		stmia	ip!, {r0, r1, r2, r3}
 636 002c 94E80700 		ldm	r4, {r0, r1, r2}
 637 0030 8CE80700 		stm	ip, {r0, r1, r2}
 127:Core/Src/main.c **** 
 638              		.loc 1 127 3 view .LVU164
 127:Core/Src/main.c **** 
 639              		.loc 1 127 23 is_stmt 0 view .LVU165
 640 0034 0021     		movs	r1, #0
 641 0036 01A8     		add	r0, sp, #4
 642 0038 FFF7FEFF 		bl	osThreadCreate
 643              	.LVL31:
 127:Core/Src/main.c **** 
 644              		.loc 1 127 21 discriminator 1 view .LVU166
 645 003c 034B     		ldr	r3, .L47+4
 646 003e 1860     		str	r0, [r3]
 134:Core/Src/main.c **** 
 647              		.loc 1 134 3 is_stmt 1 view .LVU167
 648 0040 FFF7FEFF 		bl	osKernelStart
 649              	.LVL32:
 650              	.L45:
 140:Core/Src/main.c ****   {
 651              		.loc 1 140 3 view .LVU168
 145:Core/Src/main.c ****   /* USER CODE END 3 */
 652              		.loc 1 145 3 view .LVU169
 140:Core/Src/main.c ****   {
 653              		.loc 1 140 9 view .LVU170
 654 0044 FEE7     		b	.L45
 655              	.L48:
 656 0046 00BF     		.align	2
 657              	.L47:
 658 0048 00000000 		.word	.LANCHOR0
 659 004c 00000000 		.word	defaultTaskHandle
 660              		.cfi_endproc
 661              	.LFE70:
 663              		.section	.rodata.str1.4,"aMS",%progbits,1
 664              		.align	2
 665              	.LC0:
 666 0000 64656661 		.ascii	"defaultTask\000"
 666      756C7454 
ARM GAS  /tmp/ccEHhYOu.s 			page 24


 666      61736B00 
 667              		.global	defaultTaskHandle
 668              		.section	.bss.defaultTaskHandle,"aw",%nobits
 669              		.align	2
 672              	defaultTaskHandle:
 673 0000 00000000 		.space	4
 674              		.global	hdma_adc1
 675              		.section	.bss.hdma_adc1,"aw",%nobits
 676              		.align	2
 679              	hdma_adc1:
 680 0000 00000000 		.space	68
 680      00000000 
 680      00000000 
 680      00000000 
 680      00000000 
 681              		.global	hadc2
 682              		.section	.bss.hadc2,"aw",%nobits
 683              		.align	2
 686              	hadc2:
 687 0000 00000000 		.space	48
 687      00000000 
 687      00000000 
 687      00000000 
 687      00000000 
 688              		.global	hadc1
 689              		.section	.bss.hadc1,"aw",%nobits
 690              		.align	2
 693              	hadc1:
 694 0000 00000000 		.space	48
 694      00000000 
 694      00000000 
 694      00000000 
 694      00000000 
 695              		.section	.rodata
 696              		.align	2
 697              		.set	.LANCHOR0,. + 0
 698              	.LC2:
 699 0000 00000000 		.word	.LC0
 700 0004 00000000 		.word	StartDefaultTask
 701 0008 0000     		.short	0
 702 000a 0000     		.space	2
 703 000c 00000000 		.word	0
 704 0010 80000000 		.word	128
 705 0014 00000000 		.word	0
 706 0018 00000000 		.word	0
 707              		.text
 708              	.Letext0:
 709              		.file 3 "Drivers/CMSIS/Device/ST/STM32F1xx/Include/stm32f103xb.h"
 710              		.file 4 "/usr/lib/gcc/arm-none-eabi/13.2.1/include/stdint.h"
 711              		.file 5 "Drivers/CMSIS/Device/ST/STM32F1xx/Include/stm32f1xx.h"
 712              		.file 6 "Drivers/STM32F1xx_HAL_Driver/Inc/stm32f1xx_hal_def.h"
 713              		.file 7 "Drivers/STM32F1xx_HAL_Driver/Inc/stm32f1xx_hal_rcc.h"
 714              		.file 8 "Drivers/STM32F1xx_HAL_Driver/Inc/stm32f1xx_hal_rcc_ex.h"
 715              		.file 9 "Drivers/STM32F1xx_HAL_Driver/Inc/stm32f1xx_hal_dma.h"
 716              		.file 10 "Drivers/STM32F1xx_HAL_Driver/Inc/stm32f1xx_hal_adc.h"
 717              		.file 11 "Drivers/STM32F1xx_HAL_Driver/Inc/stm32f1xx_hal_tim.h"
 718              		.file 12 "Middlewares/Third_Party/FreeRTOS/Source/portable/GCC/ARM_CM3/portmacro.h"
ARM GAS  /tmp/ccEHhYOu.s 			page 25


 719              		.file 13 "Middlewares/Third_Party/FreeRTOS/Source/include/FreeRTOS.h"
 720              		.file 14 "Middlewares/Third_Party/FreeRTOS/Source/include/task.h"
 721              		.file 15 "Middlewares/Third_Party/FreeRTOS/Source/CMSIS_RTOS/cmsis_os.h"
 722              		.file 16 "Drivers/STM32F1xx_HAL_Driver/Inc/stm32f1xx_hal_cortex.h"
 723              		.file 17 "Drivers/STM32F1xx_HAL_Driver/Inc/stm32f1xx_hal.h"
 724              		.file 18 "Core/Modules/Sensors_Module/Humidity_sensor/Humidity_sensor.h"
 725              		.file 19 "<built-in>"
ARM GAS  /tmp/ccEHhYOu.s 			page 26


DEFINED SYMBOLS
                            *ABS*:00000000 main.c
     /tmp/ccEHhYOu.s:19     .text.MX_GPIO_Init:00000000 $t
     /tmp/ccEHhYOu.s:24     .text.MX_GPIO_Init:00000000 MX_GPIO_Init
     /tmp/ccEHhYOu.s:74     .text.MX_GPIO_Init:0000002c $d
     /tmp/ccEHhYOu.s:79     .text.MX_DMA_Init:00000000 $t
     /tmp/ccEHhYOu.s:84     .text.MX_DMA_Init:00000000 MX_DMA_Init
     /tmp/ccEHhYOu.s:132    .text.MX_DMA_Init:00000030 $d
     /tmp/ccEHhYOu.s:137    .text.StartDefaultTask:00000000 $t
     /tmp/ccEHhYOu.s:143    .text.StartDefaultTask:00000000 StartDefaultTask
     /tmp/ccEHhYOu.s:170    .text.HAL_TIM_PeriodElapsedCallback:00000000 $t
     /tmp/ccEHhYOu.s:176    .text.HAL_TIM_PeriodElapsedCallback:00000000 HAL_TIM_PeriodElapsedCallback
     /tmp/ccEHhYOu.s:210    .text.HAL_TIM_PeriodElapsedCallback:00000014 $d
     /tmp/ccEHhYOu.s:215    .text.Error_Handler:00000000 $t
     /tmp/ccEHhYOu.s:221    .text.Error_Handler:00000000 Error_Handler
     /tmp/ccEHhYOu.s:253    .text.MX_ADC1_Init:00000000 $t
     /tmp/ccEHhYOu.s:258    .text.MX_ADC1_Init:00000000 MX_ADC1_Init
     /tmp/ccEHhYOu.s:347    .text.MX_ADC1_Init:0000004c $d
     /tmp/ccEHhYOu.s:693    .bss.hadc1:00000000 hadc1
     /tmp/ccEHhYOu.s:353    .text.MX_ADC2_Init:00000000 $t
     /tmp/ccEHhYOu.s:358    .text.MX_ADC2_Init:00000000 MX_ADC2_Init
     /tmp/ccEHhYOu.s:448    .text.MX_ADC2_Init:00000050 $d
     /tmp/ccEHhYOu.s:686    .bss.hadc2:00000000 hadc2
     /tmp/ccEHhYOu.s:454    .text.SystemClock_Config:00000000 $t
     /tmp/ccEHhYOu.s:460    .text.SystemClock_Config:00000000 SystemClock_Config
     /tmp/ccEHhYOu.s:590    .text.main:00000000 $t
     /tmp/ccEHhYOu.s:596    .text.main:00000000 main
     /tmp/ccEHhYOu.s:658    .text.main:00000048 $d
     /tmp/ccEHhYOu.s:672    .bss.defaultTaskHandle:00000000 defaultTaskHandle
     /tmp/ccEHhYOu.s:664    .rodata.str1.4:00000000 $d
     /tmp/ccEHhYOu.s:669    .bss.defaultTaskHandle:00000000 $d
     /tmp/ccEHhYOu.s:679    .bss.hdma_adc1:00000000 hdma_adc1
     /tmp/ccEHhYOu.s:676    .bss.hdma_adc1:00000000 $d
     /tmp/ccEHhYOu.s:683    .bss.hadc2:00000000 $d
     /tmp/ccEHhYOu.s:690    .bss.hadc1:00000000 $d
     /tmp/ccEHhYOu.s:696    .rodata:00000000 $d

UNDEFINED SYMBOLS
HAL_NVIC_SetPriority
HAL_NVIC_EnableIRQ
osDelay
HAL_IncTick
HAL_ADC_Init
HAL_ADC_ConfigChannel
memset
HAL_RCC_OscConfig
HAL_RCC_ClockConfig
HAL_RCCEx_PeriphCLKConfig
HAL_Init
Humidity_sensors_init
osThreadCreate
osKernelStart
