ARM GAS  /tmp/ccAfPGHk.s 			page 1


   1              		.cpu cortex-m3
   2              		.arch armv7-m
   3              		.fpu softvfp
   4              		.eabi_attribute 20, 1
   5              		.eabi_attribute 21, 1
   6              		.eabi_attribute 23, 3
   7              		.eabi_attribute 24, 1
   8              		.eabi_attribute 25, 1
   9              		.eabi_attribute 26, 1
  10              		.eabi_attribute 30, 1
  11              		.eabi_attribute 34, 1
  12              		.eabi_attribute 18, 4
  13              		.file	"stm32f1xx_hal_msp.c"
  14              		.text
  15              	.Ltext0:
  16              		.cfi_sections	.debug_frame
  17              		.file 1 "Core/Src/stm32f1xx_hal_msp.c"
  18              		.section	.text.HAL_MspInit,"ax",%progbits
  19              		.align	1
  20              		.global	HAL_MspInit
  21              		.syntax unified
  22              		.thumb
  23              		.thumb_func
  25              	HAL_MspInit:
  26              	.LFB65:
   1:Core/Src/stm32f1xx_hal_msp.c **** /* USER CODE BEGIN Header */
   2:Core/Src/stm32f1xx_hal_msp.c **** /**
   3:Core/Src/stm32f1xx_hal_msp.c ****   ******************************************************************************
   4:Core/Src/stm32f1xx_hal_msp.c ****   * @file         stm32f1xx_hal_msp.c
   5:Core/Src/stm32f1xx_hal_msp.c ****   * @brief        This file provides code for the MSP Initialization
   6:Core/Src/stm32f1xx_hal_msp.c ****   *               and de-Initialization codes.
   7:Core/Src/stm32f1xx_hal_msp.c ****   ******************************************************************************
   8:Core/Src/stm32f1xx_hal_msp.c ****   * @attention
   9:Core/Src/stm32f1xx_hal_msp.c ****   *
  10:Core/Src/stm32f1xx_hal_msp.c ****   * Copyright (c) 2025 STMicroelectronics.
  11:Core/Src/stm32f1xx_hal_msp.c ****   * All rights reserved.
  12:Core/Src/stm32f1xx_hal_msp.c ****   *
  13:Core/Src/stm32f1xx_hal_msp.c ****   * This software is licensed under terms that can be found in the LICENSE file
  14:Core/Src/stm32f1xx_hal_msp.c ****   * in the root directory of this software component.
  15:Core/Src/stm32f1xx_hal_msp.c ****   * If no LICENSE file comes with this software, it is provided AS-IS.
  16:Core/Src/stm32f1xx_hal_msp.c ****   *
  17:Core/Src/stm32f1xx_hal_msp.c ****   ******************************************************************************
  18:Core/Src/stm32f1xx_hal_msp.c ****   */
  19:Core/Src/stm32f1xx_hal_msp.c **** /* USER CODE END Header */
  20:Core/Src/stm32f1xx_hal_msp.c **** 
  21:Core/Src/stm32f1xx_hal_msp.c **** /* Includes ------------------------------------------------------------------*/
  22:Core/Src/stm32f1xx_hal_msp.c **** #include "main.h"
  23:Core/Src/stm32f1xx_hal_msp.c **** /* USER CODE BEGIN Includes */
  24:Core/Src/stm32f1xx_hal_msp.c **** 
  25:Core/Src/stm32f1xx_hal_msp.c **** /* USER CODE END Includes */
  26:Core/Src/stm32f1xx_hal_msp.c **** extern DMA_HandleTypeDef hdma_adc1;
  27:Core/Src/stm32f1xx_hal_msp.c **** 
  28:Core/Src/stm32f1xx_hal_msp.c **** /* Private typedef -----------------------------------------------------------*/
  29:Core/Src/stm32f1xx_hal_msp.c **** /* USER CODE BEGIN TD */
  30:Core/Src/stm32f1xx_hal_msp.c **** 
  31:Core/Src/stm32f1xx_hal_msp.c **** /* USER CODE END TD */
  32:Core/Src/stm32f1xx_hal_msp.c **** 
ARM GAS  /tmp/ccAfPGHk.s 			page 2


  33:Core/Src/stm32f1xx_hal_msp.c **** /* Private define ------------------------------------------------------------*/
  34:Core/Src/stm32f1xx_hal_msp.c **** /* USER CODE BEGIN Define */
  35:Core/Src/stm32f1xx_hal_msp.c **** 
  36:Core/Src/stm32f1xx_hal_msp.c **** /* USER CODE END Define */
  37:Core/Src/stm32f1xx_hal_msp.c **** 
  38:Core/Src/stm32f1xx_hal_msp.c **** /* Private macro -------------------------------------------------------------*/
  39:Core/Src/stm32f1xx_hal_msp.c **** /* USER CODE BEGIN Macro */
  40:Core/Src/stm32f1xx_hal_msp.c **** 
  41:Core/Src/stm32f1xx_hal_msp.c **** /* USER CODE END Macro */
  42:Core/Src/stm32f1xx_hal_msp.c **** 
  43:Core/Src/stm32f1xx_hal_msp.c **** /* Private variables ---------------------------------------------------------*/
  44:Core/Src/stm32f1xx_hal_msp.c **** /* USER CODE BEGIN PV */
  45:Core/Src/stm32f1xx_hal_msp.c **** 
  46:Core/Src/stm32f1xx_hal_msp.c **** /* USER CODE END PV */
  47:Core/Src/stm32f1xx_hal_msp.c **** 
  48:Core/Src/stm32f1xx_hal_msp.c **** /* Private function prototypes -----------------------------------------------*/
  49:Core/Src/stm32f1xx_hal_msp.c **** /* USER CODE BEGIN PFP */
  50:Core/Src/stm32f1xx_hal_msp.c **** 
  51:Core/Src/stm32f1xx_hal_msp.c **** /* USER CODE END PFP */
  52:Core/Src/stm32f1xx_hal_msp.c **** 
  53:Core/Src/stm32f1xx_hal_msp.c **** /* External functions --------------------------------------------------------*/
  54:Core/Src/stm32f1xx_hal_msp.c **** /* USER CODE BEGIN ExternalFunctions */
  55:Core/Src/stm32f1xx_hal_msp.c **** 
  56:Core/Src/stm32f1xx_hal_msp.c **** /* USER CODE END ExternalFunctions */
  57:Core/Src/stm32f1xx_hal_msp.c **** 
  58:Core/Src/stm32f1xx_hal_msp.c **** /* USER CODE BEGIN 0 */
  59:Core/Src/stm32f1xx_hal_msp.c **** 
  60:Core/Src/stm32f1xx_hal_msp.c **** /* USER CODE END 0 */
  61:Core/Src/stm32f1xx_hal_msp.c **** /**
  62:Core/Src/stm32f1xx_hal_msp.c ****   * Initializes the Global MSP.
  63:Core/Src/stm32f1xx_hal_msp.c ****   */
  64:Core/Src/stm32f1xx_hal_msp.c **** void HAL_MspInit(void)
  65:Core/Src/stm32f1xx_hal_msp.c **** {
  27              		.loc 1 65 1 view -0
  28              		.cfi_startproc
  29              		@ args = 0, pretend = 0, frame = 8
  30              		@ frame_needed = 0, uses_anonymous_args = 0
  31 0000 00B5     		push	{lr}
  32              	.LCFI0:
  33              		.cfi_def_cfa_offset 4
  34              		.cfi_offset 14, -4
  35 0002 83B0     		sub	sp, sp, #12
  36              	.LCFI1:
  37              		.cfi_def_cfa_offset 16
  66:Core/Src/stm32f1xx_hal_msp.c **** 
  67:Core/Src/stm32f1xx_hal_msp.c ****   /* USER CODE BEGIN MspInit 0 */
  68:Core/Src/stm32f1xx_hal_msp.c **** 
  69:Core/Src/stm32f1xx_hal_msp.c ****   /* USER CODE END MspInit 0 */
  70:Core/Src/stm32f1xx_hal_msp.c **** 
  71:Core/Src/stm32f1xx_hal_msp.c ****   __HAL_RCC_AFIO_CLK_ENABLE();
  38              		.loc 1 71 3 view .LVU1
  39              	.LBB2:
  40              		.loc 1 71 3 view .LVU2
  41              		.loc 1 71 3 view .LVU3
  42 0004 114B     		ldr	r3, .L3
  43 0006 9A69     		ldr	r2, [r3, #24]
  44 0008 42F00102 		orr	r2, r2, #1
ARM GAS  /tmp/ccAfPGHk.s 			page 3


  45 000c 9A61     		str	r2, [r3, #24]
  46              		.loc 1 71 3 view .LVU4
  47 000e 9A69     		ldr	r2, [r3, #24]
  48 0010 02F00102 		and	r2, r2, #1
  49 0014 0092     		str	r2, [sp]
  50              		.loc 1 71 3 view .LVU5
  51 0016 009A     		ldr	r2, [sp]
  52              	.LBE2:
  53              		.loc 1 71 3 view .LVU6
  72:Core/Src/stm32f1xx_hal_msp.c ****   __HAL_RCC_PWR_CLK_ENABLE();
  54              		.loc 1 72 3 view .LVU7
  55              	.LBB3:
  56              		.loc 1 72 3 view .LVU8
  57              		.loc 1 72 3 view .LVU9
  58 0018 DA69     		ldr	r2, [r3, #28]
  59 001a 42F08052 		orr	r2, r2, #268435456
  60 001e DA61     		str	r2, [r3, #28]
  61              		.loc 1 72 3 view .LVU10
  62 0020 DB69     		ldr	r3, [r3, #28]
  63 0022 03F08053 		and	r3, r3, #268435456
  64 0026 0193     		str	r3, [sp, #4]
  65              		.loc 1 72 3 view .LVU11
  66 0028 019B     		ldr	r3, [sp, #4]
  67              	.LBE3:
  68              		.loc 1 72 3 view .LVU12
  73:Core/Src/stm32f1xx_hal_msp.c **** 
  74:Core/Src/stm32f1xx_hal_msp.c ****   /* System interrupt init*/
  75:Core/Src/stm32f1xx_hal_msp.c ****   /* PendSV_IRQn interrupt configuration */
  76:Core/Src/stm32f1xx_hal_msp.c ****   HAL_NVIC_SetPriority(PendSV_IRQn, 15, 0);
  69              		.loc 1 76 3 view .LVU13
  70 002a 0022     		movs	r2, #0
  71 002c 0F21     		movs	r1, #15
  72 002e 6FF00100 		mvn	r0, #1
  73 0032 FFF7FEFF 		bl	HAL_NVIC_SetPriority
  74              	.LVL0:
  77:Core/Src/stm32f1xx_hal_msp.c **** 
  78:Core/Src/stm32f1xx_hal_msp.c ****   /** NOJTAG: JTAG-DP Disabled and SW-DP Enabled
  79:Core/Src/stm32f1xx_hal_msp.c ****   */
  80:Core/Src/stm32f1xx_hal_msp.c ****   __HAL_AFIO_REMAP_SWJ_NOJTAG();
  75              		.loc 1 80 3 view .LVU14
  76              	.LBB4:
  77              		.loc 1 80 3 view .LVU15
  78 0036 064A     		ldr	r2, .L3+4
  79 0038 5368     		ldr	r3, [r2, #4]
  80              	.LVL1:
  81              		.loc 1 80 3 view .LVU16
  82 003a 23F0E063 		bic	r3, r3, #117440512
  83              	.LVL2:
  84              		.loc 1 80 3 view .LVU17
  85 003e 43F00073 		orr	r3, r3, #33554432
  86              	.LVL3:
  87              		.loc 1 80 3 view .LVU18
  88 0042 5360     		str	r3, [r2, #4]
  89              	.LBE4:
  90              		.loc 1 80 3 view .LVU19
  81:Core/Src/stm32f1xx_hal_msp.c **** 
  82:Core/Src/stm32f1xx_hal_msp.c ****   /* USER CODE BEGIN MspInit 1 */
ARM GAS  /tmp/ccAfPGHk.s 			page 4


  83:Core/Src/stm32f1xx_hal_msp.c **** 
  84:Core/Src/stm32f1xx_hal_msp.c ****   /* USER CODE END MspInit 1 */
  85:Core/Src/stm32f1xx_hal_msp.c **** }
  91              		.loc 1 85 1 is_stmt 0 view .LVU20
  92 0044 03B0     		add	sp, sp, #12
  93              	.LCFI2:
  94              		.cfi_def_cfa_offset 4
  95              		@ sp needed
  96 0046 5DF804FB 		ldr	pc, [sp], #4
  97              	.L4:
  98 004a 00BF     		.align	2
  99              	.L3:
 100 004c 00100240 		.word	1073876992
 101 0050 00000140 		.word	1073807360
 102              		.cfi_endproc
 103              	.LFE65:
 105              		.section	.text.HAL_ADC_MspInit,"ax",%progbits
 106              		.align	1
 107              		.global	HAL_ADC_MspInit
 108              		.syntax unified
 109              		.thumb
 110              		.thumb_func
 112              	HAL_ADC_MspInit:
 113              	.LVL4:
 114              	.LFB66:
  86:Core/Src/stm32f1xx_hal_msp.c **** 
  87:Core/Src/stm32f1xx_hal_msp.c **** /**
  88:Core/Src/stm32f1xx_hal_msp.c ****   * @brief ADC MSP Initialization
  89:Core/Src/stm32f1xx_hal_msp.c ****   * This function configures the hardware resources used in this example
  90:Core/Src/stm32f1xx_hal_msp.c ****   * @param hadc: ADC handle pointer
  91:Core/Src/stm32f1xx_hal_msp.c ****   * @retval None
  92:Core/Src/stm32f1xx_hal_msp.c ****   */
  93:Core/Src/stm32f1xx_hal_msp.c **** void HAL_ADC_MspInit(ADC_HandleTypeDef* hadc)
  94:Core/Src/stm32f1xx_hal_msp.c **** {
 115              		.loc 1 94 1 is_stmt 1 view -0
 116              		.cfi_startproc
 117              		@ args = 0, pretend = 0, frame = 24
 118              		@ frame_needed = 0, uses_anonymous_args = 0
 119              		.loc 1 94 1 is_stmt 0 view .LVU22
 120 0000 10B5     		push	{r4, lr}
 121              	.LCFI3:
 122              		.cfi_def_cfa_offset 8
 123              		.cfi_offset 4, -8
 124              		.cfi_offset 14, -4
 125 0002 86B0     		sub	sp, sp, #24
 126              	.LCFI4:
 127              		.cfi_def_cfa_offset 32
  95:Core/Src/stm32f1xx_hal_msp.c ****   GPIO_InitTypeDef GPIO_InitStruct = {0};
 128              		.loc 1 95 3 is_stmt 1 view .LVU23
 129              		.loc 1 95 20 is_stmt 0 view .LVU24
 130 0004 0023     		movs	r3, #0
 131 0006 0293     		str	r3, [sp, #8]
 132 0008 0393     		str	r3, [sp, #12]
 133 000a 0493     		str	r3, [sp, #16]
 134 000c 0593     		str	r3, [sp, #20]
  96:Core/Src/stm32f1xx_hal_msp.c ****   if(hadc->Instance==ADC1)
 135              		.loc 1 96 3 is_stmt 1 view .LVU25
ARM GAS  /tmp/ccAfPGHk.s 			page 5


 136              		.loc 1 96 10 is_stmt 0 view .LVU26
 137 000e 0268     		ldr	r2, [r0]
 138              		.loc 1 96 5 view .LVU27
 139 0010 234B     		ldr	r3, .L11
 140 0012 9A42     		cmp	r2, r3
 141 0014 01D0     		beq	.L9
 142              	.LVL5:
 143              	.L5:
  97:Core/Src/stm32f1xx_hal_msp.c ****   {
  98:Core/Src/stm32f1xx_hal_msp.c ****     /* USER CODE BEGIN ADC1_MspInit 0 */
  99:Core/Src/stm32f1xx_hal_msp.c **** 
 100:Core/Src/stm32f1xx_hal_msp.c ****     /* USER CODE END ADC1_MspInit 0 */
 101:Core/Src/stm32f1xx_hal_msp.c ****     /* Peripheral clock enable */
 102:Core/Src/stm32f1xx_hal_msp.c ****     __HAL_RCC_ADC1_CLK_ENABLE();
 103:Core/Src/stm32f1xx_hal_msp.c **** 
 104:Core/Src/stm32f1xx_hal_msp.c ****     __HAL_RCC_GPIOA_CLK_ENABLE();
 105:Core/Src/stm32f1xx_hal_msp.c ****     /**ADC1 GPIO Configuration
 106:Core/Src/stm32f1xx_hal_msp.c ****     PA1     ------> ADC1_IN1
 107:Core/Src/stm32f1xx_hal_msp.c ****     PA2     ------> ADC1_IN2
 108:Core/Src/stm32f1xx_hal_msp.c ****     PA3     ------> ADC1_IN3
 109:Core/Src/stm32f1xx_hal_msp.c ****     PA4     ------> ADC1_IN4
 110:Core/Src/stm32f1xx_hal_msp.c ****     */
 111:Core/Src/stm32f1xx_hal_msp.c ****     GPIO_InitStruct.Pin = GPIO_PIN_1|GPIO_PIN_2|GPIO_PIN_3|GPIO_PIN_4;
 112:Core/Src/stm32f1xx_hal_msp.c ****     GPIO_InitStruct.Mode = GPIO_MODE_ANALOG;
 113:Core/Src/stm32f1xx_hal_msp.c ****     HAL_GPIO_Init(GPIOA, &GPIO_InitStruct);
 114:Core/Src/stm32f1xx_hal_msp.c **** 
 115:Core/Src/stm32f1xx_hal_msp.c ****     /* ADC1 DMA Init */
 116:Core/Src/stm32f1xx_hal_msp.c ****     /* ADC1 Init */
 117:Core/Src/stm32f1xx_hal_msp.c ****     hdma_adc1.Instance = DMA1_Channel1;
 118:Core/Src/stm32f1xx_hal_msp.c ****     hdma_adc1.Init.Direction = DMA_PERIPH_TO_MEMORY;
 119:Core/Src/stm32f1xx_hal_msp.c ****     hdma_adc1.Init.PeriphInc = DMA_PINC_DISABLE;
 120:Core/Src/stm32f1xx_hal_msp.c ****     hdma_adc1.Init.MemInc = DMA_MINC_ENABLE;
 121:Core/Src/stm32f1xx_hal_msp.c ****     hdma_adc1.Init.PeriphDataAlignment = DMA_PDATAALIGN_WORD;
 122:Core/Src/stm32f1xx_hal_msp.c ****     hdma_adc1.Init.MemDataAlignment = DMA_MDATAALIGN_WORD;
 123:Core/Src/stm32f1xx_hal_msp.c ****     hdma_adc1.Init.Mode = DMA_CIRCULAR;
 124:Core/Src/stm32f1xx_hal_msp.c ****     hdma_adc1.Init.Priority = DMA_PRIORITY_HIGH;
 125:Core/Src/stm32f1xx_hal_msp.c ****     if (HAL_DMA_Init(&hdma_adc1) != HAL_OK)
 126:Core/Src/stm32f1xx_hal_msp.c ****     {
 127:Core/Src/stm32f1xx_hal_msp.c ****       Error_Handler();
 128:Core/Src/stm32f1xx_hal_msp.c ****     }
 129:Core/Src/stm32f1xx_hal_msp.c **** 
 130:Core/Src/stm32f1xx_hal_msp.c ****     __HAL_LINKDMA(hadc,DMA_Handle,hdma_adc1);
 131:Core/Src/stm32f1xx_hal_msp.c **** 
 132:Core/Src/stm32f1xx_hal_msp.c ****     /* ADC1 interrupt Init */
 133:Core/Src/stm32f1xx_hal_msp.c ****     HAL_NVIC_SetPriority(ADC1_2_IRQn, 5, 0);
 134:Core/Src/stm32f1xx_hal_msp.c ****     HAL_NVIC_EnableIRQ(ADC1_2_IRQn);
 135:Core/Src/stm32f1xx_hal_msp.c ****     /* USER CODE BEGIN ADC1_MspInit 1 */
 136:Core/Src/stm32f1xx_hal_msp.c **** 
 137:Core/Src/stm32f1xx_hal_msp.c ****     /* USER CODE END ADC1_MspInit 1 */
 138:Core/Src/stm32f1xx_hal_msp.c **** 
 139:Core/Src/stm32f1xx_hal_msp.c ****   }
 140:Core/Src/stm32f1xx_hal_msp.c **** 
 141:Core/Src/stm32f1xx_hal_msp.c **** }
 144              		.loc 1 141 1 view .LVU28
 145 0016 06B0     		add	sp, sp, #24
 146              	.LCFI5:
 147              		.cfi_remember_state
ARM GAS  /tmp/ccAfPGHk.s 			page 6


 148              		.cfi_def_cfa_offset 8
 149              		@ sp needed
 150 0018 10BD     		pop	{r4, pc}
 151              	.LVL6:
 152              	.L9:
 153              	.LCFI6:
 154              		.cfi_restore_state
 155              		.loc 1 141 1 view .LVU29
 156 001a 0446     		mov	r4, r0
 102:Core/Src/stm32f1xx_hal_msp.c **** 
 157              		.loc 1 102 5 is_stmt 1 view .LVU30
 158              	.LBB5:
 102:Core/Src/stm32f1xx_hal_msp.c **** 
 159              		.loc 1 102 5 view .LVU31
 102:Core/Src/stm32f1xx_hal_msp.c **** 
 160              		.loc 1 102 5 view .LVU32
 161 001c 03F56C43 		add	r3, r3, #60416
 162 0020 9A69     		ldr	r2, [r3, #24]
 163 0022 42F40072 		orr	r2, r2, #512
 164 0026 9A61     		str	r2, [r3, #24]
 102:Core/Src/stm32f1xx_hal_msp.c **** 
 165              		.loc 1 102 5 view .LVU33
 166 0028 9A69     		ldr	r2, [r3, #24]
 167 002a 02F40072 		and	r2, r2, #512
 168 002e 0092     		str	r2, [sp]
 102:Core/Src/stm32f1xx_hal_msp.c **** 
 169              		.loc 1 102 5 view .LVU34
 170 0030 009A     		ldr	r2, [sp]
 171              	.LBE5:
 102:Core/Src/stm32f1xx_hal_msp.c **** 
 172              		.loc 1 102 5 view .LVU35
 104:Core/Src/stm32f1xx_hal_msp.c ****     /**ADC1 GPIO Configuration
 173              		.loc 1 104 5 view .LVU36
 174              	.LBB6:
 104:Core/Src/stm32f1xx_hal_msp.c ****     /**ADC1 GPIO Configuration
 175              		.loc 1 104 5 view .LVU37
 104:Core/Src/stm32f1xx_hal_msp.c ****     /**ADC1 GPIO Configuration
 176              		.loc 1 104 5 view .LVU38
 177 0032 9A69     		ldr	r2, [r3, #24]
 178 0034 42F00402 		orr	r2, r2, #4
 179 0038 9A61     		str	r2, [r3, #24]
 104:Core/Src/stm32f1xx_hal_msp.c ****     /**ADC1 GPIO Configuration
 180              		.loc 1 104 5 view .LVU39
 181 003a 9B69     		ldr	r3, [r3, #24]
 182 003c 03F00403 		and	r3, r3, #4
 183 0040 0193     		str	r3, [sp, #4]
 104:Core/Src/stm32f1xx_hal_msp.c ****     /**ADC1 GPIO Configuration
 184              		.loc 1 104 5 view .LVU40
 185 0042 019B     		ldr	r3, [sp, #4]
 186              	.LBE6:
 104:Core/Src/stm32f1xx_hal_msp.c ****     /**ADC1 GPIO Configuration
 187              		.loc 1 104 5 view .LVU41
 111:Core/Src/stm32f1xx_hal_msp.c ****     GPIO_InitStruct.Mode = GPIO_MODE_ANALOG;
 188              		.loc 1 111 5 view .LVU42
 111:Core/Src/stm32f1xx_hal_msp.c ****     GPIO_InitStruct.Mode = GPIO_MODE_ANALOG;
 189              		.loc 1 111 25 is_stmt 0 view .LVU43
 190 0044 1E23     		movs	r3, #30
ARM GAS  /tmp/ccAfPGHk.s 			page 7


 191 0046 0293     		str	r3, [sp, #8]
 112:Core/Src/stm32f1xx_hal_msp.c ****     HAL_GPIO_Init(GPIOA, &GPIO_InitStruct);
 192              		.loc 1 112 5 is_stmt 1 view .LVU44
 112:Core/Src/stm32f1xx_hal_msp.c ****     HAL_GPIO_Init(GPIOA, &GPIO_InitStruct);
 193              		.loc 1 112 26 is_stmt 0 view .LVU45
 194 0048 0323     		movs	r3, #3
 195 004a 0393     		str	r3, [sp, #12]
 113:Core/Src/stm32f1xx_hal_msp.c **** 
 196              		.loc 1 113 5 is_stmt 1 view .LVU46
 197 004c 02A9     		add	r1, sp, #8
 198 004e 1548     		ldr	r0, .L11+4
 199              	.LVL7:
 113:Core/Src/stm32f1xx_hal_msp.c **** 
 200              		.loc 1 113 5 is_stmt 0 view .LVU47
 201 0050 FFF7FEFF 		bl	HAL_GPIO_Init
 202              	.LVL8:
 117:Core/Src/stm32f1xx_hal_msp.c ****     hdma_adc1.Init.Direction = DMA_PERIPH_TO_MEMORY;
 203              		.loc 1 117 5 is_stmt 1 view .LVU48
 117:Core/Src/stm32f1xx_hal_msp.c ****     hdma_adc1.Init.Direction = DMA_PERIPH_TO_MEMORY;
 204              		.loc 1 117 24 is_stmt 0 view .LVU49
 205 0054 1448     		ldr	r0, .L11+8
 206 0056 154B     		ldr	r3, .L11+12
 207 0058 0360     		str	r3, [r0]
 118:Core/Src/stm32f1xx_hal_msp.c ****     hdma_adc1.Init.PeriphInc = DMA_PINC_DISABLE;
 208              		.loc 1 118 5 is_stmt 1 view .LVU50
 118:Core/Src/stm32f1xx_hal_msp.c ****     hdma_adc1.Init.PeriphInc = DMA_PINC_DISABLE;
 209              		.loc 1 118 30 is_stmt 0 view .LVU51
 210 005a 0023     		movs	r3, #0
 211 005c 4360     		str	r3, [r0, #4]
 119:Core/Src/stm32f1xx_hal_msp.c ****     hdma_adc1.Init.MemInc = DMA_MINC_ENABLE;
 212              		.loc 1 119 5 is_stmt 1 view .LVU52
 119:Core/Src/stm32f1xx_hal_msp.c ****     hdma_adc1.Init.MemInc = DMA_MINC_ENABLE;
 213              		.loc 1 119 30 is_stmt 0 view .LVU53
 214 005e 8360     		str	r3, [r0, #8]
 120:Core/Src/stm32f1xx_hal_msp.c ****     hdma_adc1.Init.PeriphDataAlignment = DMA_PDATAALIGN_WORD;
 215              		.loc 1 120 5 is_stmt 1 view .LVU54
 120:Core/Src/stm32f1xx_hal_msp.c ****     hdma_adc1.Init.PeriphDataAlignment = DMA_PDATAALIGN_WORD;
 216              		.loc 1 120 27 is_stmt 0 view .LVU55
 217 0060 8023     		movs	r3, #128
 218 0062 C360     		str	r3, [r0, #12]
 121:Core/Src/stm32f1xx_hal_msp.c ****     hdma_adc1.Init.MemDataAlignment = DMA_MDATAALIGN_WORD;
 219              		.loc 1 121 5 is_stmt 1 view .LVU56
 121:Core/Src/stm32f1xx_hal_msp.c ****     hdma_adc1.Init.MemDataAlignment = DMA_MDATAALIGN_WORD;
 220              		.loc 1 121 40 is_stmt 0 view .LVU57
 221 0064 4FF40073 		mov	r3, #512
 222 0068 0361     		str	r3, [r0, #16]
 122:Core/Src/stm32f1xx_hal_msp.c ****     hdma_adc1.Init.Mode = DMA_CIRCULAR;
 223              		.loc 1 122 5 is_stmt 1 view .LVU58
 122:Core/Src/stm32f1xx_hal_msp.c ****     hdma_adc1.Init.Mode = DMA_CIRCULAR;
 224              		.loc 1 122 37 is_stmt 0 view .LVU59
 225 006a 4FF40063 		mov	r3, #2048
 226 006e 4361     		str	r3, [r0, #20]
 123:Core/Src/stm32f1xx_hal_msp.c ****     hdma_adc1.Init.Priority = DMA_PRIORITY_HIGH;
 227              		.loc 1 123 5 is_stmt 1 view .LVU60
 123:Core/Src/stm32f1xx_hal_msp.c ****     hdma_adc1.Init.Priority = DMA_PRIORITY_HIGH;
 228              		.loc 1 123 25 is_stmt 0 view .LVU61
 229 0070 2023     		movs	r3, #32
ARM GAS  /tmp/ccAfPGHk.s 			page 8


 230 0072 8361     		str	r3, [r0, #24]
 124:Core/Src/stm32f1xx_hal_msp.c ****     if (HAL_DMA_Init(&hdma_adc1) != HAL_OK)
 231              		.loc 1 124 5 is_stmt 1 view .LVU62
 124:Core/Src/stm32f1xx_hal_msp.c ****     if (HAL_DMA_Init(&hdma_adc1) != HAL_OK)
 232              		.loc 1 124 29 is_stmt 0 view .LVU63
 233 0074 4FF40053 		mov	r3, #8192
 234 0078 C361     		str	r3, [r0, #28]
 125:Core/Src/stm32f1xx_hal_msp.c ****     {
 235              		.loc 1 125 5 is_stmt 1 view .LVU64
 125:Core/Src/stm32f1xx_hal_msp.c ****     {
 236              		.loc 1 125 9 is_stmt 0 view .LVU65
 237 007a FFF7FEFF 		bl	HAL_DMA_Init
 238              	.LVL9:
 125:Core/Src/stm32f1xx_hal_msp.c ****     {
 239              		.loc 1 125 8 discriminator 1 view .LVU66
 240 007e 58B9     		cbnz	r0, .L10
 241              	.L7:
 130:Core/Src/stm32f1xx_hal_msp.c **** 
 242              		.loc 1 130 5 is_stmt 1 view .LVU67
 130:Core/Src/stm32f1xx_hal_msp.c **** 
 243              		.loc 1 130 5 view .LVU68
 244 0080 094B     		ldr	r3, .L11+8
 245 0082 2362     		str	r3, [r4, #32]
 130:Core/Src/stm32f1xx_hal_msp.c **** 
 246              		.loc 1 130 5 view .LVU69
 247 0084 5C62     		str	r4, [r3, #36]
 130:Core/Src/stm32f1xx_hal_msp.c **** 
 248              		.loc 1 130 5 view .LVU70
 133:Core/Src/stm32f1xx_hal_msp.c ****     HAL_NVIC_EnableIRQ(ADC1_2_IRQn);
 249              		.loc 1 133 5 view .LVU71
 250 0086 0022     		movs	r2, #0
 251 0088 0521     		movs	r1, #5
 252 008a 1220     		movs	r0, #18
 253 008c FFF7FEFF 		bl	HAL_NVIC_SetPriority
 254              	.LVL10:
 134:Core/Src/stm32f1xx_hal_msp.c ****     /* USER CODE BEGIN ADC1_MspInit 1 */
 255              		.loc 1 134 5 view .LVU72
 256 0090 1220     		movs	r0, #18
 257 0092 FFF7FEFF 		bl	HAL_NVIC_EnableIRQ
 258              	.LVL11:
 259              		.loc 1 141 1 is_stmt 0 view .LVU73
 260 0096 BEE7     		b	.L5
 261              	.L10:
 127:Core/Src/stm32f1xx_hal_msp.c ****     }
 262              		.loc 1 127 7 is_stmt 1 view .LVU74
 263 0098 FFF7FEFF 		bl	Error_Handler
 264              	.LVL12:
 265 009c F0E7     		b	.L7
 266              	.L12:
 267 009e 00BF     		.align	2
 268              	.L11:
 269 00a0 00240140 		.word	1073816576
 270 00a4 00080140 		.word	1073809408
 271 00a8 00000000 		.word	hdma_adc1
 272 00ac 08000240 		.word	1073872904
 273              		.cfi_endproc
 274              	.LFE66:
ARM GAS  /tmp/ccAfPGHk.s 			page 9


 276              		.section	.text.HAL_ADC_MspDeInit,"ax",%progbits
 277              		.align	1
 278              		.global	HAL_ADC_MspDeInit
 279              		.syntax unified
 280              		.thumb
 281              		.thumb_func
 283              	HAL_ADC_MspDeInit:
 284              	.LVL13:
 285              	.LFB67:
 142:Core/Src/stm32f1xx_hal_msp.c **** 
 143:Core/Src/stm32f1xx_hal_msp.c **** /**
 144:Core/Src/stm32f1xx_hal_msp.c ****   * @brief ADC MSP De-Initialization
 145:Core/Src/stm32f1xx_hal_msp.c ****   * This function freeze the hardware resources used in this example
 146:Core/Src/stm32f1xx_hal_msp.c ****   * @param hadc: ADC handle pointer
 147:Core/Src/stm32f1xx_hal_msp.c ****   * @retval None
 148:Core/Src/stm32f1xx_hal_msp.c ****   */
 149:Core/Src/stm32f1xx_hal_msp.c **** void HAL_ADC_MspDeInit(ADC_HandleTypeDef* hadc)
 150:Core/Src/stm32f1xx_hal_msp.c **** {
 286              		.loc 1 150 1 view -0
 287              		.cfi_startproc
 288              		@ args = 0, pretend = 0, frame = 0
 289              		@ frame_needed = 0, uses_anonymous_args = 0
 151:Core/Src/stm32f1xx_hal_msp.c ****   if(hadc->Instance==ADC1)
 290              		.loc 1 151 3 view .LVU76
 291              		.loc 1 151 10 is_stmt 0 view .LVU77
 292 0000 0268     		ldr	r2, [r0]
 293              		.loc 1 151 5 view .LVU78
 294 0002 0B4B     		ldr	r3, .L20
 295 0004 9A42     		cmp	r2, r3
 296 0006 00D0     		beq	.L19
 297 0008 7047     		bx	lr
 298              	.L19:
 150:Core/Src/stm32f1xx_hal_msp.c ****   if(hadc->Instance==ADC1)
 299              		.loc 1 150 1 view .LVU79
 300 000a 10B5     		push	{r4, lr}
 301              	.LCFI7:
 302              		.cfi_def_cfa_offset 8
 303              		.cfi_offset 4, -8
 304              		.cfi_offset 14, -4
 305 000c 0446     		mov	r4, r0
 152:Core/Src/stm32f1xx_hal_msp.c ****   {
 153:Core/Src/stm32f1xx_hal_msp.c ****     /* USER CODE BEGIN ADC1_MspDeInit 0 */
 154:Core/Src/stm32f1xx_hal_msp.c **** 
 155:Core/Src/stm32f1xx_hal_msp.c ****     /* USER CODE END ADC1_MspDeInit 0 */
 156:Core/Src/stm32f1xx_hal_msp.c ****     /* Peripheral clock disable */
 157:Core/Src/stm32f1xx_hal_msp.c ****     __HAL_RCC_ADC1_CLK_DISABLE();
 306              		.loc 1 157 5 is_stmt 1 view .LVU80
 307 000e 094A     		ldr	r2, .L20+4
 308 0010 9369     		ldr	r3, [r2, #24]
 309 0012 23F40073 		bic	r3, r3, #512
 310 0016 9361     		str	r3, [r2, #24]
 158:Core/Src/stm32f1xx_hal_msp.c **** 
 159:Core/Src/stm32f1xx_hal_msp.c ****     /**ADC1 GPIO Configuration
 160:Core/Src/stm32f1xx_hal_msp.c ****     PA1     ------> ADC1_IN1
 161:Core/Src/stm32f1xx_hal_msp.c ****     PA2     ------> ADC1_IN2
 162:Core/Src/stm32f1xx_hal_msp.c ****     PA3     ------> ADC1_IN3
 163:Core/Src/stm32f1xx_hal_msp.c ****     PA4     ------> ADC1_IN4
ARM GAS  /tmp/ccAfPGHk.s 			page 10


 164:Core/Src/stm32f1xx_hal_msp.c ****     */
 165:Core/Src/stm32f1xx_hal_msp.c ****     HAL_GPIO_DeInit(GPIOA, GPIO_PIN_1|GPIO_PIN_2|GPIO_PIN_3|GPIO_PIN_4);
 311              		.loc 1 165 5 view .LVU81
 312 0018 1E21     		movs	r1, #30
 313 001a 0748     		ldr	r0, .L20+8
 314              	.LVL14:
 315              		.loc 1 165 5 is_stmt 0 view .LVU82
 316 001c FFF7FEFF 		bl	HAL_GPIO_DeInit
 317              	.LVL15:
 166:Core/Src/stm32f1xx_hal_msp.c **** 
 167:Core/Src/stm32f1xx_hal_msp.c ****     /* ADC1 DMA DeInit */
 168:Core/Src/stm32f1xx_hal_msp.c ****     HAL_DMA_DeInit(hadc->DMA_Handle);
 318              		.loc 1 168 5 is_stmt 1 view .LVU83
 319 0020 206A     		ldr	r0, [r4, #32]
 320 0022 FFF7FEFF 		bl	HAL_DMA_DeInit
 321              	.LVL16:
 169:Core/Src/stm32f1xx_hal_msp.c **** 
 170:Core/Src/stm32f1xx_hal_msp.c ****     /* ADC1 interrupt DeInit */
 171:Core/Src/stm32f1xx_hal_msp.c ****     HAL_NVIC_DisableIRQ(ADC1_2_IRQn);
 322              		.loc 1 171 5 view .LVU84
 323 0026 1220     		movs	r0, #18
 324 0028 FFF7FEFF 		bl	HAL_NVIC_DisableIRQ
 325              	.LVL17:
 172:Core/Src/stm32f1xx_hal_msp.c ****     /* USER CODE BEGIN ADC1_MspDeInit 1 */
 173:Core/Src/stm32f1xx_hal_msp.c **** 
 174:Core/Src/stm32f1xx_hal_msp.c ****     /* USER CODE END ADC1_MspDeInit 1 */
 175:Core/Src/stm32f1xx_hal_msp.c ****   }
 176:Core/Src/stm32f1xx_hal_msp.c **** 
 177:Core/Src/stm32f1xx_hal_msp.c **** }
 326              		.loc 1 177 1 is_stmt 0 view .LVU85
 327 002c 10BD     		pop	{r4, pc}
 328              	.LVL18:
 329              	.L21:
 330              		.loc 1 177 1 view .LVU86
 331 002e 00BF     		.align	2
 332              	.L20:
 333 0030 00240140 		.word	1073816576
 334 0034 00100240 		.word	1073876992
 335 0038 00080140 		.word	1073809408
 336              		.cfi_endproc
 337              	.LFE67:
 339              		.text
 340              	.Letext0:
 341              		.file 2 "Drivers/CMSIS/Device/ST/STM32F1xx/Include/stm32f103xb.h"
 342              		.file 3 "/usr/lib/gcc/arm-none-eabi/13.2.1/include/stdint.h"
 343              		.file 4 "Drivers/CMSIS/Device/ST/STM32F1xx/Include/stm32f1xx.h"
 344              		.file 5 "Drivers/STM32F1xx_HAL_Driver/Inc/stm32f1xx_hal_def.h"
 345              		.file 6 "Drivers/STM32F1xx_HAL_Driver/Inc/stm32f1xx_hal_gpio.h"
 346              		.file 7 "Drivers/STM32F1xx_HAL_Driver/Inc/stm32f1xx_hal_dma.h"
 347              		.file 8 "Drivers/STM32F1xx_HAL_Driver/Inc/stm32f1xx_hal_adc.h"
 348              		.file 9 "Drivers/STM32F1xx_HAL_Driver/Inc/stm32f1xx_hal_cortex.h"
 349              		.file 10 "Core/Inc/main.h"
ARM GAS  /tmp/ccAfPGHk.s 			page 11


DEFINED SYMBOLS
                            *ABS*:00000000 stm32f1xx_hal_msp.c
     /tmp/ccAfPGHk.s:19     .text.HAL_MspInit:00000000 $t
     /tmp/ccAfPGHk.s:25     .text.HAL_MspInit:00000000 HAL_MspInit
     /tmp/ccAfPGHk.s:100    .text.HAL_MspInit:0000004c $d
     /tmp/ccAfPGHk.s:106    .text.HAL_ADC_MspInit:00000000 $t
     /tmp/ccAfPGHk.s:112    .text.HAL_ADC_MspInit:00000000 HAL_ADC_MspInit
     /tmp/ccAfPGHk.s:269    .text.HAL_ADC_MspInit:000000a0 $d
     /tmp/ccAfPGHk.s:277    .text.HAL_ADC_MspDeInit:00000000 $t
     /tmp/ccAfPGHk.s:283    .text.HAL_ADC_MspDeInit:00000000 HAL_ADC_MspDeInit
     /tmp/ccAfPGHk.s:333    .text.HAL_ADC_MspDeInit:00000030 $d

UNDEFINED SYMBOLS
HAL_NVIC_SetPriority
HAL_GPIO_Init
HAL_DMA_Init
HAL_NVIC_EnableIRQ
Error_Handler
hdma_adc1
HAL_GPIO_DeInit
HAL_DMA_DeInit
HAL_NVIC_DisableIRQ
