ARM GAS  /tmp/ccRtE5f9.s 			page 1


   1              		.cpu cortex-m3
   2              		.arch armv7-m
   3              		.fpu softvfp
   4              		.eabi_attribute 20, 1
   5              		.eabi_attribute 21, 1
   6              		.eabi_attribute 23, 3
   7              		.eabi_attribute 24, 1
   8              		.eabi_attribute 25, 1
   9              		.eabi_attribute 26, 1
  10              		.eabi_attribute 30, 1
  11              		.eabi_attribute 34, 1
  12              		.eabi_attribute 18, 4
  13              		.file	"Watering.c"
  14              		.text
  15              	.Ltext0:
  16              		.cfi_sections	.debug_frame
  17              		.file 1 "Core/Modules/Watering_Module/Watering.c"
  18              		.section	.text.watering_loop,"ax",%progbits
  19              		.align	1
  20              		.global	watering_loop
  21              		.syntax unified
  22              		.thumb
  23              		.thumb_func
  25              	watering_loop:
  26              	.LVL0:
  27              	.LFB7:
   1:Core/Modules/Watering_Module/Watering.c **** #include "Watering.h"
   2:Core/Modules/Watering_Module/Watering.c **** #define WATERING_PRIORITY 1
   3:Core/Modules/Watering_Module/Watering.c **** #define WATERING_STACK_SIZE 1024
   4:Core/Modules/Watering_Module/Watering.c **** #define QUEUE_LENGTH 10
   5:Core/Modules/Watering_Module/Watering.c **** #define ITEM_SIZE sizeof(uint16_t)
   6:Core/Modules/Watering_Module/Watering.c **** 
   7:Core/Modules/Watering_Module/Watering.c **** static StaticTask_t xTask_Watering_Buffer;
   8:Core/Modules/Watering_Module/Watering.c **** static TaskHandle_t xHandle_Watering;
   9:Core/Modules/Watering_Module/Watering.c **** static StackType_t Watering_Stack[WATERING_STACK_SIZE];
  10:Core/Modules/Watering_Module/Watering.c **** 
  11:Core/Modules/Watering_Module/Watering.c **** static QueueHandle_t xQueue_Watering;
  12:Core/Modules/Watering_Module/Watering.c **** static StaticQueue_t xQueue_Watering_Buffer;
  13:Core/Modules/Watering_Module/Watering.c **** uint8_t QueueStorage[QUEUE_LENGTH * ITEM_SIZE];
  14:Core/Modules/Watering_Module/Watering.c **** void watering_loop(void *pvParameters);
  15:Core/Modules/Watering_Module/Watering.c **** 
  16:Core/Modules/Watering_Module/Watering.c **** void Watering_Init(void) {
  17:Core/Modules/Watering_Module/Watering.c ****   xHandle_Watering = xTaskCreateStatic(
  18:Core/Modules/Watering_Module/Watering.c ****       watering_loop, "WATERING", WATERING_STACK_SIZE, NULL, WATERING_PRIORITY,
  19:Core/Modules/Watering_Module/Watering.c ****       Watering_Stack, &xTask_Watering_Buffer);
  20:Core/Modules/Watering_Module/Watering.c **** 
  21:Core/Modules/Watering_Module/Watering.c ****   xQueue_Watering = xQueueCreateStatic(QUEUE_LENGTH, ITEM_SIZE, QueueStorage,
  22:Core/Modules/Watering_Module/Watering.c ****                                        &xQueue_Watering_Buffer);
  23:Core/Modules/Watering_Module/Watering.c **** }
  24:Core/Modules/Watering_Module/Watering.c **** QueueHandle_t Watering_GetQueue (void){
  25:Core/Modules/Watering_Module/Watering.c ****     return xQueue_Watering;
  26:Core/Modules/Watering_Module/Watering.c **** }
  27:Core/Modules/Watering_Module/Watering.c **** 
  28:Core/Modules/Watering_Module/Watering.c **** void watering_loop(void *pvParameters) {
  28              		.loc 1 28 40 view -0
  29              		.cfi_startproc
  30              		@ args = 0, pretend = 0, frame = 0
ARM GAS  /tmp/ccRtE5f9.s 			page 2


  31              		@ frame_needed = 0, uses_anonymous_args = 0
  32              		@ link register save eliminated.
  29:Core/Modules/Watering_Module/Watering.c ****  
  30:Core/Modules/Watering_Module/Watering.c **** }
  33              		.loc 1 30 1 view .LVU1
  34 0000 7047     		bx	lr
  35              		.cfi_endproc
  36              	.LFE7:
  38              		.section	.rodata.Watering_Init.str1.4,"aMS",%progbits,1
  39              		.align	2
  40              	.LC0:
  41 0000 57415445 		.ascii	"WATERING\000"
  41      52494E47 
  41      00
  42              		.section	.text.Watering_Init,"ax",%progbits
  43              		.align	1
  44              		.global	Watering_Init
  45              		.syntax unified
  46              		.thumb
  47              		.thumb_func
  49              	Watering_Init:
  50              	.LFB5:
  16:Core/Modules/Watering_Module/Watering.c ****   xHandle_Watering = xTaskCreateStatic(
  51              		.loc 1 16 26 view -0
  52              		.cfi_startproc
  53              		@ args = 0, pretend = 0, frame = 0
  54              		@ frame_needed = 0, uses_anonymous_args = 0
  55 0000 00B5     		push	{lr}
  56              	.LCFI0:
  57              		.cfi_def_cfa_offset 4
  58              		.cfi_offset 14, -4
  59 0002 85B0     		sub	sp, sp, #20
  60              	.LCFI1:
  61              		.cfi_def_cfa_offset 24
  17:Core/Modules/Watering_Module/Watering.c ****       watering_loop, "WATERING", WATERING_STACK_SIZE, NULL, WATERING_PRIORITY,
  62              		.loc 1 17 3 view .LVU3
  17:Core/Modules/Watering_Module/Watering.c ****       watering_loop, "WATERING", WATERING_STACK_SIZE, NULL, WATERING_PRIORITY,
  63              		.loc 1 17 22 is_stmt 0 view .LVU4
  64 0004 0D4B     		ldr	r3, .L4
  65 0006 0293     		str	r3, [sp, #8]
  66 0008 0D4B     		ldr	r3, .L4+4
  67 000a 0193     		str	r3, [sp, #4]
  68 000c 0123     		movs	r3, #1
  69 000e 0093     		str	r3, [sp]
  70 0010 0023     		movs	r3, #0
  71 0012 4FF48062 		mov	r2, #1024
  72 0016 0B49     		ldr	r1, .L4+8
  73 0018 0B48     		ldr	r0, .L4+12
  74 001a FFF7FEFF 		bl	xTaskCreateStatic
  75              	.LVL1:
  17:Core/Modules/Watering_Module/Watering.c ****       watering_loop, "WATERING", WATERING_STACK_SIZE, NULL, WATERING_PRIORITY,
  76              		.loc 1 17 20 discriminator 1 view .LVU5
  77 001e 0B4B     		ldr	r3, .L4+16
  78 0020 1860     		str	r0, [r3]
  21:Core/Modules/Watering_Module/Watering.c ****                                        &xQueue_Watering_Buffer);
  79              		.loc 1 21 3 is_stmt 1 view .LVU6
  21:Core/Modules/Watering_Module/Watering.c ****                                        &xQueue_Watering_Buffer);
ARM GAS  /tmp/ccRtE5f9.s 			page 3


  80              		.loc 1 21 21 is_stmt 0 view .LVU7
  81 0022 0023     		movs	r3, #0
  82 0024 0093     		str	r3, [sp]
  83 0026 0A4B     		ldr	r3, .L4+20
  84 0028 0A4A     		ldr	r2, .L4+24
  85 002a 0221     		movs	r1, #2
  86 002c 0A20     		movs	r0, #10
  87 002e FFF7FEFF 		bl	xQueueGenericCreateStatic
  88              	.LVL2:
  21:Core/Modules/Watering_Module/Watering.c ****                                        &xQueue_Watering_Buffer);
  89              		.loc 1 21 19 discriminator 1 view .LVU8
  90 0032 094B     		ldr	r3, .L4+28
  91 0034 1860     		str	r0, [r3]
  23:Core/Modules/Watering_Module/Watering.c **** QueueHandle_t Watering_GetQueue (void){
  92              		.loc 1 23 1 view .LVU9
  93 0036 05B0     		add	sp, sp, #20
  94              	.LCFI2:
  95              		.cfi_def_cfa_offset 4
  96              		@ sp needed
  97 0038 5DF804FB 		ldr	pc, [sp], #4
  98              	.L5:
  99              		.align	2
 100              	.L4:
 101 003c 00000000 		.word	xTask_Watering_Buffer
 102 0040 00000000 		.word	Watering_Stack
 103 0044 00000000 		.word	.LC0
 104 0048 00000000 		.word	watering_loop
 105 004c 00000000 		.word	xHandle_Watering
 106 0050 00000000 		.word	xQueue_Watering_Buffer
 107 0054 00000000 		.word	QueueStorage
 108 0058 00000000 		.word	xQueue_Watering
 109              		.cfi_endproc
 110              	.LFE5:
 112              		.section	.text.Watering_GetQueue,"ax",%progbits
 113              		.align	1
 114              		.global	Watering_GetQueue
 115              		.syntax unified
 116              		.thumb
 117              		.thumb_func
 119              	Watering_GetQueue:
 120              	.LFB6:
  24:Core/Modules/Watering_Module/Watering.c ****     return xQueue_Watering;
 121              		.loc 1 24 39 is_stmt 1 view -0
 122              		.cfi_startproc
 123              		@ args = 0, pretend = 0, frame = 0
 124              		@ frame_needed = 0, uses_anonymous_args = 0
 125              		@ link register save eliminated.
  25:Core/Modules/Watering_Module/Watering.c **** }
 126              		.loc 1 25 5 view .LVU11
  26:Core/Modules/Watering_Module/Watering.c **** 
 127              		.loc 1 26 1 is_stmt 0 view .LVU12
 128 0000 014B     		ldr	r3, .L7
 129 0002 1868     		ldr	r0, [r3]
 130 0004 7047     		bx	lr
 131              	.L8:
 132 0006 00BF     		.align	2
 133              	.L7:
ARM GAS  /tmp/ccRtE5f9.s 			page 4


 134 0008 00000000 		.word	xQueue_Watering
 135              		.cfi_endproc
 136              	.LFE6:
 138              		.global	QueueStorage
 139              		.section	.bss.QueueStorage,"aw",%nobits
 140              		.align	2
 143              	QueueStorage:
 144 0000 00000000 		.space	20
 144      00000000 
 144      00000000 
 144      00000000 
 144      00000000 
 145              		.section	.bss.xQueue_Watering_Buffer,"aw",%nobits
 146              		.align	2
 149              	xQueue_Watering_Buffer:
 150 0000 00000000 		.space	72
 150      00000000 
 150      00000000 
 150      00000000 
 150      00000000 
 151              		.section	.bss.xQueue_Watering,"aw",%nobits
 152              		.align	2
 155              	xQueue_Watering:
 156 0000 00000000 		.space	4
 157              		.section	.bss.Watering_Stack,"aw",%nobits
 158              		.align	2
 161              	Watering_Stack:
 162 0000 00000000 		.space	4096
 162      00000000 
 162      00000000 
 162      00000000 
 162      00000000 
 163              		.section	.bss.xHandle_Watering,"aw",%nobits
 164              		.align	2
 167              	xHandle_Watering:
 168 0000 00000000 		.space	4
 169              		.section	.bss.xTask_Watering_Buffer,"aw",%nobits
 170              		.align	2
 173              	xTask_Watering_Buffer:
 174 0000 00000000 		.space	84
 174      00000000 
 174      00000000 
 174      00000000 
 174      00000000 
 175              		.text
 176              	.Letext0:
 177              		.file 2 "/usr/lib/gcc/arm-none-eabi/13.2.1/include/stdint.h"
 178              		.file 3 "Middlewares/Third_Party/FreeRTOS/Source/include/projdefs.h"
 179              		.file 4 "Middlewares/Third_Party/FreeRTOS/Source/portable/GCC/ARM_CM3/portmacro.h"
 180              		.file 5 "Middlewares/Third_Party/FreeRTOS/Source/include/FreeRTOS.h"
 181              		.file 6 "Middlewares/Third_Party/FreeRTOS/Source/include/task.h"
 182              		.file 7 "Middlewares/Third_Party/FreeRTOS/Source/include/queue.h"
ARM GAS  /tmp/ccRtE5f9.s 			page 5


DEFINED SYMBOLS
                            *ABS*:00000000 Watering.c
     /tmp/ccRtE5f9.s:19     .text.watering_loop:00000000 $t
     /tmp/ccRtE5f9.s:25     .text.watering_loop:00000000 watering_loop
     /tmp/ccRtE5f9.s:39     .rodata.Watering_Init.str1.4:00000000 $d
     /tmp/ccRtE5f9.s:43     .text.Watering_Init:00000000 $t
     /tmp/ccRtE5f9.s:49     .text.Watering_Init:00000000 Watering_Init
     /tmp/ccRtE5f9.s:101    .text.Watering_Init:0000003c $d
     /tmp/ccRtE5f9.s:173    .bss.xTask_Watering_Buffer:00000000 xTask_Watering_Buffer
     /tmp/ccRtE5f9.s:161    .bss.Watering_Stack:00000000 Watering_Stack
     /tmp/ccRtE5f9.s:167    .bss.xHandle_Watering:00000000 xHandle_Watering
     /tmp/ccRtE5f9.s:149    .bss.xQueue_Watering_Buffer:00000000 xQueue_Watering_Buffer
     /tmp/ccRtE5f9.s:143    .bss.QueueStorage:00000000 QueueStorage
     /tmp/ccRtE5f9.s:155    .bss.xQueue_Watering:00000000 xQueue_Watering
     /tmp/ccRtE5f9.s:113    .text.Watering_GetQueue:00000000 $t
     /tmp/ccRtE5f9.s:119    .text.Watering_GetQueue:00000000 Watering_GetQueue
     /tmp/ccRtE5f9.s:134    .text.Watering_GetQueue:00000008 $d
     /tmp/ccRtE5f9.s:140    .bss.QueueStorage:00000000 $d
     /tmp/ccRtE5f9.s:146    .bss.xQueue_Watering_Buffer:00000000 $d
     /tmp/ccRtE5f9.s:152    .bss.xQueue_Watering:00000000 $d
     /tmp/ccRtE5f9.s:158    .bss.Watering_Stack:00000000 $d
     /tmp/ccRtE5f9.s:164    .bss.xHandle_Watering:00000000 $d
     /tmp/ccRtE5f9.s:170    .bss.xTask_Watering_Buffer:00000000 $d

UNDEFINED SYMBOLS
xTaskCreateStatic
xQueueGenericCreateStatic
